<!doctype html public "-//w3c//dtd html 4.0 transitional//en">
<html><head>
<title>Static Call Graph - [.\keil_output\spifi_ngx_xplorer_4330\MassStorage_spifi_ngx_xplorer_4330.axf]</title></head>
<body><HR>
<H1>Static Call Graph for image .\keil_output\spifi_ngx_xplorer_4330\MassStorage_spifi_ngx_xplorer_4330.axf</H1><HR>
<BR><P>#&#060CALLGRAPH&#062# ARM Linker, 5.03 [Build 76]: Last Updated: Fri Jan 24 16:18:39 2014
<BR><P>
<H3>Maximum Stack Usage =        228 bytes + Unknown(Functions without stacksize, Cycles, Untraceable Function Pointers)</H3><H3>
Call chain for Maximum Stack Depth:</H3>
__rt_entry_main &rArr; main &rArr; MS_Device_USBTask &rArr; MS_Device_ReturnCommandStatus &rArr; USB_USBTask &rArr; USB_Device_ProcessControlRequest &rArr; USB_Device_SetConfiguration &rArr; EVENT_USB_Device_ConfigurationChanged &rArr; MS_Device_ConfigureEndpoints &rArr; Endpoint_ConfigureEndpoint &rArr; DcdDataTransfer &rArr; __aeabi_memclr4
<P>
<H3>
Functions with no stack information
</H3><UL>
 <LI><a href="#[55]">__user_initial_stackheap</a>
</UL>
</UL>
<P>
<H3>
Mutually Recursive functions
</H3> <LI><a href="#[4]">NMI_Handler</a>&nbsp;&nbsp;&nbsp;&rArr;&nbsp;&nbsp;&nbsp;<a href="#[4]">NMI_Handler</a><BR>
 <LI><a href="#[5]">HardFault_Handler</a>&nbsp;&nbsp;&nbsp;&rArr;&nbsp;&nbsp;&nbsp;<a href="#[5]">HardFault_Handler</a><BR>
 <LI><a href="#[6]">MemManage_Handler</a>&nbsp;&nbsp;&nbsp;&rArr;&nbsp;&nbsp;&nbsp;<a href="#[6]">MemManage_Handler</a><BR>
 <LI><a href="#[7]">BusFault_Handler</a>&nbsp;&nbsp;&nbsp;&rArr;&nbsp;&nbsp;&nbsp;<a href="#[7]">BusFault_Handler</a><BR>
 <LI><a href="#[8]">UsageFault_Handler</a>&nbsp;&nbsp;&nbsp;&rArr;&nbsp;&nbsp;&nbsp;<a href="#[8]">UsageFault_Handler</a><BR>
 <LI><a href="#[a]">SVC_Handler</a>&nbsp;&nbsp;&nbsp;&rArr;&nbsp;&nbsp;&nbsp;<a href="#[a]">SVC_Handler</a><BR>
 <LI><a href="#[b]">DebugMon_Handler</a>&nbsp;&nbsp;&nbsp;&rArr;&nbsp;&nbsp;&nbsp;<a href="#[b]">DebugMon_Handler</a><BR>
 <LI><a href="#[c]">PendSV_Handler</a>&nbsp;&nbsp;&nbsp;&rArr;&nbsp;&nbsp;&nbsp;<a href="#[c]">PendSV_Handler</a><BR>
 <LI><a href="#[d]">SysTick_Handler</a>&nbsp;&nbsp;&nbsp;&rArr;&nbsp;&nbsp;&nbsp;<a href="#[d]">SysTick_Handler</a><BR>
 <LI><a href="#[9]">UnHandled_Vector</a>&nbsp;&nbsp;&nbsp;&rArr;&nbsp;&nbsp;&nbsp;<a href="#[9]">UnHandled_Vector</a><BR>
 <LI><a href="#[1e]">ADC0_IRQHandler</a>&nbsp;&nbsp;&nbsp;&rArr;&nbsp;&nbsp;&nbsp;<a href="#[1e]">ADC0_IRQHandler</a><BR>
 <LI><a href="#[60]">Chip_Clock_GetMainPLLHz</a>&nbsp;&nbsp;&nbsp;&rArr;&nbsp;&nbsp;&nbsp;<a href="#[5f]">Chip_Clock_GetClockInputHz</a><BR>
 <LI><a href="#[61]">Chip_Clock_GetDivRate</a>&nbsp;&nbsp;&nbsp;&rArr;&nbsp;&nbsp;&nbsp;<a href="#[5f]">Chip_Clock_GetClockInputHz</a><BR>
 <LI><a href="#[51]">_sys_exit</a>&nbsp;&nbsp;&nbsp;&rArr;&nbsp;&nbsp;&nbsp;<a href="#[51]">_sys_exit</a><BR>
</UL>
<P>
<H3>
Function Pointers
</H3><UL>
 <LI><a href="#[1e]">ADC0_IRQHandler</a> from keil_startup_lpc18xx43xx.o(.text) referenced from keil_startup_lpc18xx43xx.o(RESET)
 <LI><a href="#[22]">ADC1_IRQHandler</a> from keil_startup_lpc18xx43xx.o(.text) referenced from keil_startup_lpc18xx43xx.o(RESET)
 <LI><a href="#[3a]">ATIMER_IRQHandler</a> from keil_startup_lpc18xx43xx.o(.text) referenced from keil_startup_lpc18xx43xx.o(RESET)
 <LI><a href="#[7]">BusFault_Handler</a> from keil_startup_lpc18xx43xx.o(.text) referenced from keil_startup_lpc18xx43xx.o(RESET)
 <LI><a href="#[3d]">CAN0_IRQHandler</a> from keil_startup_lpc18xx43xx.o(.text) referenced from keil_startup_lpc18xx43xx.o(RESET)
 <LI><a href="#[38]">CAN1_IRQHandler</a> from keil_startup_lpc18xx43xx.o(.text) referenced from keil_startup_lpc18xx43xx.o(RESET)
 <LI><a href="#[e]">DAC_IRQHandler</a> from keil_startup_lpc18xx43xx.o(.text) referenced from keil_startup_lpc18xx43xx.o(RESET)
 <LI><a href="#[10]">DMA_IRQHandler</a> from keil_startup_lpc18xx43xx.o(.text) referenced from keil_startup_lpc18xx43xx.o(RESET)
 <LI><a href="#[b]">DebugMon_Handler</a> from keil_startup_lpc18xx43xx.o(.text) referenced from keil_startup_lpc18xx43xx.o(RESET)
 <LI><a href="#[12]">ETH_IRQHandler</a> from keil_startup_lpc18xx43xx.o(.text) referenced from keil_startup_lpc18xx43xx.o(RESET)
 <LI><a href="#[37]">EVRT_IRQHandler</a> from keil_startup_lpc18xx43xx.o(.text) referenced from keil_startup_lpc18xx43xx.o(RESET)
 <LI><a href="#[11]">FLASHEEPROM_IRQHandler</a> from keil_startup_lpc18xx43xx.o(.text) referenced from keil_startup_lpc18xx43xx.o(RESET)
 <LI><a href="#[35]">GINT0_IRQHandler</a> from keil_startup_lpc18xx43xx.o(.text) referenced from keil_startup_lpc18xx43xx.o(RESET)
 <LI><a href="#[36]">GINT1_IRQHandler</a> from keil_startup_lpc18xx43xx.o(.text) referenced from keil_startup_lpc18xx43xx.o(RESET)
 <LI><a href="#[2d]">GPIO0_IRQHandler</a> from board_ngx_xplorer_18304330.o(i.GPIO0_IRQHandler) referenced from keil_startup_lpc18xx43xx.o(RESET)
 <LI><a href="#[2e]">GPIO1_IRQHandler</a> from keil_startup_lpc18xx43xx.o(.text) referenced from keil_startup_lpc18xx43xx.o(RESET)
 <LI><a href="#[2f]">GPIO2_IRQHandler</a> from keil_startup_lpc18xx43xx.o(.text) referenced from keil_startup_lpc18xx43xx.o(RESET)
 <LI><a href="#[30]">GPIO3_IRQHandler</a> from keil_startup_lpc18xx43xx.o(.text) referenced from keil_startup_lpc18xx43xx.o(RESET)
 <LI><a href="#[31]">GPIO4_IRQHandler</a> from keil_startup_lpc18xx43xx.o(.text) referenced from keil_startup_lpc18xx43xx.o(RESET)
 <LI><a href="#[32]">GPIO5_IRQHandler</a> from keil_startup_lpc18xx43xx.o(.text) referenced from keil_startup_lpc18xx43xx.o(RESET)
 <LI><a href="#[33]">GPIO6_IRQHandler</a> from keil_startup_lpc18xx43xx.o(.text) referenced from keil_startup_lpc18xx43xx.o(RESET)
 <LI><a href="#[34]">GPIO7_IRQHandler</a> from keil_startup_lpc18xx43xx.o(.text) referenced from keil_startup_lpc18xx43xx.o(RESET)
 <LI><a href="#[5]">HardFault_Handler</a> from keil_startup_lpc18xx43xx.o(.text) referenced from keil_startup_lpc18xx43xx.o(RESET)
 <LI><a href="#[1f]">I2C0_IRQHandler</a> from keil_startup_lpc18xx43xx.o(.text) referenced from keil_startup_lpc18xx43xx.o(RESET)
 <LI><a href="#[20]">I2C1_IRQHandler</a> from keil_startup_lpc18xx43xx.o(.text) referenced from keil_startup_lpc18xx43xx.o(RESET)
 <LI><a href="#[29]">I2S0_IRQHandler</a> from keil_startup_lpc18xx43xx.o(.text) referenced from keil_startup_lpc18xx43xx.o(RESET)
 <LI><a href="#[2a]">I2S1_IRQHandler</a> from keil_startup_lpc18xx43xx.o(.text) referenced from keil_startup_lpc18xx43xx.o(RESET)
 <LI><a href="#[14]">LCD_IRQHandler</a> from keil_startup_lpc18xx43xx.o(.text) referenced from keil_startup_lpc18xx43xx.o(RESET)
 <LI><a href="#[1d]">MCPWM_IRQHandler</a> from keil_startup_lpc18xx43xx.o(.text) referenced from keil_startup_lpc18xx43xx.o(RESET)
 <LI><a href="#[f]">MX_CORE_IRQHandler</a> from keil_startup_lpc18xx43xx.o(.text) referenced from keil_startup_lpc18xx43xx.o(RESET)
 <LI><a href="#[6]">MemManage_Handler</a> from keil_startup_lpc18xx43xx.o(.text) referenced from keil_startup_lpc18xx43xx.o(RESET)
 <LI><a href="#[4]">NMI_Handler</a> from keil_startup_lpc18xx43xx.o(.text) referenced from keil_startup_lpc18xx43xx.o(RESET)
 <LI><a href="#[c]">PendSV_Handler</a> from keil_startup_lpc18xx43xx.o(.text) referenced from keil_startup_lpc18xx43xx.o(RESET)
 <LI><a href="#[3e]">QEI_IRQHandler</a> from keil_startup_lpc18xx43xx.o(.text) referenced from keil_startup_lpc18xx43xx.o(RESET)
 <LI><a href="#[18]">RIT_IRQHandler</a> from keil_startup_lpc18xx43xx.o(.text) referenced from keil_startup_lpc18xx43xx.o(RESET)
 <LI><a href="#[3b]">RTC_IRQHandler</a> from keil_startup_lpc18xx43xx.o(.text) referenced from keil_startup_lpc18xx43xx.o(RESET)
 <LI><a href="#[3]">Reset_Handler</a> from keil_startup_lpc18xx43xx.o(.text) referenced from keil_startup_lpc18xx43xx.o(RESET)
 <LI><a href="#[17]">SCT_IRQHandler</a> from keil_startup_lpc18xx43xx.o(.text) referenced from keil_startup_lpc18xx43xx.o(RESET)
 <LI><a href="#[13]">SDIO_IRQHandler</a> from keil_startup_lpc18xx43xx.o(.text) referenced from keil_startup_lpc18xx43xx.o(RESET)
 <LI><a href="#[2c]">SGPIO_IRQHandler</a> from keil_startup_lpc18xx43xx.o(.text) referenced from keil_startup_lpc18xx43xx.o(RESET)
 <LI><a href="#[2b]">SPIFI_IRQHandler</a> from keil_startup_lpc18xx43xx.o(.text) referenced from keil_startup_lpc18xx43xx.o(RESET)
 <LI><a href="#[21]">SPI_IRQHandler</a> from keil_startup_lpc18xx43xx.o(.text) referenced from keil_startup_lpc18xx43xx.o(RESET)
 <LI><a href="#[23]">SSP0_IRQHandler</a> from keil_startup_lpc18xx43xx.o(.text) referenced from keil_startup_lpc18xx43xx.o(RESET)
 <LI><a href="#[24]">SSP1_IRQHandler</a> from keil_startup_lpc18xx43xx.o(.text) referenced from keil_startup_lpc18xx43xx.o(RESET)
 <LI><a href="#[a]">SVC_Handler</a> from keil_startup_lpc18xx43xx.o(.text) referenced from keil_startup_lpc18xx43xx.o(RESET)
 <LI><a href="#[d]">SysTick_Handler</a> from keil_startup_lpc18xx43xx.o(.text) referenced from keil_startup_lpc18xx43xx.o(RESET)
 <LI><a href="#[3f]">SystemInit</a> from sysinit_ngx_xplorer_18304330.o(i.SystemInit) referenced from keil_startup_lpc18xx43xx.o(.text)
 <LI><a href="#[19]">TIMER0_IRQHandler</a> from keil_startup_lpc18xx43xx.o(.text) referenced from keil_startup_lpc18xx43xx.o(RESET)
 <LI><a href="#[1a]">TIMER1_IRQHandler</a> from keil_startup_lpc18xx43xx.o(.text) referenced from keil_startup_lpc18xx43xx.o(RESET)
 <LI><a href="#[1b]">TIMER2_IRQHandler</a> from keil_startup_lpc18xx43xx.o(.text) referenced from keil_startup_lpc18xx43xx.o(RESET)
 <LI><a href="#[1c]">TIMER3_IRQHandler</a> from keil_startup_lpc18xx43xx.o(.text) referenced from keil_startup_lpc18xx43xx.o(RESET)
 <LI><a href="#[25]">UART0_IRQHandler</a> from keil_startup_lpc18xx43xx.o(.text) referenced from keil_startup_lpc18xx43xx.o(RESET)
 <LI><a href="#[26]">UART1_IRQHandler</a> from keil_startup_lpc18xx43xx.o(.text) referenced from keil_startup_lpc18xx43xx.o(RESET)
 <LI><a href="#[27]">UART2_IRQHandler</a> from keil_startup_lpc18xx43xx.o(.text) referenced from keil_startup_lpc18xx43xx.o(RESET)
 <LI><a href="#[28]">UART3_IRQHandler</a> from keil_startup_lpc18xx43xx.o(.text) referenced from keil_startup_lpc18xx43xx.o(RESET)
 <LI><a href="#[15]">USB0_IRQHandler</a> from hal_lpc18xx.o(i.USB0_IRQHandler) referenced from keil_startup_lpc18xx43xx.o(RESET)
 <LI><a href="#[16]">USB1_IRQHandler</a> from hal_lpc18xx.o(i.USB1_IRQHandler) referenced from keil_startup_lpc18xx43xx.o(RESET)
 <LI><a href="#[9]">UnHandled_Vector</a> from keil_startup_lpc18xx43xx.o(.text) referenced 8 times from keil_startup_lpc18xx43xx.o(RESET)
 <LI><a href="#[8]">UsageFault_Handler</a> from keil_startup_lpc18xx43xx.o(.text) referenced from keil_startup_lpc18xx43xx.o(RESET)
 <LI><a href="#[39]">VADC_IRQHandler</a> from keil_startup_lpc18xx43xx.o(.text) referenced from keil_startup_lpc18xx43xx.o(RESET)
 <LI><a href="#[3c]">WDT_IRQHandler</a> from keil_startup_lpc18xx43xx.o(.text) referenced from keil_startup_lpc18xx43xx.o(RESET)
 <LI><a href="#[41]">__main</a> from __main.o(!!!main) referenced from keil_startup_lpc18xx43xx.o(.text)
</UL>
<P>
<H3>
Global Symbols
</H3>
<P><STRONG><a name="[41]"></a>__main</STRONG> (Thumb, 8 bytes, Stack size 0 bytes, __main.o(!!!main))
<BR><BR>[Calls]<UL><LI><a href="#[43]">&gt;&gt;</a>&nbsp;&nbsp;&nbsp;__rt_entry
<LI><a href="#[42]">&gt;&gt;</a>&nbsp;&nbsp;&nbsp;__scatterload
</UL>

<P><STRONG><a name="[42]"></a>__scatterload</STRONG> (Thumb, 0 bytes, Stack size unknown bytes, __scatter.o(!!!scatter))
<BR><BR>[Called By]<UL><LI><a href="#[41]">&gt;&gt;</a>&nbsp;&nbsp;&nbsp;__main
</UL>

<P><STRONG><a name="[44]"></a>__scatterload_rt2</STRONG> (Thumb, 44 bytes, Stack size unknown bytes, __scatter.o(!!!scatter), UNUSED)
<BR><BR>[Calls]<UL><LI><a href="#[43]">&gt;&gt;</a>&nbsp;&nbsp;&nbsp;__rt_entry
</UL>

<P><STRONG><a name="[a4]"></a>__scatterload_rt2_thumb_only</STRONG> (Thumb, 0 bytes, Stack size unknown bytes, __scatter.o(!!!scatter), UNUSED)

<P><STRONG><a name="[a5]"></a>__scatterload_null</STRONG> (Thumb, 0 bytes, Stack size unknown bytes, __scatter.o(!!!scatter), UNUSED)

<P><STRONG><a name="[a6]"></a>__decompress</STRONG> (Thumb, 90 bytes, Stack size unknown bytes, __dczerorl2.o(!!dczerorl2), UNUSED)

<P><STRONG><a name="[a7]"></a>__decompress1</STRONG> (Thumb, 0 bytes, Stack size unknown bytes, __dczerorl2.o(!!dczerorl2), UNUSED)

<P><STRONG><a name="[a8]"></a>__scatterload_zeroinit</STRONG> (Thumb, 28 bytes, Stack size unknown bytes, __scatter_zi.o(!!handler_zi), UNUSED)

<P><STRONG><a name="[4a]"></a>__rt_lib_init</STRONG> (Thumb, 0 bytes, Stack size unknown bytes, libinit.o(.ARM.Collect$$libinit$$00000000))
<BR><BR>[Called By]<UL><LI><a href="#[49]">&gt;&gt;</a>&nbsp;&nbsp;&nbsp;__rt_entry_li
</UL>

<P><STRONG><a name="[45]"></a>__rt_lib_init_fp_1</STRONG> (Thumb, 0 bytes, Stack size unknown bytes, libinit2.o(.ARM.Collect$$libinit$$00000001))
<BR><BR>[Calls]<UL><LI><a href="#[46]">&gt;&gt;</a>&nbsp;&nbsp;&nbsp;_fp_init
</UL>

<P><STRONG><a name="[a9]"></a>__rt_lib_init_alloca_1</STRONG> (Thumb, 0 bytes, Stack size unknown bytes, libinit2.o(.ARM.Collect$$libinit$$0000002C))

<P><STRONG><a name="[aa]"></a>__rt_lib_init_argv_1</STRONG> (Thumb, 0 bytes, Stack size unknown bytes, libinit2.o(.ARM.Collect$$libinit$$0000002A))

<P><STRONG><a name="[ab]"></a>__rt_lib_init_atexit_1</STRONG> (Thumb, 0 bytes, Stack size unknown bytes, libinit2.o(.ARM.Collect$$libinit$$00000019))

<P><STRONG><a name="[ac]"></a>__rt_lib_init_clock_1</STRONG> (Thumb, 0 bytes, Stack size unknown bytes, libinit2.o(.ARM.Collect$$libinit$$0000001F))

<P><STRONG><a name="[ad]"></a>__rt_lib_init_cpp_1</STRONG> (Thumb, 0 bytes, Stack size unknown bytes, libinit2.o(.ARM.Collect$$libinit$$00000030))

<P><STRONG><a name="[ae]"></a>__rt_lib_init_exceptions_1</STRONG> (Thumb, 0 bytes, Stack size unknown bytes, libinit2.o(.ARM.Collect$$libinit$$0000002E))

<P><STRONG><a name="[af]"></a>__rt_lib_init_fp_trap_1</STRONG> (Thumb, 0 bytes, Stack size unknown bytes, libinit2.o(.ARM.Collect$$libinit$$0000001D))

<P><STRONG><a name="[b0]"></a>__rt_lib_init_getenv_1</STRONG> (Thumb, 0 bytes, Stack size unknown bytes, libinit2.o(.ARM.Collect$$libinit$$00000021))

<P><STRONG><a name="[b1]"></a>__rt_lib_init_heap_1</STRONG> (Thumb, 0 bytes, Stack size unknown bytes, libinit2.o(.ARM.Collect$$libinit$$00000008))

<P><STRONG><a name="[b2]"></a>__rt_lib_init_lc_collate_1</STRONG> (Thumb, 0 bytes, Stack size unknown bytes, libinit2.o(.ARM.Collect$$libinit$$0000000F))

<P><STRONG><a name="[b3]"></a>__rt_lib_init_lc_ctype_1</STRONG> (Thumb, 0 bytes, Stack size unknown bytes, libinit2.o(.ARM.Collect$$libinit$$00000011))

<P><STRONG><a name="[b4]"></a>__rt_lib_init_lc_monetary_1</STRONG> (Thumb, 0 bytes, Stack size unknown bytes, libinit2.o(.ARM.Collect$$libinit$$00000013))

<P><STRONG><a name="[b5]"></a>__rt_lib_init_lc_numeric_1</STRONG> (Thumb, 0 bytes, Stack size unknown bytes, libinit2.o(.ARM.Collect$$libinit$$00000015))

<P><STRONG><a name="[b6]"></a>__rt_lib_init_lc_time_1</STRONG> (Thumb, 0 bytes, Stack size unknown bytes, libinit2.o(.ARM.Collect$$libinit$$00000017))

<P><STRONG><a name="[b7]"></a>__rt_lib_init_rand_1</STRONG> (Thumb, 0 bytes, Stack size unknown bytes, libinit2.o(.ARM.Collect$$libinit$$0000000C))

<P><STRONG><a name="[b8]"></a>__rt_lib_init_return</STRONG> (Thumb, 0 bytes, Stack size unknown bytes, libinit2.o(.ARM.Collect$$libinit$$00000031))

<P><STRONG><a name="[b9]"></a>__rt_lib_init_signal_1</STRONG> (Thumb, 0 bytes, Stack size unknown bytes, libinit2.o(.ARM.Collect$$libinit$$0000001B))

<P><STRONG><a name="[ba]"></a>__rt_lib_init_stdio_1</STRONG> (Thumb, 0 bytes, Stack size unknown bytes, libinit2.o(.ARM.Collect$$libinit$$00000023))

<P><STRONG><a name="[bb]"></a>__rt_lib_init_user_alloc_1</STRONG> (Thumb, 0 bytes, Stack size unknown bytes, libinit2.o(.ARM.Collect$$libinit$$0000000A))

<P><STRONG><a name="[4f]"></a>__rt_lib_shutdown</STRONG> (Thumb, 0 bytes, Stack size unknown bytes, libshutdown.o(.ARM.Collect$$libshutdown$$00000000))
<BR><BR>[Called By]<UL><LI><a href="#[4e]">&gt;&gt;</a>&nbsp;&nbsp;&nbsp;__rt_exit_ls
</UL>

<P><STRONG><a name="[bc]"></a>__rt_lib_shutdown_fp_trap_1</STRONG> (Thumb, 0 bytes, Stack size unknown bytes, libshutdown2.o(.ARM.Collect$$libshutdown$$00000006))

<P><STRONG><a name="[bd]"></a>__rt_lib_shutdown_heap_1</STRONG> (Thumb, 0 bytes, Stack size unknown bytes, libshutdown2.o(.ARM.Collect$$libshutdown$$0000000E))

<P><STRONG><a name="[be]"></a>__rt_lib_shutdown_return</STRONG> (Thumb, 0 bytes, Stack size unknown bytes, libshutdown2.o(.ARM.Collect$$libshutdown$$0000000F))

<P><STRONG><a name="[bf]"></a>__rt_lib_shutdown_signal_1</STRONG> (Thumb, 0 bytes, Stack size unknown bytes, libshutdown2.o(.ARM.Collect$$libshutdown$$00000009))

<P><STRONG><a name="[c0]"></a>__rt_lib_shutdown_stdio_1</STRONG> (Thumb, 0 bytes, Stack size unknown bytes, libshutdown2.o(.ARM.Collect$$libshutdown$$00000003))

<P><STRONG><a name="[c1]"></a>__rt_lib_shutdown_user_alloc_1</STRONG> (Thumb, 0 bytes, Stack size unknown bytes, libshutdown2.o(.ARM.Collect$$libshutdown$$0000000B))

<P><STRONG><a name="[43]"></a>__rt_entry</STRONG> (Thumb, 0 bytes, Stack size unknown bytes, rtentry.o(.ARM.Collect$$rtentry$$00000000))
<BR><BR>[Called By]<UL><LI><a href="#[41]">&gt;&gt;</a>&nbsp;&nbsp;&nbsp;__main
<LI><a href="#[44]">&gt;&gt;</a>&nbsp;&nbsp;&nbsp;__scatterload_rt2
</UL>

<P><STRONG><a name="[c2]"></a>__rt_entry_presh_1</STRONG> (Thumb, 0 bytes, Stack size unknown bytes, rtentry2.o(.ARM.Collect$$rtentry$$00000002))

<P><STRONG><a name="[47]"></a>__rt_entry_sh</STRONG> (Thumb, 0 bytes, Stack size unknown bytes, rtentry4.o(.ARM.Collect$$rtentry$$00000004))
<BR><BR>[Stack]<UL><LI>Max Depth = 8 + Unknown Stack Size
<LI>Call Chain = __rt_entry_sh &rArr; __user_setup_stackheap
</UL>
<BR>[Calls]<UL><LI><a href="#[48]">&gt;&gt;</a>&nbsp;&nbsp;&nbsp;__user_setup_stackheap
</UL>

<P><STRONG><a name="[49]"></a>__rt_entry_li</STRONG> (Thumb, 0 bytes, Stack size unknown bytes, rtentry2.o(.ARM.Collect$$rtentry$$0000000A))
<BR><BR>[Calls]<UL><LI><a href="#[4a]">&gt;&gt;</a>&nbsp;&nbsp;&nbsp;__rt_lib_init
</UL>

<P><STRONG><a name="[c3]"></a>__rt_entry_postsh_1</STRONG> (Thumb, 0 bytes, Stack size unknown bytes, rtentry2.o(.ARM.Collect$$rtentry$$00000009))

<P><STRONG><a name="[4b]"></a>__rt_entry_main</STRONG> (Thumb, 0 bytes, Stack size unknown bytes, rtentry2.o(.ARM.Collect$$rtentry$$0000000D))
<BR><BR>[Stack]<UL><LI>Max Depth = 228 + Unknown Stack Size
<LI>Call Chain = __rt_entry_main &rArr; main &rArr; MS_Device_USBTask &rArr; MS_Device_ReturnCommandStatus &rArr; USB_USBTask &rArr; USB_Device_ProcessControlRequest &rArr; USB_Device_SetConfiguration &rArr; EVENT_USB_Device_ConfigurationChanged &rArr; MS_Device_ConfigureEndpoints &rArr; Endpoint_ConfigureEndpoint &rArr; DcdDataTransfer &rArr; __aeabi_memclr4
</UL>
<BR>[Calls]<UL><LI><a href="#[4c]">&gt;&gt;</a>&nbsp;&nbsp;&nbsp;main
<LI><a href="#[4d]">&gt;&gt;</a>&nbsp;&nbsp;&nbsp;exit
</UL>

<P><STRONG><a name="[c4]"></a>__rt_entry_postli_1</STRONG> (Thumb, 0 bytes, Stack size unknown bytes, rtentry2.o(.ARM.Collect$$rtentry$$0000000C))

<P><STRONG><a name="[56]"></a>__rt_exit</STRONG> (Thumb, 0 bytes, Stack size unknown bytes, rtexit.o(.ARM.Collect$$rtexit$$00000000))
<BR><BR>[Called By]<UL><LI><a href="#[4d]">&gt;&gt;</a>&nbsp;&nbsp;&nbsp;exit
</UL>

<P><STRONG><a name="[4e]"></a>__rt_exit_ls</STRONG> (Thumb, 0 bytes, Stack size unknown bytes, rtexit2.o(.ARM.Collect$$rtexit$$00000003))
<BR><BR>[Calls]<UL><LI><a href="#[4f]">&gt;&gt;</a>&nbsp;&nbsp;&nbsp;__rt_lib_shutdown
</UL>

<P><STRONG><a name="[c5]"></a>__rt_exit_prels_1</STRONG> (Thumb, 0 bytes, Stack size unknown bytes, rtexit2.o(.ARM.Collect$$rtexit$$00000002))

<P><STRONG><a name="[50]"></a>__rt_exit_exit</STRONG> (Thumb, 0 bytes, Stack size unknown bytes, rtexit2.o(.ARM.Collect$$rtexit$$00000004))
<BR><BR>[Calls]<UL><LI><a href="#[51]">&gt;&gt;</a>&nbsp;&nbsp;&nbsp;_sys_exit
</UL>

<P><STRONG><a name="[3]"></a>Reset_Handler</STRONG> (Thumb, 8 bytes, Stack size 0 bytes, keil_startup_lpc18xx43xx.o(.text))
<BR>[Address Reference Count : 1]<UL><LI> keil_startup_lpc18xx43xx.o(RESET)
</UL>
<P><STRONG><a name="[4]"></a>NMI_Handler</STRONG> (Thumb, 2 bytes, Stack size 0 bytes, keil_startup_lpc18xx43xx.o(.text))
<BR><BR>[Calls]<UL><LI><a href="#[4]">&gt;&gt;</a>&nbsp;&nbsp;&nbsp;NMI_Handler
</UL>
<BR>[Called By]<UL><LI><a href="#[4]">&gt;&gt;</a>&nbsp;&nbsp;&nbsp;NMI_Handler
</UL>
<BR>[Address Reference Count : 1]<UL><LI> keil_startup_lpc18xx43xx.o(RESET)
</UL>
<P><STRONG><a name="[5]"></a>HardFault_Handler</STRONG> (Thumb, 2 bytes, Stack size 0 bytes, keil_startup_lpc18xx43xx.o(.text))
<BR><BR>[Calls]<UL><LI><a href="#[5]">&gt;&gt;</a>&nbsp;&nbsp;&nbsp;HardFault_Handler
</UL>
<BR>[Called By]<UL><LI><a href="#[5]">&gt;&gt;</a>&nbsp;&nbsp;&nbsp;HardFault_Handler
</UL>
<BR>[Address Reference Count : 1]<UL><LI> keil_startup_lpc18xx43xx.o(RESET)
</UL>
<P><STRONG><a name="[6]"></a>MemManage_Handler</STRONG> (Thumb, 2 bytes, Stack size 0 bytes, keil_startup_lpc18xx43xx.o(.text))
<BR><BR>[Calls]<UL><LI><a href="#[6]">&gt;&gt;</a>&nbsp;&nbsp;&nbsp;MemManage_Handler
</UL>
<BR>[Called By]<UL><LI><a href="#[6]">&gt;&gt;</a>&nbsp;&nbsp;&nbsp;MemManage_Handler
</UL>
<BR>[Address Reference Count : 1]<UL><LI> keil_startup_lpc18xx43xx.o(RESET)
</UL>
<P><STRONG><a name="[7]"></a>BusFault_Handler</STRONG> (Thumb, 2 bytes, Stack size 0 bytes, keil_startup_lpc18xx43xx.o(.text))
<BR><BR>[Calls]<UL><LI><a href="#[7]">&gt;&gt;</a>&nbsp;&nbsp;&nbsp;BusFault_Handler
</UL>
<BR>[Called By]<UL><LI><a href="#[7]">&gt;&gt;</a>&nbsp;&nbsp;&nbsp;BusFault_Handler
</UL>
<BR>[Address Reference Count : 1]<UL><LI> keil_startup_lpc18xx43xx.o(RESET)
</UL>
<P><STRONG><a name="[8]"></a>UsageFault_Handler</STRONG> (Thumb, 2 bytes, Stack size 0 bytes, keil_startup_lpc18xx43xx.o(.text))
<BR><BR>[Calls]<UL><LI><a href="#[8]">&gt;&gt;</a>&nbsp;&nbsp;&nbsp;UsageFault_Handler
</UL>
<BR>[Called By]<UL><LI><a href="#[8]">&gt;&gt;</a>&nbsp;&nbsp;&nbsp;UsageFault_Handler
</UL>
<BR>[Address Reference Count : 1]<UL><LI> keil_startup_lpc18xx43xx.o(RESET)
</UL>
<P><STRONG><a name="[a]"></a>SVC_Handler</STRONG> (Thumb, 2 bytes, Stack size 0 bytes, keil_startup_lpc18xx43xx.o(.text))
<BR><BR>[Calls]<UL><LI><a href="#[a]">&gt;&gt;</a>&nbsp;&nbsp;&nbsp;SVC_Handler
</UL>
<BR>[Called By]<UL><LI><a href="#[a]">&gt;&gt;</a>&nbsp;&nbsp;&nbsp;SVC_Handler
</UL>
<BR>[Address Reference Count : 1]<UL><LI> keil_startup_lpc18xx43xx.o(RESET)
</UL>
<P><STRONG><a name="[b]"></a>DebugMon_Handler</STRONG> (Thumb, 2 bytes, Stack size 0 bytes, keil_startup_lpc18xx43xx.o(.text))
<BR><BR>[Calls]<UL><LI><a href="#[b]">&gt;&gt;</a>&nbsp;&nbsp;&nbsp;DebugMon_Handler
</UL>
<BR>[Called By]<UL><LI><a href="#[b]">&gt;&gt;</a>&nbsp;&nbsp;&nbsp;DebugMon_Handler
</UL>
<BR>[Address Reference Count : 1]<UL><LI> keil_startup_lpc18xx43xx.o(RESET)
</UL>
<P><STRONG><a name="[c]"></a>PendSV_Handler</STRONG> (Thumb, 2 bytes, Stack size 0 bytes, keil_startup_lpc18xx43xx.o(.text))
<BR><BR>[Calls]<UL><LI><a href="#[c]">&gt;&gt;</a>&nbsp;&nbsp;&nbsp;PendSV_Handler
</UL>
<BR>[Called By]<UL><LI><a href="#[c]">&gt;&gt;</a>&nbsp;&nbsp;&nbsp;PendSV_Handler
</UL>
<BR>[Address Reference Count : 1]<UL><LI> keil_startup_lpc18xx43xx.o(RESET)
</UL>
<P><STRONG><a name="[d]"></a>SysTick_Handler</STRONG> (Thumb, 2 bytes, Stack size 0 bytes, keil_startup_lpc18xx43xx.o(.text))
<BR><BR>[Calls]<UL><LI><a href="#[d]">&gt;&gt;</a>&nbsp;&nbsp;&nbsp;SysTick_Handler
</UL>
<BR>[Called By]<UL><LI><a href="#[d]">&gt;&gt;</a>&nbsp;&nbsp;&nbsp;SysTick_Handler
</UL>
<BR>[Address Reference Count : 1]<UL><LI> keil_startup_lpc18xx43xx.o(RESET)
</UL>
<P><STRONG><a name="[9]"></a>UnHandled_Vector</STRONG> (Thumb, 2 bytes, Stack size 0 bytes, keil_startup_lpc18xx43xx.o(.text))
<BR><BR>[Calls]<UL><LI><a href="#[9]">&gt;&gt;</a>&nbsp;&nbsp;&nbsp;UnHandled_Vector
</UL>
<BR>[Called By]<UL><LI><a href="#[9]">&gt;&gt;</a>&nbsp;&nbsp;&nbsp;UnHandled_Vector
</UL>
<BR>[Address Reference Count : 1]<UL><LI> keil_startup_lpc18xx43xx.o(RESET)
</UL>
<P><STRONG><a name="[1e]"></a>ADC0_IRQHandler</STRONG> (Thumb, 0 bytes, Stack size 0 bytes, keil_startup_lpc18xx43xx.o(.text))
<BR><BR>[Calls]<UL><LI><a href="#[1e]">&gt;&gt;</a>&nbsp;&nbsp;&nbsp;ADC0_IRQHandler
</UL>
<BR>[Called By]<UL><LI><a href="#[1e]">&gt;&gt;</a>&nbsp;&nbsp;&nbsp;ADC0_IRQHandler
</UL>
<BR>[Address Reference Count : 1]<UL><LI> keil_startup_lpc18xx43xx.o(RESET)
</UL>
<P><STRONG><a name="[22]"></a>ADC1_IRQHandler</STRONG> (Thumb, 0 bytes, Stack size 0 bytes, keil_startup_lpc18xx43xx.o(.text))
<BR>[Address Reference Count : 1]<UL><LI> keil_startup_lpc18xx43xx.o(RESET)
</UL>
<P><STRONG><a name="[3a]"></a>ATIMER_IRQHandler</STRONG> (Thumb, 0 bytes, Stack size 0 bytes, keil_startup_lpc18xx43xx.o(.text))
<BR>[Address Reference Count : 1]<UL><LI> keil_startup_lpc18xx43xx.o(RESET)
</UL>
<P><STRONG><a name="[3d]"></a>CAN0_IRQHandler</STRONG> (Thumb, 0 bytes, Stack size 0 bytes, keil_startup_lpc18xx43xx.o(.text))
<BR>[Address Reference Count : 1]<UL><LI> keil_startup_lpc18xx43xx.o(RESET)
</UL>
<P><STRONG><a name="[38]"></a>CAN1_IRQHandler</STRONG> (Thumb, 0 bytes, Stack size 0 bytes, keil_startup_lpc18xx43xx.o(.text))
<BR>[Address Reference Count : 1]<UL><LI> keil_startup_lpc18xx43xx.o(RESET)
</UL>
<P><STRONG><a name="[e]"></a>DAC_IRQHandler</STRONG> (Thumb, 0 bytes, Stack size 0 bytes, keil_startup_lpc18xx43xx.o(.text))
<BR>[Address Reference Count : 1]<UL><LI> keil_startup_lpc18xx43xx.o(RESET)
</UL>
<P><STRONG><a name="[10]"></a>DMA_IRQHandler</STRONG> (Thumb, 0 bytes, Stack size 0 bytes, keil_startup_lpc18xx43xx.o(.text))
<BR>[Address Reference Count : 1]<UL><LI> keil_startup_lpc18xx43xx.o(RESET)
</UL>
<P><STRONG><a name="[12]"></a>ETH_IRQHandler</STRONG> (Thumb, 0 bytes, Stack size 0 bytes, keil_startup_lpc18xx43xx.o(.text))
<BR>[Address Reference Count : 1]<UL><LI> keil_startup_lpc18xx43xx.o(RESET)
</UL>
<P><STRONG><a name="[37]"></a>EVRT_IRQHandler</STRONG> (Thumb, 0 bytes, Stack size 0 bytes, keil_startup_lpc18xx43xx.o(.text))
<BR>[Address Reference Count : 1]<UL><LI> keil_startup_lpc18xx43xx.o(RESET)
</UL>
<P><STRONG><a name="[11]"></a>FLASHEEPROM_IRQHandler</STRONG> (Thumb, 0 bytes, Stack size 0 bytes, keil_startup_lpc18xx43xx.o(.text))
<BR>[Address Reference Count : 1]<UL><LI> keil_startup_lpc18xx43xx.o(RESET)
</UL>
<P><STRONG><a name="[35]"></a>GINT0_IRQHandler</STRONG> (Thumb, 0 bytes, Stack size 0 bytes, keil_startup_lpc18xx43xx.o(.text))
<BR>[Address Reference Count : 1]<UL><LI> keil_startup_lpc18xx43xx.o(RESET)
</UL>
<P><STRONG><a name="[36]"></a>GINT1_IRQHandler</STRONG> (Thumb, 0 bytes, Stack size 0 bytes, keil_startup_lpc18xx43xx.o(.text))
<BR>[Address Reference Count : 1]<UL><LI> keil_startup_lpc18xx43xx.o(RESET)
</UL>
<P><STRONG><a name="[2e]"></a>GPIO1_IRQHandler</STRONG> (Thumb, 0 bytes, Stack size 0 bytes, keil_startup_lpc18xx43xx.o(.text))
<BR>[Address Reference Count : 1]<UL><LI> keil_startup_lpc18xx43xx.o(RESET)
</UL>
<P><STRONG><a name="[2f]"></a>GPIO2_IRQHandler</STRONG> (Thumb, 0 bytes, Stack size 0 bytes, keil_startup_lpc18xx43xx.o(.text))
<BR>[Address Reference Count : 1]<UL><LI> keil_startup_lpc18xx43xx.o(RESET)
</UL>
<P><STRONG><a name="[30]"></a>GPIO3_IRQHandler</STRONG> (Thumb, 0 bytes, Stack size 0 bytes, keil_startup_lpc18xx43xx.o(.text))
<BR>[Address Reference Count : 1]<UL><LI> keil_startup_lpc18xx43xx.o(RESET)
</UL>
<P><STRONG><a name="[31]"></a>GPIO4_IRQHandler</STRONG> (Thumb, 0 bytes, Stack size 0 bytes, keil_startup_lpc18xx43xx.o(.text))
<BR>[Address Reference Count : 1]<UL><LI> keil_startup_lpc18xx43xx.o(RESET)
</UL>
<P><STRONG><a name="[32]"></a>GPIO5_IRQHandler</STRONG> (Thumb, 0 bytes, Stack size 0 bytes, keil_startup_lpc18xx43xx.o(.text))
<BR>[Address Reference Count : 1]<UL><LI> keil_startup_lpc18xx43xx.o(RESET)
</UL>
<P><STRONG><a name="[33]"></a>GPIO6_IRQHandler</STRONG> (Thumb, 0 bytes, Stack size 0 bytes, keil_startup_lpc18xx43xx.o(.text))
<BR>[Address Reference Count : 1]<UL><LI> keil_startup_lpc18xx43xx.o(RESET)
</UL>
<P><STRONG><a name="[34]"></a>GPIO7_IRQHandler</STRONG> (Thumb, 0 bytes, Stack size 0 bytes, keil_startup_lpc18xx43xx.o(.text))
<BR>[Address Reference Count : 1]<UL><LI> keil_startup_lpc18xx43xx.o(RESET)
</UL>
<P><STRONG><a name="[1f]"></a>I2C0_IRQHandler</STRONG> (Thumb, 0 bytes, Stack size 0 bytes, keil_startup_lpc18xx43xx.o(.text))
<BR>[Address Reference Count : 1]<UL><LI> keil_startup_lpc18xx43xx.o(RESET)
</UL>
<P><STRONG><a name="[20]"></a>I2C1_IRQHandler</STRONG> (Thumb, 0 bytes, Stack size 0 bytes, keil_startup_lpc18xx43xx.o(.text))
<BR>[Address Reference Count : 1]<UL><LI> keil_startup_lpc18xx43xx.o(RESET)
</UL>
<P><STRONG><a name="[29]"></a>I2S0_IRQHandler</STRONG> (Thumb, 0 bytes, Stack size 0 bytes, keil_startup_lpc18xx43xx.o(.text))
<BR>[Address Reference Count : 1]<UL><LI> keil_startup_lpc18xx43xx.o(RESET)
</UL>
<P><STRONG><a name="[2a]"></a>I2S1_IRQHandler</STRONG> (Thumb, 0 bytes, Stack size 0 bytes, keil_startup_lpc18xx43xx.o(.text))
<BR>[Address Reference Count : 1]<UL><LI> keil_startup_lpc18xx43xx.o(RESET)
</UL>
<P><STRONG><a name="[14]"></a>LCD_IRQHandler</STRONG> (Thumb, 0 bytes, Stack size 0 bytes, keil_startup_lpc18xx43xx.o(.text))
<BR>[Address Reference Count : 1]<UL><LI> keil_startup_lpc18xx43xx.o(RESET)
</UL>
<P><STRONG><a name="[1d]"></a>MCPWM_IRQHandler</STRONG> (Thumb, 0 bytes, Stack size 0 bytes, keil_startup_lpc18xx43xx.o(.text))
<BR>[Address Reference Count : 1]<UL><LI> keil_startup_lpc18xx43xx.o(RESET)
</UL>
<P><STRONG><a name="[f]"></a>MX_CORE_IRQHandler</STRONG> (Thumb, 0 bytes, Stack size 0 bytes, keil_startup_lpc18xx43xx.o(.text))
<BR>[Address Reference Count : 1]<UL><LI> keil_startup_lpc18xx43xx.o(RESET)
</UL>
<P><STRONG><a name="[3e]"></a>QEI_IRQHandler</STRONG> (Thumb, 0 bytes, Stack size 0 bytes, keil_startup_lpc18xx43xx.o(.text))
<BR>[Address Reference Count : 1]<UL><LI> keil_startup_lpc18xx43xx.o(RESET)
</UL>
<P><STRONG><a name="[18]"></a>RIT_IRQHandler</STRONG> (Thumb, 0 bytes, Stack size 0 bytes, keil_startup_lpc18xx43xx.o(.text))
<BR>[Address Reference Count : 1]<UL><LI> keil_startup_lpc18xx43xx.o(RESET)
</UL>
<P><STRONG><a name="[3b]"></a>RTC_IRQHandler</STRONG> (Thumb, 0 bytes, Stack size 0 bytes, keil_startup_lpc18xx43xx.o(.text))
<BR>[Address Reference Count : 1]<UL><LI> keil_startup_lpc18xx43xx.o(RESET)
</UL>
<P><STRONG><a name="[17]"></a>SCT_IRQHandler</STRONG> (Thumb, 0 bytes, Stack size 0 bytes, keil_startup_lpc18xx43xx.o(.text))
<BR>[Address Reference Count : 1]<UL><LI> keil_startup_lpc18xx43xx.o(RESET)
</UL>
<P><STRONG><a name="[13]"></a>SDIO_IRQHandler</STRONG> (Thumb, 0 bytes, Stack size 0 bytes, keil_startup_lpc18xx43xx.o(.text))
<BR>[Address Reference Count : 1]<UL><LI> keil_startup_lpc18xx43xx.o(RESET)
</UL>
<P><STRONG><a name="[2c]"></a>SGPIO_IRQHandler</STRONG> (Thumb, 0 bytes, Stack size 0 bytes, keil_startup_lpc18xx43xx.o(.text))
<BR>[Address Reference Count : 1]<UL><LI> keil_startup_lpc18xx43xx.o(RESET)
</UL>
<P><STRONG><a name="[2b]"></a>SPIFI_IRQHandler</STRONG> (Thumb, 0 bytes, Stack size 0 bytes, keil_startup_lpc18xx43xx.o(.text))
<BR>[Address Reference Count : 1]<UL><LI> keil_startup_lpc18xx43xx.o(RESET)
</UL>
<P><STRONG><a name="[21]"></a>SPI_IRQHandler</STRONG> (Thumb, 0 bytes, Stack size 0 bytes, keil_startup_lpc18xx43xx.o(.text))
<BR>[Address Reference Count : 1]<UL><LI> keil_startup_lpc18xx43xx.o(RESET)
</UL>
<P><STRONG><a name="[23]"></a>SSP0_IRQHandler</STRONG> (Thumb, 0 bytes, Stack size 0 bytes, keil_startup_lpc18xx43xx.o(.text))
<BR>[Address Reference Count : 1]<UL><LI> keil_startup_lpc18xx43xx.o(RESET)
</UL>
<P><STRONG><a name="[24]"></a>SSP1_IRQHandler</STRONG> (Thumb, 0 bytes, Stack size 0 bytes, keil_startup_lpc18xx43xx.o(.text))
<BR>[Address Reference Count : 1]<UL><LI> keil_startup_lpc18xx43xx.o(RESET)
</UL>
<P><STRONG><a name="[19]"></a>TIMER0_IRQHandler</STRONG> (Thumb, 0 bytes, Stack size 0 bytes, keil_startup_lpc18xx43xx.o(.text))
<BR>[Address Reference Count : 1]<UL><LI> keil_startup_lpc18xx43xx.o(RESET)
</UL>
<P><STRONG><a name="[1a]"></a>TIMER1_IRQHandler</STRONG> (Thumb, 0 bytes, Stack size 0 bytes, keil_startup_lpc18xx43xx.o(.text))
<BR>[Address Reference Count : 1]<UL><LI> keil_startup_lpc18xx43xx.o(RESET)
</UL>
<P><STRONG><a name="[1b]"></a>TIMER2_IRQHandler</STRONG> (Thumb, 0 bytes, Stack size 0 bytes, keil_startup_lpc18xx43xx.o(.text))
<BR>[Address Reference Count : 1]<UL><LI> keil_startup_lpc18xx43xx.o(RESET)
</UL>
<P><STRONG><a name="[1c]"></a>TIMER3_IRQHandler</STRONG> (Thumb, 0 bytes, Stack size 0 bytes, keil_startup_lpc18xx43xx.o(.text))
<BR>[Address Reference Count : 1]<UL><LI> keil_startup_lpc18xx43xx.o(RESET)
</UL>
<P><STRONG><a name="[25]"></a>UART0_IRQHandler</STRONG> (Thumb, 0 bytes, Stack size 0 bytes, keil_startup_lpc18xx43xx.o(.text))
<BR>[Address Reference Count : 1]<UL><LI> keil_startup_lpc18xx43xx.o(RESET)
</UL>
<P><STRONG><a name="[26]"></a>UART1_IRQHandler</STRONG> (Thumb, 0 bytes, Stack size 0 bytes, keil_startup_lpc18xx43xx.o(.text))
<BR>[Address Reference Count : 1]<UL><LI> keil_startup_lpc18xx43xx.o(RESET)
</UL>
<P><STRONG><a name="[27]"></a>UART2_IRQHandler</STRONG> (Thumb, 0 bytes, Stack size 0 bytes, keil_startup_lpc18xx43xx.o(.text))
<BR>[Address Reference Count : 1]<UL><LI> keil_startup_lpc18xx43xx.o(RESET)
</UL>
<P><STRONG><a name="[28]"></a>UART3_IRQHandler</STRONG> (Thumb, 0 bytes, Stack size 0 bytes, keil_startup_lpc18xx43xx.o(.text))
<BR>[Address Reference Count : 1]<UL><LI> keil_startup_lpc18xx43xx.o(RESET)
</UL>
<P><STRONG><a name="[39]"></a>VADC_IRQHandler</STRONG> (Thumb, 0 bytes, Stack size 0 bytes, keil_startup_lpc18xx43xx.o(.text))
<BR>[Address Reference Count : 1]<UL><LI> keil_startup_lpc18xx43xx.o(RESET)
</UL>
<P><STRONG><a name="[3c]"></a>WDT_IRQHandler</STRONG> (Thumb, 0 bytes, Stack size 0 bytes, keil_startup_lpc18xx43xx.o(.text))
<BR>[Address Reference Count : 1]<UL><LI> keil_startup_lpc18xx43xx.o(RESET)
</UL>
<P><STRONG><a name="[55]"></a>__user_initial_stackheap</STRONG> (Thumb, 0 bytes, Stack size unknown bytes, keil_startup_lpc18xx43xx.o(.text))
<BR><BR>[Called By]<UL><LI><a href="#[48]">&gt;&gt;</a>&nbsp;&nbsp;&nbsp;__user_setup_stackheap
</UL>

<P><STRONG><a name="[82]"></a>__aeabi_memclr</STRONG> (Thumb, 0 bytes, Stack size 0 bytes, rt_memclr.o(.text))
<BR><BR>[Called By]<UL><LI><a href="#[72]">&gt;&gt;</a>&nbsp;&nbsp;&nbsp;MS_Device_ConfigureEndpoints
</UL>

<P><STRONG><a name="[52]"></a>__rt_memclr</STRONG> (Thumb, 68 bytes, Stack size 0 bytes, rt_memclr.o(.text), UNUSED)
<BR><BR>[Calls]<UL><LI><a href="#[53]">&gt;&gt;</a>&nbsp;&nbsp;&nbsp;_memset_w
</UL>

<P><STRONG><a name="[c6]"></a>_memset</STRONG> (Thumb, 0 bytes, Stack size unknown bytes, rt_memclr.o(.text), UNUSED)

<P><STRONG><a name="[6a]"></a>__aeabi_memclr4</STRONG> (Thumb, 0 bytes, Stack size 4 bytes, rt_memclr_w.o(.text))
<BR><BR>[Stack]<UL><LI>Max Depth = 4<LI>Call Chain = __aeabi_memclr4
</UL>
<BR>[Called By]<UL><LI><a href="#[69]">&gt;&gt;</a>&nbsp;&nbsp;&nbsp;DcdDataTransfer
<LI><a href="#[6f]">&gt;&gt;</a>&nbsp;&nbsp;&nbsp;Endpoint_ConfigureEndpoint
<LI><a href="#[70]">&gt;&gt;</a>&nbsp;&nbsp;&nbsp;DcdPrepareTD
</UL>

<P><STRONG><a name="[c7]"></a>__aeabi_memclr8</STRONG> (Thumb, 0 bytes, Stack size 4 bytes, rt_memclr_w.o(.text), UNUSED)

<P><STRONG><a name="[c8]"></a>__rt_memclr_w</STRONG> (Thumb, 78 bytes, Stack size 4 bytes, rt_memclr_w.o(.text), UNUSED)

<P><STRONG><a name="[53]"></a>_memset_w</STRONG> (Thumb, 0 bytes, Stack size unknown bytes, rt_memclr_w.o(.text), UNUSED)
<BR><BR>[Called By]<UL><LI><a href="#[52]">&gt;&gt;</a>&nbsp;&nbsp;&nbsp;__rt_memclr
</UL>

<P><STRONG><a name="[c9]"></a>__use_two_region_memory</STRONG> (Thumb, 2 bytes, Stack size 0 bytes, heapauxi.o(.text), UNUSED)

<P><STRONG><a name="[ca]"></a>__rt_heap_escrow$2region</STRONG> (Thumb, 2 bytes, Stack size 0 bytes, heapauxi.o(.text), UNUSED)

<P><STRONG><a name="[cb]"></a>__rt_heap_expand$2region</STRONG> (Thumb, 2 bytes, Stack size 0 bytes, heapauxi.o(.text), UNUSED)

<P><STRONG><a name="[48]"></a>__user_setup_stackheap</STRONG> (Thumb, 74 bytes, Stack size 8 bytes, sys_stackheap_outer.o(.text))
<BR><BR>[Stack]<UL><LI>Max Depth = 8 + Unknown Stack Size
<LI>Call Chain = __user_setup_stackheap
</UL>
<BR>[Calls]<UL><LI><a href="#[55]">&gt;&gt;</a>&nbsp;&nbsp;&nbsp;__user_initial_stackheap
<LI><a href="#[54]">&gt;&gt;</a>&nbsp;&nbsp;&nbsp;__user_perproc_libspace
</UL>
<BR>[Called By]<UL><LI><a href="#[47]">&gt;&gt;</a>&nbsp;&nbsp;&nbsp;__rt_entry_sh
</UL>

<P><STRONG><a name="[4d]"></a>exit</STRONG> (Thumb, 12 bytes, Stack size 0 bytes, exit.o(.text))
<BR><BR>[Calls]<UL><LI><a href="#[56]">&gt;&gt;</a>&nbsp;&nbsp;&nbsp;__rt_exit
</UL>
<BR>[Called By]<UL><LI><a href="#[4b]">&gt;&gt;</a>&nbsp;&nbsp;&nbsp;__rt_entry_main
</UL>

<P><STRONG><a name="[cc]"></a>__user_libspace</STRONG> (Thumb, 8 bytes, Stack size 0 bytes, libspace.o(.text), UNUSED)

<P><STRONG><a name="[54]"></a>__user_perproc_libspace</STRONG> (Thumb, 0 bytes, Stack size 0 bytes, libspace.o(.text))
<BR><BR>[Called By]<UL><LI><a href="#[48]">&gt;&gt;</a>&nbsp;&nbsp;&nbsp;__user_setup_stackheap
</UL>

<P><STRONG><a name="[cd]"></a>__user_perthread_libspace</STRONG> (Thumb, 0 bytes, Stack size 0 bytes, libspace.o(.text), UNUSED)

<P><STRONG><a name="[57]"></a>Board_Init</STRONG> (Thumb, 92 bytes, Stack size 8 bytes, board_ngx_xplorer_18304330.o(i.Board_Init))
<BR><BR>[Stack]<UL><LI>Max Depth = 72<LI>Call Chain = Board_Init &rArr; SystemCoreClockUpdate &rArr; Chip_Clock_GetRate &rArr; Chip_Clock_GetBaseClocktHz &rArr; Chip_Clock_GetClockInputHz &rArr; Chip_Clock_GetMainPLLHz &rArr;  Chip_Clock_GetClockInputHz (Cycle)
</UL>
<BR>[Calls]<UL><LI><a href="#[58]">&gt;&gt;</a>&nbsp;&nbsp;&nbsp;SystemCoreClockUpdate
<LI><a href="#[59]">&gt;&gt;</a>&nbsp;&nbsp;&nbsp;Chip_SCU_PinMuxSet
<LI><a href="#[5a]">&gt;&gt;</a>&nbsp;&nbsp;&nbsp;Chip_GPIO_WriteDirBit
</UL>
<BR>[Called By]<UL><LI><a href="#[4c]">&gt;&gt;</a>&nbsp;&nbsp;&nbsp;main
</UL>

<P><STRONG><a name="[7b]"></a>Board_LED_Set</STRONG> (Thumb, 20 bytes, Stack size 0 bytes, board_ngx_xplorer_18304330.o(i.Board_LED_Set))
<BR><BR>[Called By]<UL><LI><a href="#[2d]">&gt;&gt;</a>&nbsp;&nbsp;&nbsp;GPIO0_IRQHandler
</UL>

<P><STRONG><a name="[5b]"></a>CALLBACK_MS_Device_SCSICommandReceived</STRONG> (Thumb, 4 bytes, Stack size 0 bytes, massstorage.o(i.CALLBACK_MS_Device_SCSICommandReceived))
<BR><BR>[Stack]<UL><LI>Max Depth = 132<LI>Call Chain = CALLBACK_MS_Device_SCSICommandReceived &rArr; SCSI_DecodeSCSICommand &rArr; SCSI_Command_ReadWrite_10 &rArr; Endpoint_Streaming &rArr; DcdPrepareTD &rArr; __aeabi_memclr4
</UL>
<BR>[Calls]<UL><LI><a href="#[5c]">&gt;&gt;</a>&nbsp;&nbsp;&nbsp;SCSI_DecodeSCSICommand
</UL>
<BR>[Called By]<UL><LI><a href="#[87]">&gt;&gt;</a>&nbsp;&nbsp;&nbsp;MS_Device_USBTask
</UL>

<P><STRONG><a name="[9a]"></a>CALLBACK_USB_GetDescriptor</STRONG> (Thumb, 70 bytes, Stack size 8 bytes, descriptors.o(i.CALLBACK_USB_GetDescriptor))
<BR><BR>[Stack]<UL><LI>Max Depth = 8<LI>Call Chain = CALLBACK_USB_GetDescriptor
</UL>
<BR>[Called By]<UL><LI><a href="#[99]">&gt;&gt;</a>&nbsp;&nbsp;&nbsp;USB_Device_GetDescriptor
</UL>

<P><STRONG><a name="[68]"></a>Chip_Clock_DisableMainPLL</STRONG> (Thumb, 12 bytes, Stack size 0 bytes, clock_18xx_43xx.o(i.Chip_Clock_DisableMainPLL))
<BR><BR>[Called By]<UL><LI><a href="#[67]">&gt;&gt;</a>&nbsp;&nbsp;&nbsp;Chip_Clock_SetupMainPLLMult
</UL>

<P><STRONG><a name="[7f]"></a>Chip_Clock_EnableBaseClock</STRONG> (Thumb, 20 bytes, Stack size 0 bytes, clock_18xx_43xx.o(i.Chip_Clock_EnableBaseClock))
<BR><BR>[Called By]<UL><LI><a href="#[7c]">&gt;&gt;</a>&nbsp;&nbsp;&nbsp;HAL_USBInit
</UL>

<P><STRONG><a name="[92]"></a>Chip_Clock_EnableCrystal</STRONG> (Thumb, 24 bytes, Stack size 0 bytes, clock_18xx_43xx.o(i.Chip_Clock_EnableCrystal))
<BR><BR>[Called By]<UL><LI><a href="#[91]">&gt;&gt;</a>&nbsp;&nbsp;&nbsp;SystemSetupClocking
</UL>

<P><STRONG><a name="[80]"></a>Chip_Clock_EnableOpts</STRONG> (Thumb, 48 bytes, Stack size 8 bytes, clock_18xx_43xx.o(i.Chip_Clock_EnableOpts))
<BR><BR>[Stack]<UL><LI>Max Depth = 8<LI>Call Chain = Chip_Clock_EnableOpts
</UL>
<BR>[Called By]<UL><LI><a href="#[7c]">&gt;&gt;</a>&nbsp;&nbsp;&nbsp;HAL_USBInit
</UL>

<P><STRONG><a name="[7d]"></a>Chip_Clock_EnablePLL</STRONG> (Thumb, 16 bytes, Stack size 0 bytes, clock_18xx_43xx.o(i.Chip_Clock_EnablePLL))
<BR><BR>[Called By]<UL><LI><a href="#[7c]">&gt;&gt;</a>&nbsp;&nbsp;&nbsp;HAL_USBInit
</UL>

<P><STRONG><a name="[5e]"></a>Chip_Clock_GetBaseClock</STRONG> (Thumb, 26 bytes, Stack size 0 bytes, clock_18xx_43xx.o(i.Chip_Clock_GetBaseClock))
<BR><BR>[Called By]<UL><LI><a href="#[5d]">&gt;&gt;</a>&nbsp;&nbsp;&nbsp;Chip_Clock_GetBaseClocktHz
</UL>

<P><STRONG><a name="[5d]"></a>Chip_Clock_GetBaseClocktHz</STRONG> (Thumb, 14 bytes, Stack size 8 bytes, clock_18xx_43xx.o(i.Chip_Clock_GetBaseClocktHz))
<BR><BR>[Stack]<UL><LI>Max Depth = 32<LI>Call Chain = Chip_Clock_GetBaseClocktHz &rArr; Chip_Clock_GetClockInputHz &rArr; Chip_Clock_GetMainPLLHz &rArr;  Chip_Clock_GetClockInputHz (Cycle)
</UL>
<BR>[Calls]<UL><LI><a href="#[5f]">&gt;&gt;</a>&nbsp;&nbsp;&nbsp;Chip_Clock_GetClockInputHz
<LI><a href="#[5e]">&gt;&gt;</a>&nbsp;&nbsp;&nbsp;Chip_Clock_GetBaseClock
</UL>
<BR>[Called By]<UL><LI><a href="#[64]">&gt;&gt;</a>&nbsp;&nbsp;&nbsp;Chip_Clock_GetRate
</UL>

<P><STRONG><a name="[5f]"></a>Chip_Clock_GetClockInputHz</STRONG> (Thumb, 78 bytes, Stack size 0 bytes, clock_18xx_43xx.o(i.Chip_Clock_GetClockInputHz))
<BR><BR>[Stack]<UL><LI>Max Depth = 24<LI>Call Chain = Chip_Clock_GetClockInputHz &rArr; Chip_Clock_GetMainPLLHz &rArr;  Chip_Clock_GetClockInputHz (Cycle)
</UL>
<BR>[Calls]<UL><LI><a href="#[60]">&gt;&gt;</a>&nbsp;&nbsp;&nbsp;Chip_Clock_GetMainPLLHz
<LI><a href="#[61]">&gt;&gt;</a>&nbsp;&nbsp;&nbsp;Chip_Clock_GetDivRate
</UL>
<BR>[Called By]<UL><LI><a href="#[65]">&gt;&gt;</a>&nbsp;&nbsp;&nbsp;Chip_Clock_SetupMainPLLHz
<LI><a href="#[67]">&gt;&gt;</a>&nbsp;&nbsp;&nbsp;Chip_Clock_SetupMainPLLMult
<LI><a href="#[60]">&gt;&gt;</a>&nbsp;&nbsp;&nbsp;Chip_Clock_GetMainPLLHz
<LI><a href="#[5d]">&gt;&gt;</a>&nbsp;&nbsp;&nbsp;Chip_Clock_GetBaseClocktHz
<LI><a href="#[61]">&gt;&gt;</a>&nbsp;&nbsp;&nbsp;Chip_Clock_GetDivRate
</UL>

<P><STRONG><a name="[63]"></a>Chip_Clock_GetDividerDivisor</STRONG> (Thumb, 14 bytes, Stack size 0 bytes, clock_18xx_43xx.o(i.Chip_Clock_GetDividerDivisor))
<BR><BR>[Called By]<UL><LI><a href="#[61]">&gt;&gt;</a>&nbsp;&nbsp;&nbsp;Chip_Clock_GetDivRate
</UL>

<P><STRONG><a name="[62]"></a>Chip_Clock_GetDividerSource</STRONG> (Thumb, 22 bytes, Stack size 0 bytes, clock_18xx_43xx.o(i.Chip_Clock_GetDividerSource))
<BR><BR>[Called By]<UL><LI><a href="#[61]">&gt;&gt;</a>&nbsp;&nbsp;&nbsp;Chip_Clock_GetDivRate
</UL>

<P><STRONG><a name="[60]"></a>Chip_Clock_GetMainPLLHz</STRONG> (Thumb, 84 bytes, Stack size 24 bytes, clock_18xx_43xx.o(i.Chip_Clock_GetMainPLLHz))
<BR><BR>[Stack]<UL><LI>Max Depth = 24 + In Cycle
<LI>Call Chain = Chip_Clock_GetMainPLLHz &rArr;  Chip_Clock_GetClockInputHz (Cycle)
</UL>
<BR>[Calls]<UL><LI><a href="#[5f]">&gt;&gt;</a>&nbsp;&nbsp;&nbsp;Chip_Clock_GetClockInputHz
</UL>
<BR>[Called By]<UL><LI><a href="#[5f]">&gt;&gt;</a>&nbsp;&nbsp;&nbsp;Chip_Clock_GetClockInputHz
</UL>

<P><STRONG><a name="[7e]"></a>Chip_Clock_GetPLLStatus</STRONG> (Thumb, 10 bytes, Stack size 0 bytes, clock_18xx_43xx.o(i.Chip_Clock_GetPLLStatus))
<BR><BR>[Called By]<UL><LI><a href="#[7c]">&gt;&gt;</a>&nbsp;&nbsp;&nbsp;HAL_USBInit
</UL>

<P><STRONG><a name="[64]"></a>Chip_Clock_GetRate</STRONG> (Thumb, 112 bytes, Stack size 24 bytes, clock_18xx_43xx.o(i.Chip_Clock_GetRate))
<BR><BR>[Stack]<UL><LI>Max Depth = 56<LI>Call Chain = Chip_Clock_GetRate &rArr; Chip_Clock_GetBaseClocktHz &rArr; Chip_Clock_GetClockInputHz &rArr; Chip_Clock_GetMainPLLHz &rArr;  Chip_Clock_GetClockInputHz (Cycle)
</UL>
<BR>[Calls]<UL><LI><a href="#[5d]">&gt;&gt;</a>&nbsp;&nbsp;&nbsp;Chip_Clock_GetBaseClocktHz
</UL>
<BR>[Called By]<UL><LI><a href="#[58]">&gt;&gt;</a>&nbsp;&nbsp;&nbsp;SystemCoreClockUpdate
</UL>

<P><STRONG><a name="[93]"></a>Chip_Clock_SetBaseClock</STRONG> (Thumb, 48 bytes, Stack size 12 bytes, clock_18xx_43xx.o(i.Chip_Clock_SetBaseClock))
<BR><BR>[Stack]<UL><LI>Max Depth = 12<LI>Call Chain = Chip_Clock_SetBaseClock
</UL>
<BR>[Called By]<UL><LI><a href="#[91]">&gt;&gt;</a>&nbsp;&nbsp;&nbsp;SystemSetupClocking
</UL>

<P><STRONG><a name="[94]"></a>Chip_Clock_SetDivider</STRONG> (Thumb, 42 bytes, Stack size 8 bytes, clock_18xx_43xx.o(i.Chip_Clock_SetDivider))
<BR><BR>[Stack]<UL><LI>Max Depth = 8<LI>Call Chain = Chip_Clock_SetDivider
</UL>
<BR>[Called By]<UL><LI><a href="#[91]">&gt;&gt;</a>&nbsp;&nbsp;&nbsp;SystemSetupClocking
</UL>

<P><STRONG><a name="[65]"></a>Chip_Clock_SetupMainPLLHz</STRONG> (Thumb, 130 bytes, Stack size 32 bytes, clock_18xx_43xx.o(i.Chip_Clock_SetupMainPLLHz))
<BR><BR>[Stack]<UL><LI>Max Depth = 80<LI>Call Chain = Chip_Clock_SetupMainPLLHz &rArr; Chip_Clock_SetupMainPLLMult &rArr; Chip_Clock_GetClockInputHz &rArr; Chip_Clock_GetMainPLLHz &rArr;  Chip_Clock_GetClockInputHz (Cycle)
</UL>
<BR>[Calls]<UL><LI><a href="#[67]">&gt;&gt;</a>&nbsp;&nbsp;&nbsp;Chip_Clock_SetupMainPLLMult
<LI><a href="#[5f]">&gt;&gt;</a>&nbsp;&nbsp;&nbsp;Chip_Clock_GetClockInputHz
<LI><a href="#[66]">&gt;&gt;</a>&nbsp;&nbsp;&nbsp;Chip_Clock_TestMainPLLMultiplier
</UL>
<BR>[Called By]<UL><LI><a href="#[91]">&gt;&gt;</a>&nbsp;&nbsp;&nbsp;SystemSetupClocking
</UL>

<P><STRONG><a name="[67]"></a>Chip_Clock_SetupMainPLLMult</STRONG> (Thumb, 108 bytes, Stack size 24 bytes, clock_18xx_43xx.o(i.Chip_Clock_SetupMainPLLMult))
<BR><BR>[Stack]<UL><LI>Max Depth = 48<LI>Call Chain = Chip_Clock_SetupMainPLLMult &rArr; Chip_Clock_GetClockInputHz &rArr; Chip_Clock_GetMainPLLHz &rArr;  Chip_Clock_GetClockInputHz (Cycle)
</UL>
<BR>[Calls]<UL><LI><a href="#[5f]">&gt;&gt;</a>&nbsp;&nbsp;&nbsp;Chip_Clock_GetClockInputHz
<LI><a href="#[68]">&gt;&gt;</a>&nbsp;&nbsp;&nbsp;Chip_Clock_DisableMainPLL
</UL>
<BR>[Called By]<UL><LI><a href="#[65]">&gt;&gt;</a>&nbsp;&nbsp;&nbsp;Chip_Clock_SetupMainPLLHz
</UL>

<P><STRONG><a name="[95]"></a>Chip_Clock_SetupPLL</STRONG> (Thumb, 30 bytes, Stack size 8 bytes, clock_18xx_43xx.o(i.Chip_Clock_SetupPLL))
<BR><BR>[Stack]<UL><LI>Max Depth = 8<LI>Call Chain = Chip_Clock_SetupPLL
</UL>
<BR>[Called By]<UL><LI><a href="#[91]">&gt;&gt;</a>&nbsp;&nbsp;&nbsp;SystemSetupClocking
</UL>

<P><STRONG><a name="[69]"></a>DcdDataTransfer</STRONG> (Thumb, 258 bytes, Stack size 40 bytes, endpoint_lpc18xx.o(i.DcdDataTransfer))
<BR><BR>[Stack]<UL><LI>Max Depth = 44<LI>Call Chain = DcdDataTransfer &rArr; __aeabi_memclr4
</UL>
<BR>[Calls]<UL><LI><a href="#[6a]">&gt;&gt;</a>&nbsp;&nbsp;&nbsp;__aeabi_memclr4
</UL>
<BR>[Called By]<UL><LI><a href="#[8f]">&gt;&gt;</a>&nbsp;&nbsp;&nbsp;SCSI_Command_Request_Sense
<LI><a href="#[8d]">&gt;&gt;</a>&nbsp;&nbsp;&nbsp;SCSI_Command_Read_Capacity_10
<LI><a href="#[8a]">&gt;&gt;</a>&nbsp;&nbsp;&nbsp;SCSI_Command_ModeSense_6
<LI><a href="#[88]">&gt;&gt;</a>&nbsp;&nbsp;&nbsp;SCSI_Command_Inquiry
<LI><a href="#[74]">&gt;&gt;</a>&nbsp;&nbsp;&nbsp;MS_Device_ProcessControlRequest
<LI><a href="#[85]">&gt;&gt;</a>&nbsp;&nbsp;&nbsp;MS_Device_ReturnCommandStatus
<LI><a href="#[79]">&gt;&gt;</a>&nbsp;&nbsp;&nbsp;Endpoint_Write_Control_Stream_LE
<LI><a href="#[6f]">&gt;&gt;</a>&nbsp;&nbsp;&nbsp;Endpoint_ConfigureEndpoint
<LI><a href="#[75]">&gt;&gt;</a>&nbsp;&nbsp;&nbsp;Endpoint_ClearStatusStage
<LI><a href="#[6c]">&gt;&gt;</a>&nbsp;&nbsp;&nbsp;TransferCompleteISR
<LI><a href="#[6b]">&gt;&gt;</a>&nbsp;&nbsp;&nbsp;DcdIrqHandler
<LI><a href="#[9b]">&gt;&gt;</a>&nbsp;&nbsp;&nbsp;USB_Device_GetStatus
<LI><a href="#[98]">&gt;&gt;</a>&nbsp;&nbsp;&nbsp;USB_Device_GetConfiguration
</UL>

<P><STRONG><a name="[78]"></a>DcdInsertTD</STRONG> (Thumb, 14 bytes, Stack size 0 bytes, endpoint_lpc18xx.o(i.DcdInsertTD))
<BR><BR>[Called By]<UL><LI><a href="#[77]">&gt;&gt;</a>&nbsp;&nbsp;&nbsp;Endpoint_Streaming
</UL>

<P><STRONG><a name="[6b]"></a>DcdIrqHandler</STRONG> (Thumb, 284 bytes, Stack size 48 bytes, endpoint_lpc18xx.o(i.DcdIrqHandler))
<BR><BR>[Stack]<UL><LI>Max Depth = 180<LI>Call Chain = DcdIrqHandler &rArr; TransferCompleteISR &rArr; Endpoint_Streaming &rArr; DcdPrepareTD &rArr; __aeabi_memclr4
</UL>
<BR>[Calls]<UL><LI><a href="#[69]">&gt;&gt;</a>&nbsp;&nbsp;&nbsp;DcdDataTransfer
<LI><a href="#[6f]">&gt;&gt;</a>&nbsp;&nbsp;&nbsp;Endpoint_ConfigureEndpoint
<LI><a href="#[6d]">&gt;&gt;</a>&nbsp;&nbsp;&nbsp;EVENT_USB_Device_StartOfFrame
<LI><a href="#[6c]">&gt;&gt;</a>&nbsp;&nbsp;&nbsp;TransferCompleteISR
<LI><a href="#[6e]">&gt;&gt;</a>&nbsp;&nbsp;&nbsp;HAL_Reset
</UL>
<BR>[Called By]<UL><LI><a href="#[16]">&gt;&gt;</a>&nbsp;&nbsp;&nbsp;USB1_IRQHandler
<LI><a href="#[15]">&gt;&gt;</a>&nbsp;&nbsp;&nbsp;USB0_IRQHandler
</UL>

<P><STRONG><a name="[70]"></a>DcdPrepareTD</STRONG> (Thumb, 62 bytes, Stack size 24 bytes, endpoint_lpc18xx.o(i.DcdPrepareTD))
<BR><BR>[Stack]<UL><LI>Max Depth = 28<LI>Call Chain = DcdPrepareTD &rArr; __aeabi_memclr4
</UL>
<BR>[Calls]<UL><LI><a href="#[6a]">&gt;&gt;</a>&nbsp;&nbsp;&nbsp;__aeabi_memclr4
</UL>
<BR>[Called By]<UL><LI><a href="#[77]">&gt;&gt;</a>&nbsp;&nbsp;&nbsp;Endpoint_Streaming
</UL>

<P><STRONG><a name="[76]"></a>CALLBACK_HAL_GetISOBufferAddress</STRONG> (Thumb, 0 bytes, Stack size 0 bytes, endpoint_lpc18xx.o(i.Dummy_EPGetISOAddress))
<BR><BR>[Called By]<UL><LI><a href="#[6f]">&gt;&gt;</a>&nbsp;&nbsp;&nbsp;Endpoint_ConfigureEndpoint
<LI><a href="#[6c]">&gt;&gt;</a>&nbsp;&nbsp;&nbsp;TransferCompleteISR
</UL>

<P><STRONG><a name="[ce]"></a>Dummy_EPGetISOAddress</STRONG> (Thumb, 4 bytes, Stack size 0 bytes, endpoint_lpc18xx.o(i.Dummy_EPGetISOAddress), UNUSED)

<P><STRONG><a name="[cf]"></a>Dummy_EVENT_USB_Device_TransferComplete</STRONG> (Thumb, 2 bytes, Stack size 0 bytes, endpoint_lpc18xx.o(i.Dummy_EVENT_USB_Device_TransferComplete), UNUSED)

<P><STRONG><a name="[96]"></a>EVENT_USB_Device_TransferComplete</STRONG> (Thumb, 0 bytes, Stack size 0 bytes, endpoint_lpc18xx.o(i.Dummy_EVENT_USB_Device_TransferComplete))
<BR><BR>[Called By]<UL><LI><a href="#[6c]">&gt;&gt;</a>&nbsp;&nbsp;&nbsp;TransferCompleteISR
</UL>

<P><STRONG><a name="[71]"></a>EVENT_USB_Device_ConfigurationChanged</STRONG> (Thumb, 6 bytes, Stack size 0 bytes, massstorage.o(i.EVENT_USB_Device_ConfigurationChanged))
<BR><BR>[Stack]<UL><LI>Max Depth = 108<LI>Call Chain = EVENT_USB_Device_ConfigurationChanged &rArr; MS_Device_ConfigureEndpoints &rArr; Endpoint_ConfigureEndpoint &rArr; DcdDataTransfer &rArr; __aeabi_memclr4
</UL>
<BR>[Calls]<UL><LI><a href="#[72]">&gt;&gt;</a>&nbsp;&nbsp;&nbsp;MS_Device_ConfigureEndpoints
</UL>
<BR>[Called By]<UL><LI><a href="#[9f]">&gt;&gt;</a>&nbsp;&nbsp;&nbsp;USB_Device_SetConfiguration
</UL>

<P><STRONG><a name="[73]"></a>EVENT_USB_Device_ControlRequest</STRONG> (Thumb, 6 bytes, Stack size 0 bytes, massstorage.o(i.EVENT_USB_Device_ControlRequest))
<BR><BR>[Stack]<UL><LI>Max Depth = 92<LI>Call Chain = EVENT_USB_Device_ControlRequest &rArr; MS_Device_ProcessControlRequest &rArr; Endpoint_ClearStatusStage &rArr; DcdDataTransfer &rArr; __aeabi_memclr4
</UL>
<BR>[Calls]<UL><LI><a href="#[74]">&gt;&gt;</a>&nbsp;&nbsp;&nbsp;MS_Device_ProcessControlRequest
</UL>
<BR>[Called By]<UL><LI><a href="#[9c]">&gt;&gt;</a>&nbsp;&nbsp;&nbsp;USB_Device_ProcessControlRequest
</UL>

<P><STRONG><a name="[75]"></a>Endpoint_ClearStatusStage</STRONG> (Thumb, 168 bytes, Stack size 16 bytes, endpoint.o(i.Endpoint_ClearStatusStage))
<BR><BR>[Stack]<UL><LI>Max Depth = 60<LI>Call Chain = Endpoint_ClearStatusStage &rArr; DcdDataTransfer &rArr; __aeabi_memclr4
</UL>
<BR>[Calls]<UL><LI><a href="#[69]">&gt;&gt;</a>&nbsp;&nbsp;&nbsp;DcdDataTransfer
</UL>
<BR>[Called By]<UL><LI><a href="#[74]">&gt;&gt;</a>&nbsp;&nbsp;&nbsp;MS_Device_ProcessControlRequest
<LI><a href="#[9f]">&gt;&gt;</a>&nbsp;&nbsp;&nbsp;USB_Device_SetConfiguration
<LI><a href="#[9e]">&gt;&gt;</a>&nbsp;&nbsp;&nbsp;USB_Device_SetAddress
<LI><a href="#[9b]">&gt;&gt;</a>&nbsp;&nbsp;&nbsp;USB_Device_GetStatus
<LI><a href="#[98]">&gt;&gt;</a>&nbsp;&nbsp;&nbsp;USB_Device_GetConfiguration
<LI><a href="#[97]">&gt;&gt;</a>&nbsp;&nbsp;&nbsp;USB_Device_ClearSetFeature
</UL>

<P><STRONG><a name="[6f]"></a>Endpoint_ConfigureEndpoint</STRONG> (Thumb, 264 bytes, Stack size 40 bytes, endpoint_lpc18xx.o(i.Endpoint_ConfigureEndpoint))
<BR><BR>[Stack]<UL><LI>Max Depth = 84<LI>Call Chain = Endpoint_ConfigureEndpoint &rArr; DcdDataTransfer &rArr; __aeabi_memclr4
</UL>
<BR>[Calls]<UL><LI><a href="#[69]">&gt;&gt;</a>&nbsp;&nbsp;&nbsp;DcdDataTransfer
<LI><a href="#[76]">&gt;&gt;</a>&nbsp;&nbsp;&nbsp;CALLBACK_HAL_GetISOBufferAddress
<LI><a href="#[6a]">&gt;&gt;</a>&nbsp;&nbsp;&nbsp;__aeabi_memclr4
</UL>
<BR>[Called By]<UL><LI><a href="#[72]">&gt;&gt;</a>&nbsp;&nbsp;&nbsp;MS_Device_ConfigureEndpoints
<LI><a href="#[a1]">&gt;&gt;</a>&nbsp;&nbsp;&nbsp;USB_ResetInterface
<LI><a href="#[6b]">&gt;&gt;</a>&nbsp;&nbsp;&nbsp;DcdIrqHandler
</UL>

<P><STRONG><a name="[9d]"></a>Endpoint_GetSetupPackage</STRONG> (Thumb, 26 bytes, Stack size 0 bytes, endpoint_lpc18xx.o(i.Endpoint_GetSetupPackage))
<BR><BR>[Called By]<UL><LI><a href="#[9c]">&gt;&gt;</a>&nbsp;&nbsp;&nbsp;USB_Device_ProcessControlRequest
</UL>

<P><STRONG><a name="[89]"></a>Endpoint_Null_Stream</STRONG> (Thumb, 168 bytes, Stack size 24 bytes, endpointstream.o(i.Endpoint_Null_Stream))
<BR><BR>[Stack]<UL><LI>Max Depth = 24<LI>Call Chain = Endpoint_Null_Stream
</UL>
<BR>[Called By]<UL><LI><a href="#[8f]">&gt;&gt;</a>&nbsp;&nbsp;&nbsp;SCSI_Command_Request_Sense
<LI><a href="#[88]">&gt;&gt;</a>&nbsp;&nbsp;&nbsp;SCSI_Command_Inquiry
</UL>

<P><STRONG><a name="[84]"></a>Endpoint_Read_Stream_LE</STRONG> (Thumb, 144 bytes, Stack size 28 bytes, endpointstream.o(i.Endpoint_Read_Stream_LE))
<BR><BR>[Stack]<UL><LI>Max Depth = 28<LI>Call Chain = Endpoint_Read_Stream_LE
</UL>
<BR>[Called By]<UL><LI><a href="#[83]">&gt;&gt;</a>&nbsp;&nbsp;&nbsp;MS_Device_ReadInCommandBlock
</UL>

<P><STRONG><a name="[77]"></a>Endpoint_Streaming</STRONG> (Thumb, 250 bytes, Stack size 56 bytes, endpoint_lpc18xx.o(i.Endpoint_Streaming))
<BR><BR>[Stack]<UL><LI>Max Depth = 84<LI>Call Chain = Endpoint_Streaming &rArr; DcdPrepareTD &rArr; __aeabi_memclr4
</UL>
<BR>[Calls]<UL><LI><a href="#[70]">&gt;&gt;</a>&nbsp;&nbsp;&nbsp;DcdPrepareTD
<LI><a href="#[78]">&gt;&gt;</a>&nbsp;&nbsp;&nbsp;DcdInsertTD
</UL>
<BR>[Called By]<UL><LI><a href="#[8b]">&gt;&gt;</a>&nbsp;&nbsp;&nbsp;SCSI_Command_ReadWrite_10
<LI><a href="#[6c]">&gt;&gt;</a>&nbsp;&nbsp;&nbsp;TransferCompleteISR
</UL>

<P><STRONG><a name="[79]"></a>Endpoint_Write_Control_Stream_LE</STRONG> (Thumb, 84 bytes, Stack size 16 bytes, endpointstream.o(i.Endpoint_Write_Control_Stream_LE))
<BR><BR>[Stack]<UL><LI>Max Depth = 60<LI>Call Chain = Endpoint_Write_Control_Stream_LE &rArr; DcdDataTransfer &rArr; __aeabi_memclr4
</UL>
<BR>[Calls]<UL><LI><a href="#[7a]">&gt;&gt;</a>&nbsp;&nbsp;&nbsp;Endpoint_Write_Stream_LE
<LI><a href="#[69]">&gt;&gt;</a>&nbsp;&nbsp;&nbsp;DcdDataTransfer
</UL>
<BR>[Called By]<UL><LI><a href="#[99]">&gt;&gt;</a>&nbsp;&nbsp;&nbsp;USB_Device_GetDescriptor
</UL>

<P><STRONG><a name="[8e]"></a>Endpoint_Write_Stream_BE</STRONG> (Thumb, 72 bytes, Stack size 20 bytes, endpointstream.o(i.Endpoint_Write_Stream_BE))
<BR><BR>[Stack]<UL><LI>Max Depth = 20<LI>Call Chain = Endpoint_Write_Stream_BE
</UL>
<BR>[Called By]<UL><LI><a href="#[8d]">&gt;&gt;</a>&nbsp;&nbsp;&nbsp;SCSI_Command_Read_Capacity_10
</UL>

<P><STRONG><a name="[7a]"></a>Endpoint_Write_Stream_LE</STRONG> (Thumb, 150 bytes, Stack size 24 bytes, endpointstream.o(i.Endpoint_Write_Stream_LE))
<BR><BR>[Stack]<UL><LI>Max Depth = 24<LI>Call Chain = Endpoint_Write_Stream_LE
</UL>
<BR>[Called By]<UL><LI><a href="#[8f]">&gt;&gt;</a>&nbsp;&nbsp;&nbsp;SCSI_Command_Request_Sense
<LI><a href="#[88]">&gt;&gt;</a>&nbsp;&nbsp;&nbsp;SCSI_Command_Inquiry
<LI><a href="#[85]">&gt;&gt;</a>&nbsp;&nbsp;&nbsp;MS_Device_ReturnCommandStatus
<LI><a href="#[79]">&gt;&gt;</a>&nbsp;&nbsp;&nbsp;Endpoint_Write_Control_Stream_LE
</UL>

<P><STRONG><a name="[2d]"></a>GPIO0_IRQHandler</STRONG> (Thumb, 44 bytes, Stack size 0 bytes, board_ngx_xplorer_18304330.o(i.GPIO0_IRQHandler))
<BR><BR>[Calls]<UL><LI><a href="#[7b]">&gt;&gt;</a>&nbsp;&nbsp;&nbsp;Board_LED_Set
</UL>
<BR>[Address Reference Count : 1]<UL><LI> keil_startup_lpc18xx43xx.o(RESET)
</UL>
<P><STRONG><a name="[a2]"></a>HAL_EnableUSBInterrupt</STRONG> (Thumb, 28 bytes, Stack size 0 bytes, hal_lpc18xx.o(i.HAL_EnableUSBInterrupt))
<BR><BR>[Called By]<UL><LI><a href="#[a1]">&gt;&gt;</a>&nbsp;&nbsp;&nbsp;USB_ResetInterface
</UL>

<P><STRONG><a name="[6e]"></a>HAL_Reset</STRONG> (Thumb, 248 bytes, Stack size 12 bytes, endpoint_lpc18xx.o(i.HAL_Reset))
<BR><BR>[Stack]<UL><LI>Max Depth = 12<LI>Call Chain = HAL_Reset
</UL>
<BR>[Called By]<UL><LI><a href="#[7c]">&gt;&gt;</a>&nbsp;&nbsp;&nbsp;HAL_USBInit
<LI><a href="#[6b]">&gt;&gt;</a>&nbsp;&nbsp;&nbsp;DcdIrqHandler
</UL>

<P><STRONG><a name="[a3]"></a>HAL_USBConnect</STRONG> (Thumb, 30 bytes, Stack size 0 bytes, hal_lpc18xx.o(i.HAL_USBConnect))
<BR><BR>[Called By]<UL><LI><a href="#[a1]">&gt;&gt;</a>&nbsp;&nbsp;&nbsp;USB_ResetInterface
</UL>

<P><STRONG><a name="[7c]"></a>HAL_USBInit</STRONG> (Thumb, 162 bytes, Stack size 16 bytes, hal_lpc18xx.o(i.HAL_USBInit))
<BR><BR>[Stack]<UL><LI>Max Depth = 28<LI>Call Chain = HAL_USBInit &rArr; HAL_Reset
</UL>
<BR>[Calls]<UL><LI><a href="#[81]">&gt;&gt;</a>&nbsp;&nbsp;&nbsp;Chip_CREG_EnableUSB0Phy
<LI><a href="#[6e]">&gt;&gt;</a>&nbsp;&nbsp;&nbsp;HAL_Reset
<LI><a href="#[7e]">&gt;&gt;</a>&nbsp;&nbsp;&nbsp;Chip_Clock_GetPLLStatus
<LI><a href="#[7d]">&gt;&gt;</a>&nbsp;&nbsp;&nbsp;Chip_Clock_EnablePLL
<LI><a href="#[80]">&gt;&gt;</a>&nbsp;&nbsp;&nbsp;Chip_Clock_EnableOpts
<LI><a href="#[7f]">&gt;&gt;</a>&nbsp;&nbsp;&nbsp;Chip_Clock_EnableBaseClock
</UL>
<BR>[Called By]<UL><LI><a href="#[a0]">&gt;&gt;</a>&nbsp;&nbsp;&nbsp;USB_Init
</UL>

<P><STRONG><a name="[72]"></a>MS_Device_ConfigureEndpoints</STRONG> (Thumb, 88 bytes, Stack size 24 bytes, massstorageclassdevice.o(i.MS_Device_ConfigureEndpoints))
<BR><BR>[Stack]<UL><LI>Max Depth = 108<LI>Call Chain = MS_Device_ConfigureEndpoints &rArr; Endpoint_ConfigureEndpoint &rArr; DcdDataTransfer &rArr; __aeabi_memclr4
</UL>
<BR>[Calls]<UL><LI><a href="#[6f]">&gt;&gt;</a>&nbsp;&nbsp;&nbsp;Endpoint_ConfigureEndpoint
<LI><a href="#[82]">&gt;&gt;</a>&nbsp;&nbsp;&nbsp;__aeabi_memclr
</UL>
<BR>[Called By]<UL><LI><a href="#[71]">&gt;&gt;</a>&nbsp;&nbsp;&nbsp;EVENT_USB_Device_ConfigurationChanged
</UL>

<P><STRONG><a name="[74]"></a>MS_Device_ProcessControlRequest</STRONG> (Thumb, 252 bytes, Stack size 32 bytes, massstorageclassdevice.o(i.MS_Device_ProcessControlRequest))
<BR><BR>[Stack]<UL><LI>Max Depth = 92<LI>Call Chain = MS_Device_ProcessControlRequest &rArr; Endpoint_ClearStatusStage &rArr; DcdDataTransfer &rArr; __aeabi_memclr4
</UL>
<BR>[Calls]<UL><LI><a href="#[69]">&gt;&gt;</a>&nbsp;&nbsp;&nbsp;DcdDataTransfer
<LI><a href="#[75]">&gt;&gt;</a>&nbsp;&nbsp;&nbsp;Endpoint_ClearStatusStage
</UL>
<BR>[Called By]<UL><LI><a href="#[73]">&gt;&gt;</a>&nbsp;&nbsp;&nbsp;EVENT_USB_Device_ControlRequest
</UL>

<P><STRONG><a name="[87]"></a>MS_Device_USBTask</STRONG> (Thumb, 604 bytes, Stack size 40 bytes, massstorageclassdevice.o(i.MS_Device_USBTask))
<BR><BR>[Stack]<UL><LI>Max Depth = 228<LI>Call Chain = MS_Device_USBTask &rArr; MS_Device_ReturnCommandStatus &rArr; USB_USBTask &rArr; USB_Device_ProcessControlRequest &rArr; USB_Device_SetConfiguration &rArr; EVENT_USB_Device_ConfigurationChanged &rArr; MS_Device_ConfigureEndpoints &rArr; Endpoint_ConfigureEndpoint &rArr; DcdDataTransfer &rArr; __aeabi_memclr4
</UL>
<BR>[Calls]<UL><LI><a href="#[5b]">&gt;&gt;</a>&nbsp;&nbsp;&nbsp;CALLBACK_MS_Device_SCSICommandReceived
<LI><a href="#[85]">&gt;&gt;</a>&nbsp;&nbsp;&nbsp;MS_Device_ReturnCommandStatus
<LI><a href="#[83]">&gt;&gt;</a>&nbsp;&nbsp;&nbsp;MS_Device_ReadInCommandBlock
</UL>
<BR>[Called By]<UL><LI><a href="#[4c]">&gt;&gt;</a>&nbsp;&nbsp;&nbsp;main
</UL>

<P><STRONG><a name="[8c]"></a>MassStorage_GetAddressInImage</STRONG> (Thumb, 40 bytes, Stack size 0 bytes, dataram.o(i.MassStorage_GetAddressInImage))
<BR><BR>[Called By]<UL><LI><a href="#[8b]">&gt;&gt;</a>&nbsp;&nbsp;&nbsp;SCSI_Command_ReadWrite_10
</UL>

<P><STRONG><a name="[5c]"></a>SCSI_DecodeSCSICommand</STRONG> (Thumb, 146 bytes, Stack size 16 bytes, scsi.o(i.SCSI_DecodeSCSICommand))
<BR><BR>[Stack]<UL><LI>Max Depth = 132<LI>Call Chain = SCSI_DecodeSCSICommand &rArr; SCSI_Command_ReadWrite_10 &rArr; Endpoint_Streaming &rArr; DcdPrepareTD &rArr; __aeabi_memclr4
</UL>
<BR>[Calls]<UL><LI><a href="#[8f]">&gt;&gt;</a>&nbsp;&nbsp;&nbsp;SCSI_Command_Request_Sense
<LI><a href="#[8d]">&gt;&gt;</a>&nbsp;&nbsp;&nbsp;SCSI_Command_Read_Capacity_10
<LI><a href="#[8b]">&gt;&gt;</a>&nbsp;&nbsp;&nbsp;SCSI_Command_ReadWrite_10
<LI><a href="#[8a]">&gt;&gt;</a>&nbsp;&nbsp;&nbsp;SCSI_Command_ModeSense_6
<LI><a href="#[88]">&gt;&gt;</a>&nbsp;&nbsp;&nbsp;SCSI_Command_Inquiry
</UL>
<BR>[Called By]<UL><LI><a href="#[5b]">&gt;&gt;</a>&nbsp;&nbsp;&nbsp;CALLBACK_MS_Device_SCSICommandReceived
</UL>

<P><STRONG><a name="[58]"></a>SystemCoreClockUpdate</STRONG> (Thumb, 14 bytes, Stack size 8 bytes, board_ngx_xplorer_18304330.o(i.SystemCoreClockUpdate))
<BR><BR>[Stack]<UL><LI>Max Depth = 64<LI>Call Chain = SystemCoreClockUpdate &rArr; Chip_Clock_GetRate &rArr; Chip_Clock_GetBaseClocktHz &rArr; Chip_Clock_GetClockInputHz &rArr; Chip_Clock_GetMainPLLHz &rArr;  Chip_Clock_GetClockInputHz (Cycle)
</UL>
<BR>[Calls]<UL><LI><a href="#[64]">&gt;&gt;</a>&nbsp;&nbsp;&nbsp;Chip_Clock_GetRate
</UL>
<BR>[Called By]<UL><LI><a href="#[57]">&gt;&gt;</a>&nbsp;&nbsp;&nbsp;Board_Init
</UL>

<P><STRONG><a name="[3f]"></a>SystemInit</STRONG> (Thumb, 52 bytes, Stack size 16 bytes, sysinit_ngx_xplorer_18304330.o(i.SystemInit))
<BR><BR>[Stack]<UL><LI>Max Depth = 112<LI>Call Chain = SystemInit &rArr; SystemSetupClocking &rArr; Chip_Clock_SetupMainPLLHz &rArr; Chip_Clock_SetupMainPLLMult &rArr; Chip_Clock_GetClockInputHz &rArr; Chip_Clock_GetMainPLLHz &rArr;  Chip_Clock_GetClockInputHz (Cycle)
</UL>
<BR>[Calls]<UL><LI><a href="#[90]">&gt;&gt;</a>&nbsp;&nbsp;&nbsp;fpuInit
<LI><a href="#[91]">&gt;&gt;</a>&nbsp;&nbsp;&nbsp;SystemSetupClocking
</UL>
<BR>[Address Reference Count : 1]<UL><LI> keil_startup_lpc18xx43xx.o(.text)
</UL>
<P><STRONG><a name="[6c]"></a>TransferCompleteISR</STRONG> (Thumb, 418 bytes, Stack size 48 bytes, endpoint_lpc18xx.o(i.TransferCompleteISR))
<BR><BR>[Stack]<UL><LI>Max Depth = 132<LI>Call Chain = TransferCompleteISR &rArr; Endpoint_Streaming &rArr; DcdPrepareTD &rArr; __aeabi_memclr4
</UL>
<BR>[Calls]<UL><LI><a href="#[77]">&gt;&gt;</a>&nbsp;&nbsp;&nbsp;Endpoint_Streaming
<LI><a href="#[69]">&gt;&gt;</a>&nbsp;&nbsp;&nbsp;DcdDataTransfer
<LI><a href="#[96]">&gt;&gt;</a>&nbsp;&nbsp;&nbsp;EVENT_USB_Device_TransferComplete
<LI><a href="#[76]">&gt;&gt;</a>&nbsp;&nbsp;&nbsp;CALLBACK_HAL_GetISOBufferAddress
</UL>
<BR>[Called By]<UL><LI><a href="#[6b]">&gt;&gt;</a>&nbsp;&nbsp;&nbsp;DcdIrqHandler
</UL>

<P><STRONG><a name="[15]"></a>USB0_IRQHandler</STRONG> (Thumb, 18 bytes, Stack size 0 bytes, hal_lpc18xx.o(i.USB0_IRQHandler))
<BR><BR>[Stack]<UL><LI>Max Depth = 180<LI>Call Chain = USB0_IRQHandler &rArr; DcdIrqHandler &rArr; TransferCompleteISR &rArr; Endpoint_Streaming &rArr; DcdPrepareTD &rArr; __aeabi_memclr4
</UL>
<BR>[Calls]<UL><LI><a href="#[6b]">&gt;&gt;</a>&nbsp;&nbsp;&nbsp;DcdIrqHandler
</UL>
<BR>[Address Reference Count : 1]<UL><LI> keil_startup_lpc18xx43xx.o(RESET)
</UL>
<P><STRONG><a name="[16]"></a>USB1_IRQHandler</STRONG> (Thumb, 16 bytes, Stack size 0 bytes, hal_lpc18xx.o(i.USB1_IRQHandler))
<BR><BR>[Stack]<UL><LI>Max Depth = 180<LI>Call Chain = USB1_IRQHandler &rArr; DcdIrqHandler &rArr; TransferCompleteISR &rArr; Endpoint_Streaming &rArr; DcdPrepareTD &rArr; __aeabi_memclr4
</UL>
<BR>[Calls]<UL><LI><a href="#[6b]">&gt;&gt;</a>&nbsp;&nbsp;&nbsp;DcdIrqHandler
</UL>
<BR>[Address Reference Count : 1]<UL><LI> keil_startup_lpc18xx43xx.o(RESET)
</UL>
<P><STRONG><a name="[9c]"></a>USB_Device_ProcessControlRequest</STRONG> (Thumb, 222 bytes, Stack size 16 bytes, devicestandardreq.o(i.USB_Device_ProcessControlRequest))
<BR><BR>[Stack]<UL><LI>Max Depth = 140<LI>Call Chain = USB_Device_ProcessControlRequest &rArr; USB_Device_SetConfiguration &rArr; EVENT_USB_Device_ConfigurationChanged &rArr; MS_Device_ConfigureEndpoints &rArr; Endpoint_ConfigureEndpoint &rArr; DcdDataTransfer &rArr; __aeabi_memclr4
</UL>
<BR>[Calls]<UL><LI><a href="#[73]">&gt;&gt;</a>&nbsp;&nbsp;&nbsp;EVENT_USB_Device_ControlRequest
<LI><a href="#[9d]">&gt;&gt;</a>&nbsp;&nbsp;&nbsp;Endpoint_GetSetupPackage
<LI><a href="#[9f]">&gt;&gt;</a>&nbsp;&nbsp;&nbsp;USB_Device_SetConfiguration
<LI><a href="#[9e]">&gt;&gt;</a>&nbsp;&nbsp;&nbsp;USB_Device_SetAddress
<LI><a href="#[9b]">&gt;&gt;</a>&nbsp;&nbsp;&nbsp;USB_Device_GetStatus
<LI><a href="#[99]">&gt;&gt;</a>&nbsp;&nbsp;&nbsp;USB_Device_GetDescriptor
<LI><a href="#[98]">&gt;&gt;</a>&nbsp;&nbsp;&nbsp;USB_Device_GetConfiguration
<LI><a href="#[97]">&gt;&gt;</a>&nbsp;&nbsp;&nbsp;USB_Device_ClearSetFeature
</UL>
<BR>[Called By]<UL><LI><a href="#[86]">&gt;&gt;</a>&nbsp;&nbsp;&nbsp;USB_USBTask
</UL>

<P><STRONG><a name="[d0]"></a>EVENT_USB_Device_Reset</STRONG> (Thumb, 0 bytes, Stack size 0 bytes, events.o(i.USB_Event_Stub), UNUSED)

<P><STRONG><a name="[6d]"></a>EVENT_USB_Device_StartOfFrame</STRONG> (Thumb, 0 bytes, Stack size 0 bytes, events.o(i.USB_Event_Stub))
<BR><BR>[Called By]<UL><LI><a href="#[6b]">&gt;&gt;</a>&nbsp;&nbsp;&nbsp;DcdIrqHandler
</UL>

<P><STRONG><a name="[d1]"></a>EVENT_USB_Device_Suspend</STRONG> (Thumb, 0 bytes, Stack size 0 bytes, events.o(i.USB_Event_Stub), UNUSED)

<P><STRONG><a name="[d2]"></a>EVENT_USB_Device_WakeUp</STRONG> (Thumb, 0 bytes, Stack size 0 bytes, events.o(i.USB_Event_Stub), UNUSED)

<P><STRONG><a name="[d3]"></a>USB_Event_Stub</STRONG> (Thumb, 2 bytes, Stack size 0 bytes, events.o(i.USB_Event_Stub), UNUSED)

<P><STRONG><a name="[a0]"></a>USB_Init</STRONG> (Thumb, 32 bytes, Stack size 16 bytes, usbcontroller.o(i.USB_Init))
<BR><BR>[Stack]<UL><LI>Max Depth = 116<LI>Call Chain = USB_Init &rArr; USB_ResetInterface &rArr; Endpoint_ConfigureEndpoint &rArr; DcdDataTransfer &rArr; __aeabi_memclr4
</UL>
<BR>[Calls]<UL><LI><a href="#[7c]">&gt;&gt;</a>&nbsp;&nbsp;&nbsp;HAL_USBInit
<LI><a href="#[a1]">&gt;&gt;</a>&nbsp;&nbsp;&nbsp;USB_ResetInterface
</UL>
<BR>[Called By]<UL><LI><a href="#[4c]">&gt;&gt;</a>&nbsp;&nbsp;&nbsp;main
</UL>

<P><STRONG><a name="[a1]"></a>USB_ResetInterface</STRONG> (Thumb, 62 bytes, Stack size 16 bytes, usbcontroller.o(i.USB_ResetInterface))
<BR><BR>[Stack]<UL><LI>Max Depth = 100<LI>Call Chain = USB_ResetInterface &rArr; Endpoint_ConfigureEndpoint &rArr; DcdDataTransfer &rArr; __aeabi_memclr4
</UL>
<BR>[Calls]<UL><LI><a href="#[a3]">&gt;&gt;</a>&nbsp;&nbsp;&nbsp;HAL_USBConnect
<LI><a href="#[a2]">&gt;&gt;</a>&nbsp;&nbsp;&nbsp;HAL_EnableUSBInterrupt
<LI><a href="#[6f]">&gt;&gt;</a>&nbsp;&nbsp;&nbsp;Endpoint_ConfigureEndpoint
</UL>
<BR>[Called By]<UL><LI><a href="#[a0]">&gt;&gt;</a>&nbsp;&nbsp;&nbsp;USB_Init
</UL>

<P><STRONG><a name="[86]"></a>USB_USBTask</STRONG> (Thumb, 42 bytes, Stack size 16 bytes, usbtask.o(i.USB_USBTask))
<BR><BR>[Stack]<UL><LI>Max Depth = 156<LI>Call Chain = USB_USBTask &rArr; USB_Device_ProcessControlRequest &rArr; USB_Device_SetConfiguration &rArr; EVENT_USB_Device_ConfigurationChanged &rArr; MS_Device_ConfigureEndpoints &rArr; Endpoint_ConfigureEndpoint &rArr; DcdDataTransfer &rArr; __aeabi_memclr4
</UL>
<BR>[Calls]<UL><LI><a href="#[9c]">&gt;&gt;</a>&nbsp;&nbsp;&nbsp;USB_Device_ProcessControlRequest
</UL>
<BR>[Called By]<UL><LI><a href="#[4c]">&gt;&gt;</a>&nbsp;&nbsp;&nbsp;main
<LI><a href="#[85]">&gt;&gt;</a>&nbsp;&nbsp;&nbsp;MS_Device_ReturnCommandStatus
</UL>

<P><STRONG><a name="[51]"></a>_sys_exit</STRONG> (Thumb, 2 bytes, Stack size 0 bytes, board_ngx_xplorer_18304330.o(i._sys_exit))
<BR><BR>[Calls]<UL><LI><a href="#[51]">&gt;&gt;</a>&nbsp;&nbsp;&nbsp;_sys_exit
</UL>
<BR>[Called By]<UL><LI><a href="#[51]">&gt;&gt;</a>&nbsp;&nbsp;&nbsp;_sys_exit
<LI><a href="#[50]">&gt;&gt;</a>&nbsp;&nbsp;&nbsp;__rt_exit_exit
</UL>

<P><STRONG><a name="[90]"></a>fpuInit</STRONG> (Thumb, 46 bytes, Stack size 12 bytes, fpu_init.o(i.fpuInit))
<BR><BR>[Stack]<UL><LI>Max Depth = 12<LI>Call Chain = fpuInit
</UL>
<BR>[Called By]<UL><LI><a href="#[3f]">&gt;&gt;</a>&nbsp;&nbsp;&nbsp;SystemInit
</UL>

<P><STRONG><a name="[4c]"></a>main</STRONG> (Thumb, 30 bytes, Stack size 0 bytes, massstorage.o(i.main))
<BR><BR>[Stack]<UL><LI>Max Depth = 228<LI>Call Chain = main &rArr; MS_Device_USBTask &rArr; MS_Device_ReturnCommandStatus &rArr; USB_USBTask &rArr; USB_Device_ProcessControlRequest &rArr; USB_Device_SetConfiguration &rArr; EVENT_USB_Device_ConfigurationChanged &rArr; MS_Device_ConfigureEndpoints &rArr; Endpoint_ConfigureEndpoint &rArr; DcdDataTransfer &rArr; __aeabi_memclr4
</UL>
<BR>[Calls]<UL><LI><a href="#[86]">&gt;&gt;</a>&nbsp;&nbsp;&nbsp;USB_USBTask
<LI><a href="#[a0]">&gt;&gt;</a>&nbsp;&nbsp;&nbsp;USB_Init
<LI><a href="#[87]">&gt;&gt;</a>&nbsp;&nbsp;&nbsp;MS_Device_USBTask
<LI><a href="#[57]">&gt;&gt;</a>&nbsp;&nbsp;&nbsp;Board_Init
</UL>
<BR>[Called By]<UL><LI><a href="#[4b]">&gt;&gt;</a>&nbsp;&nbsp;&nbsp;__rt_entry_main
</UL>

<P><STRONG><a name="[46]"></a>_fp_init</STRONG> (Thumb, 10 bytes, Stack size 0 bytes, fpinit.o(x$fpl$fpinit))
<BR><BR>[Called By]<UL><LI><a href="#[45]">&gt;&gt;</a>&nbsp;&nbsp;&nbsp;__rt_lib_init_fp_1
</UL>

<P><STRONG><a name="[d4]"></a>__fplib_config_fpu_vfp</STRONG> (Thumb, 0 bytes, Stack size unknown bytes, fpinit.o(x$fpl$fpinit), UNUSED)

<P><STRONG><a name="[d5]"></a>__fplib_config_pureend_doubles</STRONG> (Thumb, 0 bytes, Stack size unknown bytes, fpinit.o(x$fpl$fpinit), UNUSED)
<P>
<H3>
Local Symbols
</H3>
<P><STRONG><a name="[88]"></a>SCSI_Command_Inquiry</STRONG> (Thumb, 164 bytes, Stack size 24 bytes, scsi.o(i.SCSI_Command_Inquiry))
<BR><BR>[Stack]<UL><LI>Max Depth = 68<LI>Call Chain = SCSI_Command_Inquiry &rArr; DcdDataTransfer &rArr; __aeabi_memclr4
</UL>
<BR>[Calls]<UL><LI><a href="#[7a]">&gt;&gt;</a>&nbsp;&nbsp;&nbsp;Endpoint_Write_Stream_LE
<LI><a href="#[89]">&gt;&gt;</a>&nbsp;&nbsp;&nbsp;Endpoint_Null_Stream
<LI><a href="#[69]">&gt;&gt;</a>&nbsp;&nbsp;&nbsp;DcdDataTransfer
</UL>
<BR>[Called By]<UL><LI><a href="#[5c]">&gt;&gt;</a>&nbsp;&nbsp;&nbsp;SCSI_DecodeSCSICommand
</UL>

<P><STRONG><a name="[8a]"></a>SCSI_Command_ModeSense_6</STRONG> (Thumb, 318 bytes, Stack size 24 bytes, scsi.o(i.SCSI_Command_ModeSense_6))
<BR><BR>[Stack]<UL><LI>Max Depth = 68<LI>Call Chain = SCSI_Command_ModeSense_6 &rArr; DcdDataTransfer &rArr; __aeabi_memclr4
</UL>
<BR>[Calls]<UL><LI><a href="#[69]">&gt;&gt;</a>&nbsp;&nbsp;&nbsp;DcdDataTransfer
</UL>
<BR>[Called By]<UL><LI><a href="#[5c]">&gt;&gt;</a>&nbsp;&nbsp;&nbsp;SCSI_DecodeSCSICommand
</UL>

<P><STRONG><a name="[8b]"></a>SCSI_Command_ReadWrite_10</STRONG> (Thumb, 218 bytes, Stack size 32 bytes, scsi.o(i.SCSI_Command_ReadWrite_10))
<BR><BR>[Stack]<UL><LI>Max Depth = 116<LI>Call Chain = SCSI_Command_ReadWrite_10 &rArr; Endpoint_Streaming &rArr; DcdPrepareTD &rArr; __aeabi_memclr4
</UL>
<BR>[Calls]<UL><LI><a href="#[8c]">&gt;&gt;</a>&nbsp;&nbsp;&nbsp;MassStorage_GetAddressInImage
<LI><a href="#[77]">&gt;&gt;</a>&nbsp;&nbsp;&nbsp;Endpoint_Streaming
</UL>
<BR>[Called By]<UL><LI><a href="#[5c]">&gt;&gt;</a>&nbsp;&nbsp;&nbsp;SCSI_DecodeSCSICommand
</UL>

<P><STRONG><a name="[8d]"></a>SCSI_Command_Read_Capacity_10</STRONG> (Thumb, 112 bytes, Stack size 32 bytes, scsi.o(i.SCSI_Command_Read_Capacity_10))
<BR><BR>[Stack]<UL><LI>Max Depth = 76<LI>Call Chain = SCSI_Command_Read_Capacity_10 &rArr; DcdDataTransfer &rArr; __aeabi_memclr4
</UL>
<BR>[Calls]<UL><LI><a href="#[8e]">&gt;&gt;</a>&nbsp;&nbsp;&nbsp;Endpoint_Write_Stream_BE
<LI><a href="#[69]">&gt;&gt;</a>&nbsp;&nbsp;&nbsp;DcdDataTransfer
</UL>
<BR>[Called By]<UL><LI><a href="#[5c]">&gt;&gt;</a>&nbsp;&nbsp;&nbsp;SCSI_DecodeSCSICommand
</UL>

<P><STRONG><a name="[8f]"></a>SCSI_Command_Request_Sense</STRONG> (Thumb, 116 bytes, Stack size 24 bytes, scsi.o(i.SCSI_Command_Request_Sense))
<BR><BR>[Stack]<UL><LI>Max Depth = 68<LI>Call Chain = SCSI_Command_Request_Sense &rArr; DcdDataTransfer &rArr; __aeabi_memclr4
</UL>
<BR>[Calls]<UL><LI><a href="#[7a]">&gt;&gt;</a>&nbsp;&nbsp;&nbsp;Endpoint_Write_Stream_LE
<LI><a href="#[89]">&gt;&gt;</a>&nbsp;&nbsp;&nbsp;Endpoint_Null_Stream
<LI><a href="#[69]">&gt;&gt;</a>&nbsp;&nbsp;&nbsp;DcdDataTransfer
</UL>
<BR>[Called By]<UL><LI><a href="#[5c]">&gt;&gt;</a>&nbsp;&nbsp;&nbsp;SCSI_DecodeSCSICommand
</UL>

<P><STRONG><a name="[5a]"></a>Chip_GPIO_WriteDirBit</STRONG> (Thumb, 26 bytes, Stack size 0 bytes, board_ngx_xplorer_18304330.o(i.Chip_GPIO_WriteDirBit))
<BR><BR>[Called By]<UL><LI><a href="#[57]">&gt;&gt;</a>&nbsp;&nbsp;&nbsp;Board_Init
</UL>

<P><STRONG><a name="[59]"></a>Chip_SCU_PinMuxSet</STRONG> (Thumb, 12 bytes, Stack size 0 bytes, board_ngx_xplorer_18304330.o(i.Chip_SCU_PinMuxSet))
<BR><BR>[Called By]<UL><LI><a href="#[57]">&gt;&gt;</a>&nbsp;&nbsp;&nbsp;Board_Init
</UL>

<P><STRONG><a name="[91]"></a>SystemSetupClocking</STRONG> (Thumb, 218 bytes, Stack size 16 bytes, sysinit_ngx_xplorer_18304330.o(i.SystemSetupClocking))
<BR><BR>[Stack]<UL><LI>Max Depth = 96<LI>Call Chain = SystemSetupClocking &rArr; Chip_Clock_SetupMainPLLHz &rArr; Chip_Clock_SetupMainPLLMult &rArr; Chip_Clock_GetClockInputHz &rArr; Chip_Clock_GetMainPLLHz &rArr;  Chip_Clock_GetClockInputHz (Cycle)
</UL>
<BR>[Calls]<UL><LI><a href="#[95]">&gt;&gt;</a>&nbsp;&nbsp;&nbsp;Chip_Clock_SetupPLL
<LI><a href="#[65]">&gt;&gt;</a>&nbsp;&nbsp;&nbsp;Chip_Clock_SetupMainPLLHz
<LI><a href="#[94]">&gt;&gt;</a>&nbsp;&nbsp;&nbsp;Chip_Clock_SetDivider
<LI><a href="#[93]">&gt;&gt;</a>&nbsp;&nbsp;&nbsp;Chip_Clock_SetBaseClock
<LI><a href="#[92]">&gt;&gt;</a>&nbsp;&nbsp;&nbsp;Chip_Clock_EnableCrystal
</UL>
<BR>[Called By]<UL><LI><a href="#[3f]">&gt;&gt;</a>&nbsp;&nbsp;&nbsp;SystemInit
</UL>

<P><STRONG><a name="[83]"></a>MS_Device_ReadInCommandBlock</STRONG> (Thumb, 240 bytes, Stack size 24 bytes, massstorageclassdevice.o(i.MS_Device_ReadInCommandBlock))
<BR><BR>[Stack]<UL><LI>Max Depth = 52<LI>Call Chain = MS_Device_ReadInCommandBlock &rArr; Endpoint_Read_Stream_LE
</UL>
<BR>[Calls]<UL><LI><a href="#[84]">&gt;&gt;</a>&nbsp;&nbsp;&nbsp;Endpoint_Read_Stream_LE
</UL>
<BR>[Called By]<UL><LI><a href="#[87]">&gt;&gt;</a>&nbsp;&nbsp;&nbsp;MS_Device_USBTask
</UL>

<P><STRONG><a name="[85]"></a>MS_Device_ReturnCommandStatus</STRONG> (Thumb, 222 bytes, Stack size 32 bytes, massstorageclassdevice.o(i.MS_Device_ReturnCommandStatus))
<BR><BR>[Stack]<UL><LI>Max Depth = 188<LI>Call Chain = MS_Device_ReturnCommandStatus &rArr; USB_USBTask &rArr; USB_Device_ProcessControlRequest &rArr; USB_Device_SetConfiguration &rArr; EVENT_USB_Device_ConfigurationChanged &rArr; MS_Device_ConfigureEndpoints &rArr; Endpoint_ConfigureEndpoint &rArr; DcdDataTransfer &rArr; __aeabi_memclr4
</UL>
<BR>[Calls]<UL><LI><a href="#[7a]">&gt;&gt;</a>&nbsp;&nbsp;&nbsp;Endpoint_Write_Stream_LE
<LI><a href="#[69]">&gt;&gt;</a>&nbsp;&nbsp;&nbsp;DcdDataTransfer
<LI><a href="#[86]">&gt;&gt;</a>&nbsp;&nbsp;&nbsp;USB_USBTask
</UL>
<BR>[Called By]<UL><LI><a href="#[87]">&gt;&gt;</a>&nbsp;&nbsp;&nbsp;MS_Device_USBTask
</UL>

<P><STRONG><a name="[81]"></a>Chip_CREG_EnableUSB0Phy</STRONG> (Thumb, 22 bytes, Stack size 0 bytes, hal_lpc18xx.o(i.Chip_CREG_EnableUSB0Phy))
<BR><BR>[Called By]<UL><LI><a href="#[7c]">&gt;&gt;</a>&nbsp;&nbsp;&nbsp;HAL_USBInit
</UL>

<P><STRONG><a name="[61]"></a>Chip_Clock_GetDivRate</STRONG> (Thumb, 34 bytes, Stack size 8 bytes, clock_18xx_43xx.o(i.Chip_Clock_GetDivRate))
<BR><BR>[Stack]<UL><LI>Max Depth = 8 + In Cycle
<LI>Call Chain = Chip_Clock_GetDivRate &rArr;  Chip_Clock_GetClockInputHz (Cycle)
</UL>
<BR>[Calls]<UL><LI><a href="#[62]">&gt;&gt;</a>&nbsp;&nbsp;&nbsp;Chip_Clock_GetDividerSource
<LI><a href="#[63]">&gt;&gt;</a>&nbsp;&nbsp;&nbsp;Chip_Clock_GetDividerDivisor
<LI><a href="#[5f]">&gt;&gt;</a>&nbsp;&nbsp;&nbsp;Chip_Clock_GetClockInputHz
</UL>
<BR>[Called By]<UL><LI><a href="#[5f]">&gt;&gt;</a>&nbsp;&nbsp;&nbsp;Chip_Clock_GetClockInputHz
</UL>

<P><STRONG><a name="[66]"></a>Chip_Clock_TestMainPLLMultiplier</STRONG> (Thumb, 20 bytes, Stack size 0 bytes, clock_18xx_43xx.o(i.Chip_Clock_TestMainPLLMultiplier))
<BR><BR>[Called By]<UL><LI><a href="#[65]">&gt;&gt;</a>&nbsp;&nbsp;&nbsp;Chip_Clock_SetupMainPLLHz
</UL>

<P><STRONG><a name="[97]"></a>USB_Device_ClearSetFeature</STRONG> (Thumb, 258 bytes, Stack size 16 bytes, devicestandardreq.o(i.USB_Device_ClearSetFeature))
<BR><BR>[Stack]<UL><LI>Max Depth = 76<LI>Call Chain = USB_Device_ClearSetFeature &rArr; Endpoint_ClearStatusStage &rArr; DcdDataTransfer &rArr; __aeabi_memclr4
</UL>
<BR>[Calls]<UL><LI><a href="#[75]">&gt;&gt;</a>&nbsp;&nbsp;&nbsp;Endpoint_ClearStatusStage
</UL>
<BR>[Called By]<UL><LI><a href="#[9c]">&gt;&gt;</a>&nbsp;&nbsp;&nbsp;USB_Device_ProcessControlRequest
</UL>

<P><STRONG><a name="[98]"></a>USB_Device_GetConfiguration</STRONG> (Thumb, 170 bytes, Stack size 24 bytes, devicestandardreq.o(i.USB_Device_GetConfiguration))
<BR><BR>[Stack]<UL><LI>Max Depth = 84<LI>Call Chain = USB_Device_GetConfiguration &rArr; Endpoint_ClearStatusStage &rArr; DcdDataTransfer &rArr; __aeabi_memclr4
</UL>
<BR>[Calls]<UL><LI><a href="#[69]">&gt;&gt;</a>&nbsp;&nbsp;&nbsp;DcdDataTransfer
<LI><a href="#[75]">&gt;&gt;</a>&nbsp;&nbsp;&nbsp;Endpoint_ClearStatusStage
</UL>
<BR>[Called By]<UL><LI><a href="#[9c]">&gt;&gt;</a>&nbsp;&nbsp;&nbsp;USB_Device_ProcessControlRequest
</UL>

<P><STRONG><a name="[99]"></a>USB_Device_GetDescriptor</STRONG> (Thumb, 144 bytes, Stack size 24 bytes, devicestandardreq.o(i.USB_Device_GetDescriptor))
<BR><BR>[Stack]<UL><LI>Max Depth = 84<LI>Call Chain = USB_Device_GetDescriptor &rArr; Endpoint_Write_Control_Stream_LE &rArr; DcdDataTransfer &rArr; __aeabi_memclr4
</UL>
<BR>[Calls]<UL><LI><a href="#[9a]">&gt;&gt;</a>&nbsp;&nbsp;&nbsp;CALLBACK_USB_GetDescriptor
<LI><a href="#[79]">&gt;&gt;</a>&nbsp;&nbsp;&nbsp;Endpoint_Write_Control_Stream_LE
</UL>
<BR>[Called By]<UL><LI><a href="#[9c]">&gt;&gt;</a>&nbsp;&nbsp;&nbsp;USB_Device_ProcessControlRequest
</UL>

<P><STRONG><a name="[9b]"></a>USB_Device_GetStatus</STRONG> (Thumb, 308 bytes, Stack size 24 bytes, devicestandardreq.o(i.USB_Device_GetStatus))
<BR><BR>[Stack]<UL><LI>Max Depth = 84<LI>Call Chain = USB_Device_GetStatus &rArr; Endpoint_ClearStatusStage &rArr; DcdDataTransfer &rArr; __aeabi_memclr4
</UL>
<BR>[Calls]<UL><LI><a href="#[69]">&gt;&gt;</a>&nbsp;&nbsp;&nbsp;DcdDataTransfer
<LI><a href="#[75]">&gt;&gt;</a>&nbsp;&nbsp;&nbsp;Endpoint_ClearStatusStage
</UL>
<BR>[Called By]<UL><LI><a href="#[9c]">&gt;&gt;</a>&nbsp;&nbsp;&nbsp;USB_Device_ProcessControlRequest
</UL>

<P><STRONG><a name="[9e]"></a>USB_Device_SetAddress</STRONG> (Thumb, 144 bytes, Stack size 24 bytes, devicestandardreq.o(i.USB_Device_SetAddress))
<BR><BR>[Stack]<UL><LI>Max Depth = 84<LI>Call Chain = USB_Device_SetAddress &rArr; Endpoint_ClearStatusStage &rArr; DcdDataTransfer &rArr; __aeabi_memclr4
</UL>
<BR>[Calls]<UL><LI><a href="#[75]">&gt;&gt;</a>&nbsp;&nbsp;&nbsp;Endpoint_ClearStatusStage
</UL>
<BR>[Called By]<UL><LI><a href="#[9c]">&gt;&gt;</a>&nbsp;&nbsp;&nbsp;USB_Device_ProcessControlRequest
</UL>

<P><STRONG><a name="[9f]"></a>USB_Device_SetConfiguration</STRONG> (Thumb, 70 bytes, Stack size 16 bytes, devicestandardreq.o(i.USB_Device_SetConfiguration))
<BR><BR>[Stack]<UL><LI>Max Depth = 124<LI>Call Chain = USB_Device_SetConfiguration &rArr; EVENT_USB_Device_ConfigurationChanged &rArr; MS_Device_ConfigureEndpoints &rArr; Endpoint_ConfigureEndpoint &rArr; DcdDataTransfer &rArr; __aeabi_memclr4
</UL>
<BR>[Calls]<UL><LI><a href="#[71]">&gt;&gt;</a>&nbsp;&nbsp;&nbsp;EVENT_USB_Device_ConfigurationChanged
<LI><a href="#[75]">&gt;&gt;</a>&nbsp;&nbsp;&nbsp;Endpoint_ClearStatusStage
</UL>
<BR>[Called By]<UL><LI><a href="#[9c]">&gt;&gt;</a>&nbsp;&nbsp;&nbsp;USB_Device_ProcessControlRequest
</UL>
<P>
<H3>
Undefined Global Symbols
</H3><HR></body></html>
