<!doctype html public "-//w3c//dtd html 4.0 transitional//en">
<html><head>
<title>Static Call Graph - [.\keil_output\spifi_ngx_xplorer_4330\AudioOutputDevice_spifi_ngx_xplorer_4330.axf]</title></head>
<body><HR>
<H1>Static Call Graph for image .\keil_output\spifi_ngx_xplorer_4330\AudioOutputDevice_spifi_ngx_xplorer_4330.axf</H1><HR>
<BR><P>#&#060CALLGRAPH&#062# ARM Linker, 5.03 [Build 76]: Last Updated: Fri Jan 24 16:18:30 2014
<BR><P>
<H3>Maximum Stack Usage =        336 bytes + Unknown(Functions without stacksize, Cycles, Untraceable Function Pointers)</H3><H3>
Call chain for Maximum Stack Depth:</H3>
__rt_entry_main &rArr; main &rArr; USB_USBTask &rArr; USB_Device_ProcessControlRequest &rArr; EVENT_USB_Device_ControlRequest &rArr; Audio_Device_ProcessControlRequest &rArr; CALLBACK_Audio_Device_GetSetEndpointProperty &rArr; Audio_Init &rArr; Board_Audio_Init &rArr; Board_Audio_CodecInit &rArr; UDA1380_Init &rArr; Audio_Codec_SetDefaultValues &rArr; UDA1380_REG_VerifyMult &rArr; Chip_I2C_MasterCmdRead &rArr; Chip_I2C_MasterTransfer
<P>
<H3>
Functions with no stack information
</H3><UL>
 <LI><a href="#[68]">__user_initial_stackheap</a>
</UL>
</UL>
<P>
<H3>
Mutually Recursive functions
</H3> <LI><a href="#[a]">NMI_Handler</a>&nbsp;&nbsp;&nbsp;&rArr;&nbsp;&nbsp;&nbsp;<a href="#[a]">NMI_Handler</a><BR>
 <LI><a href="#[b]">HardFault_Handler</a>&nbsp;&nbsp;&nbsp;&rArr;&nbsp;&nbsp;&nbsp;<a href="#[b]">HardFault_Handler</a><BR>
 <LI><a href="#[c]">MemManage_Handler</a>&nbsp;&nbsp;&nbsp;&rArr;&nbsp;&nbsp;&nbsp;<a href="#[c]">MemManage_Handler</a><BR>
 <LI><a href="#[d]">BusFault_Handler</a>&nbsp;&nbsp;&nbsp;&rArr;&nbsp;&nbsp;&nbsp;<a href="#[d]">BusFault_Handler</a><BR>
 <LI><a href="#[e]">UsageFault_Handler</a>&nbsp;&nbsp;&nbsp;&rArr;&nbsp;&nbsp;&nbsp;<a href="#[e]">UsageFault_Handler</a><BR>
 <LI><a href="#[10]">SVC_Handler</a>&nbsp;&nbsp;&nbsp;&rArr;&nbsp;&nbsp;&nbsp;<a href="#[10]">SVC_Handler</a><BR>
 <LI><a href="#[11]">DebugMon_Handler</a>&nbsp;&nbsp;&nbsp;&rArr;&nbsp;&nbsp;&nbsp;<a href="#[11]">DebugMon_Handler</a><BR>
 <LI><a href="#[12]">PendSV_Handler</a>&nbsp;&nbsp;&nbsp;&rArr;&nbsp;&nbsp;&nbsp;<a href="#[12]">PendSV_Handler</a><BR>
 <LI><a href="#[13]">SysTick_Handler</a>&nbsp;&nbsp;&nbsp;&rArr;&nbsp;&nbsp;&nbsp;<a href="#[13]">SysTick_Handler</a><BR>
 <LI><a href="#[f]">UnHandled_Vector</a>&nbsp;&nbsp;&nbsp;&rArr;&nbsp;&nbsp;&nbsp;<a href="#[f]">UnHandled_Vector</a><BR>
 <LI><a href="#[24]">ADC0_IRQHandler</a>&nbsp;&nbsp;&nbsp;&rArr;&nbsp;&nbsp;&nbsp;<a href="#[24]">ADC0_IRQHandler</a><BR>
 <LI><a href="#[91]">Chip_Clock_GetMainPLLHz</a>&nbsp;&nbsp;&nbsp;&rArr;&nbsp;&nbsp;&nbsp;<a href="#[90]">Chip_Clock_GetClockInputHz</a><BR>
 <LI><a href="#[92]">Chip_Clock_GetDivRate</a>&nbsp;&nbsp;&nbsp;&rArr;&nbsp;&nbsp;&nbsp;<a href="#[90]">Chip_Clock_GetClockInputHz</a><BR>
 <LI><a href="#[5a]">_sys_exit</a>&nbsp;&nbsp;&nbsp;&rArr;&nbsp;&nbsp;&nbsp;<a href="#[5a]">_sys_exit</a><BR>
</UL>
<P>
<H3>
Function Pointers
</H3><UL>
 <LI><a href="#[24]">ADC0_IRQHandler</a> from keil_startup_lpc18xx43xx.o(.text) referenced from keil_startup_lpc18xx43xx.o(RESET)
 <LI><a href="#[28]">ADC1_IRQHandler</a> from keil_startup_lpc18xx43xx.o(.text) referenced from keil_startup_lpc18xx43xx.o(RESET)
 <LI><a href="#[40]">ATIMER_IRQHandler</a> from keil_startup_lpc18xx43xx.o(.text) referenced from keil_startup_lpc18xx43xx.o(RESET)
 <LI><a href="#[d]">BusFault_Handler</a> from keil_startup_lpc18xx43xx.o(.text) referenced from keil_startup_lpc18xx43xx.o(RESET)
 <LI><a href="#[43]">CAN0_IRQHandler</a> from keil_startup_lpc18xx43xx.o(.text) referenced from keil_startup_lpc18xx43xx.o(RESET)
 <LI><a href="#[3e]">CAN1_IRQHandler</a> from keil_startup_lpc18xx43xx.o(.text) referenced from keil_startup_lpc18xx43xx.o(RESET)
 <LI><a href="#[8]">Chip_I2C_EventHandler</a> from i2c_18xx_43xx.o(i.Chip_I2C_EventHandler) referenced 4 times from i2c_18xx_43xx.o(.data)
 <LI><a href="#[47]">Chip_I2C_EventHandlerPolling</a> from i2c_18xx_43xx.o(i.Chip_I2C_EventHandlerPolling) referenced from uda1380.o(i.UDA1380_Init)
 <LI><a href="#[14]">DAC_IRQHandler</a> from keil_startup_lpc18xx43xx.o(.text) referenced from keil_startup_lpc18xx43xx.o(RESET)
 <LI><a href="#[16]">DMA_IRQHandler</a> from keil_startup_lpc18xx43xx.o(.text) referenced from keil_startup_lpc18xx43xx.o(RESET)
 <LI><a href="#[11]">DebugMon_Handler</a> from keil_startup_lpc18xx43xx.o(.text) referenced from keil_startup_lpc18xx43xx.o(RESET)
 <LI><a href="#[18]">ETH_IRQHandler</a> from keil_startup_lpc18xx43xx.o(.text) referenced from keil_startup_lpc18xx43xx.o(RESET)
 <LI><a href="#[3d]">EVRT_IRQHandler</a> from keil_startup_lpc18xx43xx.o(.text) referenced from keil_startup_lpc18xx43xx.o(RESET)
 <LI><a href="#[17]">FLASHEEPROM_IRQHandler</a> from keil_startup_lpc18xx43xx.o(.text) referenced from keil_startup_lpc18xx43xx.o(RESET)
 <LI><a href="#[3b]">GINT0_IRQHandler</a> from keil_startup_lpc18xx43xx.o(.text) referenced from keil_startup_lpc18xx43xx.o(RESET)
 <LI><a href="#[3c]">GINT1_IRQHandler</a> from keil_startup_lpc18xx43xx.o(.text) referenced from keil_startup_lpc18xx43xx.o(RESET)
 <LI><a href="#[33]">GPIO0_IRQHandler</a> from board_ngx_xplorer_18304330.o(i.GPIO0_IRQHandler) referenced from keil_startup_lpc18xx43xx.o(RESET)
 <LI><a href="#[34]">GPIO1_IRQHandler</a> from keil_startup_lpc18xx43xx.o(.text) referenced from keil_startup_lpc18xx43xx.o(RESET)
 <LI><a href="#[35]">GPIO2_IRQHandler</a> from keil_startup_lpc18xx43xx.o(.text) referenced from keil_startup_lpc18xx43xx.o(RESET)
 <LI><a href="#[36]">GPIO3_IRQHandler</a> from keil_startup_lpc18xx43xx.o(.text) referenced from keil_startup_lpc18xx43xx.o(RESET)
 <LI><a href="#[37]">GPIO4_IRQHandler</a> from keil_startup_lpc18xx43xx.o(.text) referenced from keil_startup_lpc18xx43xx.o(RESET)
 <LI><a href="#[38]">GPIO5_IRQHandler</a> from keil_startup_lpc18xx43xx.o(.text) referenced from keil_startup_lpc18xx43xx.o(RESET)
 <LI><a href="#[39]">GPIO6_IRQHandler</a> from keil_startup_lpc18xx43xx.o(.text) referenced from keil_startup_lpc18xx43xx.o(RESET)
 <LI><a href="#[3a]">GPIO7_IRQHandler</a> from keil_startup_lpc18xx43xx.o(.text) referenced from keil_startup_lpc18xx43xx.o(RESET)
 <LI><a href="#[b]">HardFault_Handler</a> from keil_startup_lpc18xx43xx.o(.text) referenced from keil_startup_lpc18xx43xx.o(RESET)
 <LI><a href="#[25]">I2C0_IRQHandler</a> from keil_startup_lpc18xx43xx.o(.text) referenced from keil_startup_lpc18xx43xx.o(RESET)
 <LI><a href="#[26]">I2C1_IRQHandler</a> from keil_startup_lpc18xx43xx.o(.text) referenced from keil_startup_lpc18xx43xx.o(RESET)
 <LI><a href="#[2f]">I2S0_IRQHandler</a> from audiooutput.o(i.I2S0_IRQHandler) referenced from keil_startup_lpc18xx43xx.o(RESET)
 <LI><a href="#[30]">I2S1_IRQHandler</a> from keil_startup_lpc18xx43xx.o(.text) referenced from keil_startup_lpc18xx43xx.o(RESET)
 <LI><a href="#[1a]">LCD_IRQHandler</a> from keil_startup_lpc18xx43xx.o(.text) referenced from keil_startup_lpc18xx43xx.o(RESET)
 <LI><a href="#[23]">MCPWM_IRQHandler</a> from keil_startup_lpc18xx43xx.o(.text) referenced from keil_startup_lpc18xx43xx.o(RESET)
 <LI><a href="#[15]">MX_CORE_IRQHandler</a> from keil_startup_lpc18xx43xx.o(.text) referenced from keil_startup_lpc18xx43xx.o(RESET)
 <LI><a href="#[c]">MemManage_Handler</a> from keil_startup_lpc18xx43xx.o(.text) referenced from keil_startup_lpc18xx43xx.o(RESET)
 <LI><a href="#[a]">NMI_Handler</a> from keil_startup_lpc18xx43xx.o(.text) referenced from keil_startup_lpc18xx43xx.o(RESET)
 <LI><a href="#[12]">PendSV_Handler</a> from keil_startup_lpc18xx43xx.o(.text) referenced from keil_startup_lpc18xx43xx.o(RESET)
 <LI><a href="#[44]">QEI_IRQHandler</a> from keil_startup_lpc18xx43xx.o(.text) referenced from keil_startup_lpc18xx43xx.o(RESET)
 <LI><a href="#[1e]">RIT_IRQHandler</a> from keil_startup_lpc18xx43xx.o(.text) referenced from keil_startup_lpc18xx43xx.o(RESET)
 <LI><a href="#[41]">RTC_IRQHandler</a> from keil_startup_lpc18xx43xx.o(.text) referenced from keil_startup_lpc18xx43xx.o(RESET)
 <LI><a href="#[9]">Reset_Handler</a> from keil_startup_lpc18xx43xx.o(.text) referenced from keil_startup_lpc18xx43xx.o(RESET)
 <LI><a href="#[1d]">SCT_IRQHandler</a> from keil_startup_lpc18xx43xx.o(.text) referenced from keil_startup_lpc18xx43xx.o(RESET)
 <LI><a href="#[19]">SDIO_IRQHandler</a> from keil_startup_lpc18xx43xx.o(.text) referenced from keil_startup_lpc18xx43xx.o(RESET)
 <LI><a href="#[32]">SGPIO_IRQHandler</a> from keil_startup_lpc18xx43xx.o(.text) referenced from keil_startup_lpc18xx43xx.o(RESET)
 <LI><a href="#[31]">SPIFI_IRQHandler</a> from keil_startup_lpc18xx43xx.o(.text) referenced from keil_startup_lpc18xx43xx.o(RESET)
 <LI><a href="#[27]">SPI_IRQHandler</a> from keil_startup_lpc18xx43xx.o(.text) referenced from keil_startup_lpc18xx43xx.o(RESET)
 <LI><a href="#[29]">SSP0_IRQHandler</a> from keil_startup_lpc18xx43xx.o(.text) referenced from keil_startup_lpc18xx43xx.o(RESET)
 <LI><a href="#[2a]">SSP1_IRQHandler</a> from keil_startup_lpc18xx43xx.o(.text) referenced from keil_startup_lpc18xx43xx.o(RESET)
 <LI><a href="#[10]">SVC_Handler</a> from keil_startup_lpc18xx43xx.o(.text) referenced from keil_startup_lpc18xx43xx.o(RESET)
 <LI><a href="#[13]">SysTick_Handler</a> from keil_startup_lpc18xx43xx.o(.text) referenced from keil_startup_lpc18xx43xx.o(RESET)
 <LI><a href="#[45]">SystemInit</a> from sysinit_ngx_xplorer_18304330.o(i.SystemInit) referenced from keil_startup_lpc18xx43xx.o(.text)
 <LI><a href="#[1f]">TIMER0_IRQHandler</a> from keil_startup_lpc18xx43xx.o(.text) referenced from keil_startup_lpc18xx43xx.o(RESET)
 <LI><a href="#[20]">TIMER1_IRQHandler</a> from keil_startup_lpc18xx43xx.o(.text) referenced from keil_startup_lpc18xx43xx.o(RESET)
 <LI><a href="#[21]">TIMER2_IRQHandler</a> from keil_startup_lpc18xx43xx.o(.text) referenced from keil_startup_lpc18xx43xx.o(RESET)
 <LI><a href="#[22]">TIMER3_IRQHandler</a> from keil_startup_lpc18xx43xx.o(.text) referenced from keil_startup_lpc18xx43xx.o(RESET)
 <LI><a href="#[2b]">UART0_IRQHandler</a> from keil_startup_lpc18xx43xx.o(.text) referenced from keil_startup_lpc18xx43xx.o(RESET)
 <LI><a href="#[2c]">UART1_IRQHandler</a> from keil_startup_lpc18xx43xx.o(.text) referenced from keil_startup_lpc18xx43xx.o(RESET)
 <LI><a href="#[2d]">UART2_IRQHandler</a> from keil_startup_lpc18xx43xx.o(.text) referenced from keil_startup_lpc18xx43xx.o(RESET)
 <LI><a href="#[2e]">UART3_IRQHandler</a> from keil_startup_lpc18xx43xx.o(.text) referenced from keil_startup_lpc18xx43xx.o(RESET)
 <LI><a href="#[1b]">USB0_IRQHandler</a> from hal_lpc18xx.o(i.USB0_IRQHandler) referenced from keil_startup_lpc18xx43xx.o(RESET)
 <LI><a href="#[1c]">USB1_IRQHandler</a> from hal_lpc18xx.o(i.USB1_IRQHandler) referenced from keil_startup_lpc18xx43xx.o(RESET)
 <LI><a href="#[f]">UnHandled_Vector</a> from keil_startup_lpc18xx43xx.o(.text) referenced 8 times from keil_startup_lpc18xx43xx.o(RESET)
 <LI><a href="#[e]">UsageFault_Handler</a> from keil_startup_lpc18xx43xx.o(.text) referenced from keil_startup_lpc18xx43xx.o(RESET)
 <LI><a href="#[3f]">VADC_IRQHandler</a> from keil_startup_lpc18xx43xx.o(.text) referenced from keil_startup_lpc18xx43xx.o(RESET)
 <LI><a href="#[42]">WDT_IRQHandler</a> from keil_startup_lpc18xx43xx.o(.text) referenced from keil_startup_lpc18xx43xx.o(RESET)
 <LI><a href="#[48]">__main</a> from __main.o(!!!main) referenced from keil_startup_lpc18xx43xx.o(.text)
</UL>
<P>
<H3>
Global Symbols
</H3>
<P><STRONG><a name="[48]"></a>__main</STRONG> (Thumb, 8 bytes, Stack size 0 bytes, __main.o(!!!main))
<BR><BR>[Calls]<UL><LI><a href="#[4a]">&gt;&gt;</a>&nbsp;&nbsp;&nbsp;__rt_entry
<LI><a href="#[49]">&gt;&gt;</a>&nbsp;&nbsp;&nbsp;__scatterload
</UL>

<P><STRONG><a name="[49]"></a>__scatterload</STRONG> (Thumb, 0 bytes, Stack size unknown bytes, __scatter.o(!!!scatter))
<BR><BR>[Called By]<UL><LI><a href="#[48]">&gt;&gt;</a>&nbsp;&nbsp;&nbsp;__main
</UL>

<P><STRONG><a name="[4b]"></a>__scatterload_rt2</STRONG> (Thumb, 44 bytes, Stack size unknown bytes, __scatter.o(!!!scatter), UNUSED)
<BR><BR>[Calls]<UL><LI><a href="#[4a]">&gt;&gt;</a>&nbsp;&nbsp;&nbsp;__rt_entry
</UL>

<P><STRONG><a name="[de]"></a>__scatterload_rt2_thumb_only</STRONG> (Thumb, 0 bytes, Stack size unknown bytes, __scatter.o(!!!scatter), UNUSED)

<P><STRONG><a name="[df]"></a>__scatterload_null</STRONG> (Thumb, 0 bytes, Stack size unknown bytes, __scatter.o(!!!scatter), UNUSED)

<P><STRONG><a name="[e0]"></a>__decompress</STRONG> (Thumb, 90 bytes, Stack size unknown bytes, __dczerorl2.o(!!dczerorl2), UNUSED)

<P><STRONG><a name="[e1]"></a>__decompress1</STRONG> (Thumb, 0 bytes, Stack size unknown bytes, __dczerorl2.o(!!dczerorl2), UNUSED)

<P><STRONG><a name="[e2]"></a>__scatterload_zeroinit</STRONG> (Thumb, 28 bytes, Stack size unknown bytes, __scatter_zi.o(!!handler_zi), UNUSED)

<P><STRONG><a name="[53]"></a>__rt_lib_init</STRONG> (Thumb, 0 bytes, Stack size unknown bytes, libinit.o(.ARM.Collect$$libinit$$00000000))
<BR><BR>[Called By]<UL><LI><a href="#[52]">&gt;&gt;</a>&nbsp;&nbsp;&nbsp;__rt_entry_li
</UL>

<P><STRONG><a name="[4c]"></a>__rt_lib_init_fp_1</STRONG> (Thumb, 0 bytes, Stack size unknown bytes, libinit2.o(.ARM.Collect$$libinit$$00000001))
<BR><BR>[Calls]<UL><LI><a href="#[4d]">&gt;&gt;</a>&nbsp;&nbsp;&nbsp;_fp_init
</UL>

<P><STRONG><a name="[4e]"></a>__rt_lib_init_heap_2</STRONG> (Thumb, 0 bytes, Stack size unknown bytes, libinit2.o(.ARM.Collect$$libinit$$00000003))
<BR><BR>[Stack]<UL><LI>Max Depth = 64 + Unknown Stack Size
<LI>Call Chain = __rt_lib_init_heap_2 &rArr; _init_alloc &rArr; __rt_SIGRTMEM &rArr; __rt_SIGRTMEM_inner &rArr; __default_signal_display &rArr; _ttywrch
</UL>
<BR>[Calls]<UL><LI><a href="#[4f]">&gt;&gt;</a>&nbsp;&nbsp;&nbsp;_init_alloc
</UL>

<P><STRONG><a name="[e3]"></a>__rt_lib_init_alloca_1</STRONG> (Thumb, 0 bytes, Stack size unknown bytes, libinit2.o(.ARM.Collect$$libinit$$0000002C))

<P><STRONG><a name="[e4]"></a>__rt_lib_init_argv_1</STRONG> (Thumb, 0 bytes, Stack size unknown bytes, libinit2.o(.ARM.Collect$$libinit$$0000002A))

<P><STRONG><a name="[e5]"></a>__rt_lib_init_atexit_1</STRONG> (Thumb, 0 bytes, Stack size unknown bytes, libinit2.o(.ARM.Collect$$libinit$$00000019))

<P><STRONG><a name="[e6]"></a>__rt_lib_init_clock_1</STRONG> (Thumb, 0 bytes, Stack size unknown bytes, libinit2.o(.ARM.Collect$$libinit$$0000001F))

<P><STRONG><a name="[e7]"></a>__rt_lib_init_cpp_1</STRONG> (Thumb, 0 bytes, Stack size unknown bytes, libinit2.o(.ARM.Collect$$libinit$$00000030))

<P><STRONG><a name="[e8]"></a>__rt_lib_init_exceptions_1</STRONG> (Thumb, 0 bytes, Stack size unknown bytes, libinit2.o(.ARM.Collect$$libinit$$0000002E))

<P><STRONG><a name="[e9]"></a>__rt_lib_init_fp_trap_1</STRONG> (Thumb, 0 bytes, Stack size unknown bytes, libinit2.o(.ARM.Collect$$libinit$$0000001D))

<P><STRONG><a name="[ea]"></a>__rt_lib_init_getenv_1</STRONG> (Thumb, 0 bytes, Stack size unknown bytes, libinit2.o(.ARM.Collect$$libinit$$00000021))

<P><STRONG><a name="[eb]"></a>__rt_lib_init_heap_1</STRONG> (Thumb, 0 bytes, Stack size unknown bytes, libinit2.o(.ARM.Collect$$libinit$$00000008))

<P><STRONG><a name="[ec]"></a>__rt_lib_init_lc_collate_1</STRONG> (Thumb, 0 bytes, Stack size unknown bytes, libinit2.o(.ARM.Collect$$libinit$$0000000F))

<P><STRONG><a name="[ed]"></a>__rt_lib_init_lc_ctype_1</STRONG> (Thumb, 0 bytes, Stack size unknown bytes, libinit2.o(.ARM.Collect$$libinit$$00000011))

<P><STRONG><a name="[ee]"></a>__rt_lib_init_lc_monetary_1</STRONG> (Thumb, 0 bytes, Stack size unknown bytes, libinit2.o(.ARM.Collect$$libinit$$00000013))

<P><STRONG><a name="[ef]"></a>__rt_lib_init_lc_numeric_1</STRONG> (Thumb, 0 bytes, Stack size unknown bytes, libinit2.o(.ARM.Collect$$libinit$$00000015))

<P><STRONG><a name="[f0]"></a>__rt_lib_init_lc_time_1</STRONG> (Thumb, 0 bytes, Stack size unknown bytes, libinit2.o(.ARM.Collect$$libinit$$00000017))

<P><STRONG><a name="[f1]"></a>__rt_lib_init_rand_1</STRONG> (Thumb, 0 bytes, Stack size unknown bytes, libinit2.o(.ARM.Collect$$libinit$$0000000C))

<P><STRONG><a name="[f2]"></a>__rt_lib_init_return</STRONG> (Thumb, 0 bytes, Stack size unknown bytes, libinit2.o(.ARM.Collect$$libinit$$00000031))

<P><STRONG><a name="[f3]"></a>__rt_lib_init_signal_1</STRONG> (Thumb, 0 bytes, Stack size unknown bytes, libinit2.o(.ARM.Collect$$libinit$$0000001B))

<P><STRONG><a name="[f4]"></a>__rt_lib_init_stdio_1</STRONG> (Thumb, 0 bytes, Stack size unknown bytes, libinit2.o(.ARM.Collect$$libinit$$00000023))

<P><STRONG><a name="[f5]"></a>__rt_lib_init_user_alloc_1</STRONG> (Thumb, 0 bytes, Stack size unknown bytes, libinit2.o(.ARM.Collect$$libinit$$0000000A))

<P><STRONG><a name="[58]"></a>__rt_lib_shutdown</STRONG> (Thumb, 0 bytes, Stack size unknown bytes, libshutdown.o(.ARM.Collect$$libshutdown$$00000000))
<BR><BR>[Called By]<UL><LI><a href="#[57]">&gt;&gt;</a>&nbsp;&nbsp;&nbsp;__rt_exit_ls
</UL>

<P><STRONG><a name="[f6]"></a>__rt_lib_shutdown_fp_trap_1</STRONG> (Thumb, 0 bytes, Stack size unknown bytes, libshutdown2.o(.ARM.Collect$$libshutdown$$00000006))

<P><STRONG><a name="[f7]"></a>__rt_lib_shutdown_heap_1</STRONG> (Thumb, 0 bytes, Stack size unknown bytes, libshutdown2.o(.ARM.Collect$$libshutdown$$0000000E))

<P><STRONG><a name="[f8]"></a>__rt_lib_shutdown_return</STRONG> (Thumb, 0 bytes, Stack size unknown bytes, libshutdown2.o(.ARM.Collect$$libshutdown$$0000000F))

<P><STRONG><a name="[f9]"></a>__rt_lib_shutdown_signal_1</STRONG> (Thumb, 0 bytes, Stack size unknown bytes, libshutdown2.o(.ARM.Collect$$libshutdown$$00000009))

<P><STRONG><a name="[fa]"></a>__rt_lib_shutdown_stdio_1</STRONG> (Thumb, 0 bytes, Stack size unknown bytes, libshutdown2.o(.ARM.Collect$$libshutdown$$00000003))

<P><STRONG><a name="[fb]"></a>__rt_lib_shutdown_user_alloc_1</STRONG> (Thumb, 0 bytes, Stack size unknown bytes, libshutdown2.o(.ARM.Collect$$libshutdown$$0000000B))

<P><STRONG><a name="[4a]"></a>__rt_entry</STRONG> (Thumb, 0 bytes, Stack size unknown bytes, rtentry.o(.ARM.Collect$$rtentry$$00000000))
<BR><BR>[Called By]<UL><LI><a href="#[48]">&gt;&gt;</a>&nbsp;&nbsp;&nbsp;__main
<LI><a href="#[4b]">&gt;&gt;</a>&nbsp;&nbsp;&nbsp;__scatterload_rt2
</UL>

<P><STRONG><a name="[fc]"></a>__rt_entry_presh_1</STRONG> (Thumb, 0 bytes, Stack size unknown bytes, rtentry2.o(.ARM.Collect$$rtentry$$00000002))

<P><STRONG><a name="[50]"></a>__rt_entry_sh</STRONG> (Thumb, 0 bytes, Stack size unknown bytes, rtentry4.o(.ARM.Collect$$rtentry$$00000004))
<BR><BR>[Stack]<UL><LI>Max Depth = 8 + Unknown Stack Size
<LI>Call Chain = __rt_entry_sh &rArr; __user_setup_stackheap
</UL>
<BR>[Calls]<UL><LI><a href="#[51]">&gt;&gt;</a>&nbsp;&nbsp;&nbsp;__user_setup_stackheap
</UL>

<P><STRONG><a name="[52]"></a>__rt_entry_li</STRONG> (Thumb, 0 bytes, Stack size unknown bytes, rtentry2.o(.ARM.Collect$$rtentry$$0000000A))
<BR><BR>[Calls]<UL><LI><a href="#[53]">&gt;&gt;</a>&nbsp;&nbsp;&nbsp;__rt_lib_init
</UL>

<P><STRONG><a name="[fd]"></a>__rt_entry_postsh_1</STRONG> (Thumb, 0 bytes, Stack size unknown bytes, rtentry2.o(.ARM.Collect$$rtentry$$00000009))

<P><STRONG><a name="[54]"></a>__rt_entry_main</STRONG> (Thumb, 0 bytes, Stack size unknown bytes, rtentry2.o(.ARM.Collect$$rtentry$$0000000D))
<BR><BR>[Stack]<UL><LI>Max Depth = 336 + Unknown Stack Size
<LI>Call Chain = __rt_entry_main &rArr; main &rArr; USB_USBTask &rArr; USB_Device_ProcessControlRequest &rArr; EVENT_USB_Device_ControlRequest &rArr; Audio_Device_ProcessControlRequest &rArr; CALLBACK_Audio_Device_GetSetEndpointProperty &rArr; Audio_Init &rArr; Board_Audio_Init &rArr; Board_Audio_CodecInit &rArr; UDA1380_Init &rArr; Audio_Codec_SetDefaultValues &rArr; UDA1380_REG_VerifyMult &rArr; Chip_I2C_MasterCmdRead &rArr; Chip_I2C_MasterTransfer
</UL>
<BR>[Calls]<UL><LI><a href="#[55]">&gt;&gt;</a>&nbsp;&nbsp;&nbsp;main
<LI><a href="#[56]">&gt;&gt;</a>&nbsp;&nbsp;&nbsp;exit
</UL>

<P><STRONG><a name="[fe]"></a>__rt_entry_postli_1</STRONG> (Thumb, 0 bytes, Stack size unknown bytes, rtentry2.o(.ARM.Collect$$rtentry$$0000000C))

<P><STRONG><a name="[69]"></a>__rt_exit</STRONG> (Thumb, 0 bytes, Stack size unknown bytes, rtexit.o(.ARM.Collect$$rtexit$$00000000))
<BR><BR>[Called By]<UL><LI><a href="#[56]">&gt;&gt;</a>&nbsp;&nbsp;&nbsp;exit
</UL>

<P><STRONG><a name="[57]"></a>__rt_exit_ls</STRONG> (Thumb, 0 bytes, Stack size unknown bytes, rtexit2.o(.ARM.Collect$$rtexit$$00000003))
<BR><BR>[Calls]<UL><LI><a href="#[58]">&gt;&gt;</a>&nbsp;&nbsp;&nbsp;__rt_lib_shutdown
</UL>

<P><STRONG><a name="[ff]"></a>__rt_exit_prels_1</STRONG> (Thumb, 0 bytes, Stack size unknown bytes, rtexit2.o(.ARM.Collect$$rtexit$$00000002))

<P><STRONG><a name="[59]"></a>__rt_exit_exit</STRONG> (Thumb, 0 bytes, Stack size unknown bytes, rtexit2.o(.ARM.Collect$$rtexit$$00000004))
<BR><BR>[Calls]<UL><LI><a href="#[5a]">&gt;&gt;</a>&nbsp;&nbsp;&nbsp;_sys_exit
</UL>

<P><STRONG><a name="[9]"></a>Reset_Handler</STRONG> (Thumb, 8 bytes, Stack size 0 bytes, keil_startup_lpc18xx43xx.o(.text))
<BR>[Address Reference Count : 1]<UL><LI> keil_startup_lpc18xx43xx.o(RESET)
</UL>
<P><STRONG><a name="[100]"></a>_maybe_terminate_alloc</STRONG> (Thumb, 0 bytes, Stack size 0 bytes, maybetermalloc1.o(.emb_text), UNUSED)

<P><STRONG><a name="[a]"></a>NMI_Handler</STRONG> (Thumb, 2 bytes, Stack size 0 bytes, keil_startup_lpc18xx43xx.o(.text))
<BR><BR>[Calls]<UL><LI><a href="#[a]">&gt;&gt;</a>&nbsp;&nbsp;&nbsp;NMI_Handler
</UL>
<BR>[Called By]<UL><LI><a href="#[a]">&gt;&gt;</a>&nbsp;&nbsp;&nbsp;NMI_Handler
</UL>
<BR>[Address Reference Count : 1]<UL><LI> keil_startup_lpc18xx43xx.o(RESET)
</UL>
<P><STRONG><a name="[b]"></a>HardFault_Handler</STRONG> (Thumb, 2 bytes, Stack size 0 bytes, keil_startup_lpc18xx43xx.o(.text))
<BR><BR>[Calls]<UL><LI><a href="#[b]">&gt;&gt;</a>&nbsp;&nbsp;&nbsp;HardFault_Handler
</UL>
<BR>[Called By]<UL><LI><a href="#[b]">&gt;&gt;</a>&nbsp;&nbsp;&nbsp;HardFault_Handler
</UL>
<BR>[Address Reference Count : 1]<UL><LI> keil_startup_lpc18xx43xx.o(RESET)
</UL>
<P><STRONG><a name="[c]"></a>MemManage_Handler</STRONG> (Thumb, 2 bytes, Stack size 0 bytes, keil_startup_lpc18xx43xx.o(.text))
<BR><BR>[Calls]<UL><LI><a href="#[c]">&gt;&gt;</a>&nbsp;&nbsp;&nbsp;MemManage_Handler
</UL>
<BR>[Called By]<UL><LI><a href="#[c]">&gt;&gt;</a>&nbsp;&nbsp;&nbsp;MemManage_Handler
</UL>
<BR>[Address Reference Count : 1]<UL><LI> keil_startup_lpc18xx43xx.o(RESET)
</UL>
<P><STRONG><a name="[d]"></a>BusFault_Handler</STRONG> (Thumb, 2 bytes, Stack size 0 bytes, keil_startup_lpc18xx43xx.o(.text))
<BR><BR>[Calls]<UL><LI><a href="#[d]">&gt;&gt;</a>&nbsp;&nbsp;&nbsp;BusFault_Handler
</UL>
<BR>[Called By]<UL><LI><a href="#[d]">&gt;&gt;</a>&nbsp;&nbsp;&nbsp;BusFault_Handler
</UL>
<BR>[Address Reference Count : 1]<UL><LI> keil_startup_lpc18xx43xx.o(RESET)
</UL>
<P><STRONG><a name="[e]"></a>UsageFault_Handler</STRONG> (Thumb, 2 bytes, Stack size 0 bytes, keil_startup_lpc18xx43xx.o(.text))
<BR><BR>[Calls]<UL><LI><a href="#[e]">&gt;&gt;</a>&nbsp;&nbsp;&nbsp;UsageFault_Handler
</UL>
<BR>[Called By]<UL><LI><a href="#[e]">&gt;&gt;</a>&nbsp;&nbsp;&nbsp;UsageFault_Handler
</UL>
<BR>[Address Reference Count : 1]<UL><LI> keil_startup_lpc18xx43xx.o(RESET)
</UL>
<P><STRONG><a name="[10]"></a>SVC_Handler</STRONG> (Thumb, 2 bytes, Stack size 0 bytes, keil_startup_lpc18xx43xx.o(.text))
<BR><BR>[Calls]<UL><LI><a href="#[10]">&gt;&gt;</a>&nbsp;&nbsp;&nbsp;SVC_Handler
</UL>
<BR>[Called By]<UL><LI><a href="#[10]">&gt;&gt;</a>&nbsp;&nbsp;&nbsp;SVC_Handler
</UL>
<BR>[Address Reference Count : 1]<UL><LI> keil_startup_lpc18xx43xx.o(RESET)
</UL>
<P><STRONG><a name="[11]"></a>DebugMon_Handler</STRONG> (Thumb, 2 bytes, Stack size 0 bytes, keil_startup_lpc18xx43xx.o(.text))
<BR><BR>[Calls]<UL><LI><a href="#[11]">&gt;&gt;</a>&nbsp;&nbsp;&nbsp;DebugMon_Handler
</UL>
<BR>[Called By]<UL><LI><a href="#[11]">&gt;&gt;</a>&nbsp;&nbsp;&nbsp;DebugMon_Handler
</UL>
<BR>[Address Reference Count : 1]<UL><LI> keil_startup_lpc18xx43xx.o(RESET)
</UL>
<P><STRONG><a name="[12]"></a>PendSV_Handler</STRONG> (Thumb, 2 bytes, Stack size 0 bytes, keil_startup_lpc18xx43xx.o(.text))
<BR><BR>[Calls]<UL><LI><a href="#[12]">&gt;&gt;</a>&nbsp;&nbsp;&nbsp;PendSV_Handler
</UL>
<BR>[Called By]<UL><LI><a href="#[12]">&gt;&gt;</a>&nbsp;&nbsp;&nbsp;PendSV_Handler
</UL>
<BR>[Address Reference Count : 1]<UL><LI> keil_startup_lpc18xx43xx.o(RESET)
</UL>
<P><STRONG><a name="[13]"></a>SysTick_Handler</STRONG> (Thumb, 2 bytes, Stack size 0 bytes, keil_startup_lpc18xx43xx.o(.text))
<BR><BR>[Calls]<UL><LI><a href="#[13]">&gt;&gt;</a>&nbsp;&nbsp;&nbsp;SysTick_Handler
</UL>
<BR>[Called By]<UL><LI><a href="#[13]">&gt;&gt;</a>&nbsp;&nbsp;&nbsp;SysTick_Handler
</UL>
<BR>[Address Reference Count : 1]<UL><LI> keil_startup_lpc18xx43xx.o(RESET)
</UL>
<P><STRONG><a name="[f]"></a>UnHandled_Vector</STRONG> (Thumb, 2 bytes, Stack size 0 bytes, keil_startup_lpc18xx43xx.o(.text))
<BR><BR>[Calls]<UL><LI><a href="#[f]">&gt;&gt;</a>&nbsp;&nbsp;&nbsp;UnHandled_Vector
</UL>
<BR>[Called By]<UL><LI><a href="#[f]">&gt;&gt;</a>&nbsp;&nbsp;&nbsp;UnHandled_Vector
</UL>
<BR>[Address Reference Count : 1]<UL><LI> keil_startup_lpc18xx43xx.o(RESET)
</UL>
<P><STRONG><a name="[24]"></a>ADC0_IRQHandler</STRONG> (Thumb, 0 bytes, Stack size 0 bytes, keil_startup_lpc18xx43xx.o(.text))
<BR><BR>[Calls]<UL><LI><a href="#[24]">&gt;&gt;</a>&nbsp;&nbsp;&nbsp;ADC0_IRQHandler
</UL>
<BR>[Called By]<UL><LI><a href="#[24]">&gt;&gt;</a>&nbsp;&nbsp;&nbsp;ADC0_IRQHandler
</UL>
<BR>[Address Reference Count : 1]<UL><LI> keil_startup_lpc18xx43xx.o(RESET)
</UL>
<P><STRONG><a name="[28]"></a>ADC1_IRQHandler</STRONG> (Thumb, 0 bytes, Stack size 0 bytes, keil_startup_lpc18xx43xx.o(.text))
<BR>[Address Reference Count : 1]<UL><LI> keil_startup_lpc18xx43xx.o(RESET)
</UL>
<P><STRONG><a name="[40]"></a>ATIMER_IRQHandler</STRONG> (Thumb, 0 bytes, Stack size 0 bytes, keil_startup_lpc18xx43xx.o(.text))
<BR>[Address Reference Count : 1]<UL><LI> keil_startup_lpc18xx43xx.o(RESET)
</UL>
<P><STRONG><a name="[43]"></a>CAN0_IRQHandler</STRONG> (Thumb, 0 bytes, Stack size 0 bytes, keil_startup_lpc18xx43xx.o(.text))
<BR>[Address Reference Count : 1]<UL><LI> keil_startup_lpc18xx43xx.o(RESET)
</UL>
<P><STRONG><a name="[3e]"></a>CAN1_IRQHandler</STRONG> (Thumb, 0 bytes, Stack size 0 bytes, keil_startup_lpc18xx43xx.o(.text))
<BR>[Address Reference Count : 1]<UL><LI> keil_startup_lpc18xx43xx.o(RESET)
</UL>
<P><STRONG><a name="[14]"></a>DAC_IRQHandler</STRONG> (Thumb, 0 bytes, Stack size 0 bytes, keil_startup_lpc18xx43xx.o(.text))
<BR>[Address Reference Count : 1]<UL><LI> keil_startup_lpc18xx43xx.o(RESET)
</UL>
<P><STRONG><a name="[16]"></a>DMA_IRQHandler</STRONG> (Thumb, 0 bytes, Stack size 0 bytes, keil_startup_lpc18xx43xx.o(.text))
<BR>[Address Reference Count : 1]<UL><LI> keil_startup_lpc18xx43xx.o(RESET)
</UL>
<P><STRONG><a name="[18]"></a>ETH_IRQHandler</STRONG> (Thumb, 0 bytes, Stack size 0 bytes, keil_startup_lpc18xx43xx.o(.text))
<BR>[Address Reference Count : 1]<UL><LI> keil_startup_lpc18xx43xx.o(RESET)
</UL>
<P><STRONG><a name="[3d]"></a>EVRT_IRQHandler</STRONG> (Thumb, 0 bytes, Stack size 0 bytes, keil_startup_lpc18xx43xx.o(.text))
<BR>[Address Reference Count : 1]<UL><LI> keil_startup_lpc18xx43xx.o(RESET)
</UL>
<P><STRONG><a name="[17]"></a>FLASHEEPROM_IRQHandler</STRONG> (Thumb, 0 bytes, Stack size 0 bytes, keil_startup_lpc18xx43xx.o(.text))
<BR>[Address Reference Count : 1]<UL><LI> keil_startup_lpc18xx43xx.o(RESET)
</UL>
<P><STRONG><a name="[3b]"></a>GINT0_IRQHandler</STRONG> (Thumb, 0 bytes, Stack size 0 bytes, keil_startup_lpc18xx43xx.o(.text))
<BR>[Address Reference Count : 1]<UL><LI> keil_startup_lpc18xx43xx.o(RESET)
</UL>
<P><STRONG><a name="[3c]"></a>GINT1_IRQHandler</STRONG> (Thumb, 0 bytes, Stack size 0 bytes, keil_startup_lpc18xx43xx.o(.text))
<BR>[Address Reference Count : 1]<UL><LI> keil_startup_lpc18xx43xx.o(RESET)
</UL>
<P><STRONG><a name="[34]"></a>GPIO1_IRQHandler</STRONG> (Thumb, 0 bytes, Stack size 0 bytes, keil_startup_lpc18xx43xx.o(.text))
<BR>[Address Reference Count : 1]<UL><LI> keil_startup_lpc18xx43xx.o(RESET)
</UL>
<P><STRONG><a name="[35]"></a>GPIO2_IRQHandler</STRONG> (Thumb, 0 bytes, Stack size 0 bytes, keil_startup_lpc18xx43xx.o(.text))
<BR>[Address Reference Count : 1]<UL><LI> keil_startup_lpc18xx43xx.o(RESET)
</UL>
<P><STRONG><a name="[36]"></a>GPIO3_IRQHandler</STRONG> (Thumb, 0 bytes, Stack size 0 bytes, keil_startup_lpc18xx43xx.o(.text))
<BR>[Address Reference Count : 1]<UL><LI> keil_startup_lpc18xx43xx.o(RESET)
</UL>
<P><STRONG><a name="[37]"></a>GPIO4_IRQHandler</STRONG> (Thumb, 0 bytes, Stack size 0 bytes, keil_startup_lpc18xx43xx.o(.text))
<BR>[Address Reference Count : 1]<UL><LI> keil_startup_lpc18xx43xx.o(RESET)
</UL>
<P><STRONG><a name="[38]"></a>GPIO5_IRQHandler</STRONG> (Thumb, 0 bytes, Stack size 0 bytes, keil_startup_lpc18xx43xx.o(.text))
<BR>[Address Reference Count : 1]<UL><LI> keil_startup_lpc18xx43xx.o(RESET)
</UL>
<P><STRONG><a name="[39]"></a>GPIO6_IRQHandler</STRONG> (Thumb, 0 bytes, Stack size 0 bytes, keil_startup_lpc18xx43xx.o(.text))
<BR>[Address Reference Count : 1]<UL><LI> keil_startup_lpc18xx43xx.o(RESET)
</UL>
<P><STRONG><a name="[3a]"></a>GPIO7_IRQHandler</STRONG> (Thumb, 0 bytes, Stack size 0 bytes, keil_startup_lpc18xx43xx.o(.text))
<BR>[Address Reference Count : 1]<UL><LI> keil_startup_lpc18xx43xx.o(RESET)
</UL>
<P><STRONG><a name="[25]"></a>I2C0_IRQHandler</STRONG> (Thumb, 0 bytes, Stack size 0 bytes, keil_startup_lpc18xx43xx.o(.text))
<BR>[Address Reference Count : 1]<UL><LI> keil_startup_lpc18xx43xx.o(RESET)
</UL>
<P><STRONG><a name="[26]"></a>I2C1_IRQHandler</STRONG> (Thumb, 0 bytes, Stack size 0 bytes, keil_startup_lpc18xx43xx.o(.text))
<BR>[Address Reference Count : 1]<UL><LI> keil_startup_lpc18xx43xx.o(RESET)
</UL>
<P><STRONG><a name="[30]"></a>I2S1_IRQHandler</STRONG> (Thumb, 0 bytes, Stack size 0 bytes, keil_startup_lpc18xx43xx.o(.text))
<BR>[Address Reference Count : 1]<UL><LI> keil_startup_lpc18xx43xx.o(RESET)
</UL>
<P><STRONG><a name="[1a]"></a>LCD_IRQHandler</STRONG> (Thumb, 0 bytes, Stack size 0 bytes, keil_startup_lpc18xx43xx.o(.text))
<BR>[Address Reference Count : 1]<UL><LI> keil_startup_lpc18xx43xx.o(RESET)
</UL>
<P><STRONG><a name="[23]"></a>MCPWM_IRQHandler</STRONG> (Thumb, 0 bytes, Stack size 0 bytes, keil_startup_lpc18xx43xx.o(.text))
<BR>[Address Reference Count : 1]<UL><LI> keil_startup_lpc18xx43xx.o(RESET)
</UL>
<P><STRONG><a name="[15]"></a>MX_CORE_IRQHandler</STRONG> (Thumb, 0 bytes, Stack size 0 bytes, keil_startup_lpc18xx43xx.o(.text))
<BR>[Address Reference Count : 1]<UL><LI> keil_startup_lpc18xx43xx.o(RESET)
</UL>
<P><STRONG><a name="[44]"></a>QEI_IRQHandler</STRONG> (Thumb, 0 bytes, Stack size 0 bytes, keil_startup_lpc18xx43xx.o(.text))
<BR>[Address Reference Count : 1]<UL><LI> keil_startup_lpc18xx43xx.o(RESET)
</UL>
<P><STRONG><a name="[1e]"></a>RIT_IRQHandler</STRONG> (Thumb, 0 bytes, Stack size 0 bytes, keil_startup_lpc18xx43xx.o(.text))
<BR>[Address Reference Count : 1]<UL><LI> keil_startup_lpc18xx43xx.o(RESET)
</UL>
<P><STRONG><a name="[41]"></a>RTC_IRQHandler</STRONG> (Thumb, 0 bytes, Stack size 0 bytes, keil_startup_lpc18xx43xx.o(.text))
<BR>[Address Reference Count : 1]<UL><LI> keil_startup_lpc18xx43xx.o(RESET)
</UL>
<P><STRONG><a name="[1d]"></a>SCT_IRQHandler</STRONG> (Thumb, 0 bytes, Stack size 0 bytes, keil_startup_lpc18xx43xx.o(.text))
<BR>[Address Reference Count : 1]<UL><LI> keil_startup_lpc18xx43xx.o(RESET)
</UL>
<P><STRONG><a name="[19]"></a>SDIO_IRQHandler</STRONG> (Thumb, 0 bytes, Stack size 0 bytes, keil_startup_lpc18xx43xx.o(.text))
<BR>[Address Reference Count : 1]<UL><LI> keil_startup_lpc18xx43xx.o(RESET)
</UL>
<P><STRONG><a name="[32]"></a>SGPIO_IRQHandler</STRONG> (Thumb, 0 bytes, Stack size 0 bytes, keil_startup_lpc18xx43xx.o(.text))
<BR>[Address Reference Count : 1]<UL><LI> keil_startup_lpc18xx43xx.o(RESET)
</UL>
<P><STRONG><a name="[31]"></a>SPIFI_IRQHandler</STRONG> (Thumb, 0 bytes, Stack size 0 bytes, keil_startup_lpc18xx43xx.o(.text))
<BR>[Address Reference Count : 1]<UL><LI> keil_startup_lpc18xx43xx.o(RESET)
</UL>
<P><STRONG><a name="[27]"></a>SPI_IRQHandler</STRONG> (Thumb, 0 bytes, Stack size 0 bytes, keil_startup_lpc18xx43xx.o(.text))
<BR>[Address Reference Count : 1]<UL><LI> keil_startup_lpc18xx43xx.o(RESET)
</UL>
<P><STRONG><a name="[29]"></a>SSP0_IRQHandler</STRONG> (Thumb, 0 bytes, Stack size 0 bytes, keil_startup_lpc18xx43xx.o(.text))
<BR>[Address Reference Count : 1]<UL><LI> keil_startup_lpc18xx43xx.o(RESET)
</UL>
<P><STRONG><a name="[2a]"></a>SSP1_IRQHandler</STRONG> (Thumb, 0 bytes, Stack size 0 bytes, keil_startup_lpc18xx43xx.o(.text))
<BR>[Address Reference Count : 1]<UL><LI> keil_startup_lpc18xx43xx.o(RESET)
</UL>
<P><STRONG><a name="[1f]"></a>TIMER0_IRQHandler</STRONG> (Thumb, 0 bytes, Stack size 0 bytes, keil_startup_lpc18xx43xx.o(.text))
<BR>[Address Reference Count : 1]<UL><LI> keil_startup_lpc18xx43xx.o(RESET)
</UL>
<P><STRONG><a name="[20]"></a>TIMER1_IRQHandler</STRONG> (Thumb, 0 bytes, Stack size 0 bytes, keil_startup_lpc18xx43xx.o(.text))
<BR>[Address Reference Count : 1]<UL><LI> keil_startup_lpc18xx43xx.o(RESET)
</UL>
<P><STRONG><a name="[21]"></a>TIMER2_IRQHandler</STRONG> (Thumb, 0 bytes, Stack size 0 bytes, keil_startup_lpc18xx43xx.o(.text))
<BR>[Address Reference Count : 1]<UL><LI> keil_startup_lpc18xx43xx.o(RESET)
</UL>
<P><STRONG><a name="[22]"></a>TIMER3_IRQHandler</STRONG> (Thumb, 0 bytes, Stack size 0 bytes, keil_startup_lpc18xx43xx.o(.text))
<BR>[Address Reference Count : 1]<UL><LI> keil_startup_lpc18xx43xx.o(RESET)
</UL>
<P><STRONG><a name="[2b]"></a>UART0_IRQHandler</STRONG> (Thumb, 0 bytes, Stack size 0 bytes, keil_startup_lpc18xx43xx.o(.text))
<BR>[Address Reference Count : 1]<UL><LI> keil_startup_lpc18xx43xx.o(RESET)
</UL>
<P><STRONG><a name="[2c]"></a>UART1_IRQHandler</STRONG> (Thumb, 0 bytes, Stack size 0 bytes, keil_startup_lpc18xx43xx.o(.text))
<BR>[Address Reference Count : 1]<UL><LI> keil_startup_lpc18xx43xx.o(RESET)
</UL>
<P><STRONG><a name="[2d]"></a>UART2_IRQHandler</STRONG> (Thumb, 0 bytes, Stack size 0 bytes, keil_startup_lpc18xx43xx.o(.text))
<BR>[Address Reference Count : 1]<UL><LI> keil_startup_lpc18xx43xx.o(RESET)
</UL>
<P><STRONG><a name="[2e]"></a>UART3_IRQHandler</STRONG> (Thumb, 0 bytes, Stack size 0 bytes, keil_startup_lpc18xx43xx.o(.text))
<BR>[Address Reference Count : 1]<UL><LI> keil_startup_lpc18xx43xx.o(RESET)
</UL>
<P><STRONG><a name="[3f]"></a>VADC_IRQHandler</STRONG> (Thumb, 0 bytes, Stack size 0 bytes, keil_startup_lpc18xx43xx.o(.text))
<BR>[Address Reference Count : 1]<UL><LI> keil_startup_lpc18xx43xx.o(RESET)
</UL>
<P><STRONG><a name="[42]"></a>WDT_IRQHandler</STRONG> (Thumb, 0 bytes, Stack size 0 bytes, keil_startup_lpc18xx43xx.o(.text))
<BR>[Address Reference Count : 1]<UL><LI> keil_startup_lpc18xx43xx.o(RESET)
</UL>
<P><STRONG><a name="[68]"></a>__user_initial_stackheap</STRONG> (Thumb, 0 bytes, Stack size unknown bytes, keil_startup_lpc18xx43xx.o(.text))
<BR><BR>[Called By]<UL><LI><a href="#[51]">&gt;&gt;</a>&nbsp;&nbsp;&nbsp;__user_setup_stackheap
</UL>

<P><STRONG><a name="[5b]"></a>malloc</STRONG> (Thumb, 94 bytes, Stack size 16 bytes, h1_alloc.o(.text))
<BR><BR>[Stack]<UL><LI>Max Depth = 48<LI>Call Chain = malloc &rArr; __Heap_Full &rArr; __Heap_ProvideMemory &rArr; free
</UL>
<BR>[Calls]<UL><LI><a href="#[5d]">&gt;&gt;</a>&nbsp;&nbsp;&nbsp;__Heap_Full
<LI><a href="#[5c]">&gt;&gt;</a>&nbsp;&nbsp;&nbsp;__rt_heap_descriptor
</UL>
<BR>[Called By]<UL><LI><a href="#[74]">&gt;&gt;</a>&nbsp;&nbsp;&nbsp;Audio_Device_ProcessControlRequest
</UL>

<P><STRONG><a name="[5e]"></a>free</STRONG> (Thumb, 78 bytes, Stack size 16 bytes, h1_free.o(.text))
<BR><BR>[Stack]<UL><LI>Max Depth = 16<LI>Call Chain = free
</UL>
<BR>[Calls]<UL><LI><a href="#[5c]">&gt;&gt;</a>&nbsp;&nbsp;&nbsp;__rt_heap_descriptor
</UL>
<BR>[Called By]<UL><LI><a href="#[74]">&gt;&gt;</a>&nbsp;&nbsp;&nbsp;Audio_Device_ProcessControlRequest
<LI><a href="#[61]">&gt;&gt;</a>&nbsp;&nbsp;&nbsp;__Heap_ProvideMemory
</UL>

<P><STRONG><a name="[a3]"></a>__aeabi_uldivmod</STRONG> (Thumb, 0 bytes, Stack size 48 bytes, lludivv7m.o(.text))
<BR><BR>[Stack]<UL><LI>Max Depth = 48<LI>Call Chain = __aeabi_uldivmod
</UL>
<BR>[Called By]<UL><LI><a href="#[81]">&gt;&gt;</a>&nbsp;&nbsp;&nbsp;Chip_I2S_Config
<LI><a href="#[c2]">&gt;&gt;</a>&nbsp;&nbsp;&nbsp;I2S_RateFind
</UL>

<P><STRONG><a name="[101]"></a>_ll_udiv</STRONG> (Thumb, 238 bytes, Stack size 48 bytes, lludivv7m.o(.text), UNUSED)

<P><STRONG><a name="[7d]"></a>__aeabi_memcpy</STRONG> (Thumb, 0 bytes, Stack size 0 bytes, rt_memcpy_v6.o(.text))
<BR><BR>[Called By]<UL><LI><a href="#[7b]">&gt;&gt;</a>&nbsp;&nbsp;&nbsp;Audio_Get_ISO_Buffer_Address
</UL>

<P><STRONG><a name="[5f]"></a>__rt_memcpy</STRONG> (Thumb, 138 bytes, Stack size 0 bytes, rt_memcpy_v6.o(.text), UNUSED)
<BR><BR>[Calls]<UL><LI><a href="#[60]">&gt;&gt;</a>&nbsp;&nbsp;&nbsp;__aeabi_memcpy4
</UL>

<P><STRONG><a name="[102]"></a>_memcpy_lastbytes</STRONG> (Thumb, 0 bytes, Stack size unknown bytes, rt_memcpy_v6.o(.text), UNUSED)

<P><STRONG><a name="[9e]"></a>__aeabi_memclr4</STRONG> (Thumb, 0 bytes, Stack size 4 bytes, rt_memclr_w.o(.text))
<BR><BR>[Stack]<UL><LI>Max Depth = 4<LI>Call Chain = __aeabi_memclr4
</UL>
<BR>[Called By]<UL><LI><a href="#[73]">&gt;&gt;</a>&nbsp;&nbsp;&nbsp;Endpoint_ConfigureEndpoint
<LI><a href="#[79]">&gt;&gt;</a>&nbsp;&nbsp;&nbsp;DcdDataTransfer
<LI><a href="#[a0]">&gt;&gt;</a>&nbsp;&nbsp;&nbsp;Chip_I2C_MasterSend
<LI><a href="#[9d]">&gt;&gt;</a>&nbsp;&nbsp;&nbsp;Chip_I2C_MasterCmdRead
<LI><a href="#[b2]">&gt;&gt;</a>&nbsp;&nbsp;&nbsp;DcdPrepareTD
</UL>

<P><STRONG><a name="[103]"></a>__aeabi_memclr8</STRONG> (Thumb, 0 bytes, Stack size 4 bytes, rt_memclr_w.o(.text), UNUSED)

<P><STRONG><a name="[104]"></a>__rt_memclr_w</STRONG> (Thumb, 78 bytes, Stack size 4 bytes, rt_memclr_w.o(.text), UNUSED)

<P><STRONG><a name="[105]"></a>_memset_w</STRONG> (Thumb, 0 bytes, Stack size unknown bytes, rt_memclr_w.o(.text), UNUSED)

<P><STRONG><a name="[106]"></a>__use_two_region_memory</STRONG> (Thumb, 2 bytes, Stack size 0 bytes, heapauxi.o(.text), UNUSED)

<P><STRONG><a name="[2]"></a>__rt_heap_escrow</STRONG> (Thumb, 2 bytes, Stack size 0 bytes, heapauxi.o(.text), UNUSED)

<P><STRONG><a name="[1]"></a>__rt_heap_expand</STRONG> (Thumb, 2 bytes, Stack size 0 bytes, heapauxi.o(.text), UNUSED)

<P><STRONG><a name="[5c]"></a>__rt_heap_descriptor</STRONG> (Thumb, 8 bytes, Stack size 0 bytes, rt_heap_descriptor_intlibspace.o(.text))
<BR><BR>[Called By]<UL><LI><a href="#[4f]">&gt;&gt;</a>&nbsp;&nbsp;&nbsp;_init_alloc
<LI><a href="#[5e]">&gt;&gt;</a>&nbsp;&nbsp;&nbsp;free
<LI><a href="#[5b]">&gt;&gt;</a>&nbsp;&nbsp;&nbsp;malloc
</UL>

<P><STRONG><a name="[107]"></a>__use_no_heap</STRONG> (Thumb, 2 bytes, Stack size 0 bytes, hguard.o(.text), UNUSED)

<P><STRONG><a name="[108]"></a>__heap$guard</STRONG> (Thumb, 2 bytes, Stack size 0 bytes, hguard.o(.text), UNUSED)

<P><STRONG><a name="[6]"></a>_terminate_user_alloc</STRONG> (Thumb, 2 bytes, Stack size 0 bytes, init_alloc.o(.text), UNUSED)

<P><STRONG><a name="[4]"></a>_init_user_alloc</STRONG> (Thumb, 2 bytes, Stack size 0 bytes, init_alloc.o(.text), UNUSED)

<P><STRONG><a name="[5d]"></a>__Heap_Full</STRONG> (Thumb, 34 bytes, Stack size 16 bytes, init_alloc.o(.text))
<BR><BR>[Stack]<UL><LI>Max Depth = 32<LI>Call Chain = __Heap_Full &rArr; __Heap_ProvideMemory &rArr; free
</UL>
<BR>[Calls]<UL><LI><a href="#[61]">&gt;&gt;</a>&nbsp;&nbsp;&nbsp;__Heap_ProvideMemory
</UL>
<BR>[Called By]<UL><LI><a href="#[5b]">&gt;&gt;</a>&nbsp;&nbsp;&nbsp;malloc
</UL>

<P><STRONG><a name="[62]"></a>__Heap_Broken</STRONG> (Thumb, 6 bytes, Stack size 0 bytes, init_alloc.o(.text), UNUSED)
<BR><BR>[Calls]<UL><LI><a href="#[63]">&gt;&gt;</a>&nbsp;&nbsp;&nbsp;__rt_SIGRTMEM
</UL>

<P><STRONG><a name="[4f]"></a>_init_alloc</STRONG> (Thumb, 94 bytes, Stack size 24 bytes, init_alloc.o(.text))
<BR><BR>[Stack]<UL><LI>Max Depth = 64<LI>Call Chain = _init_alloc &rArr; __rt_SIGRTMEM &rArr; __rt_SIGRTMEM_inner &rArr; __default_signal_display &rArr; _ttywrch
</UL>
<BR>[Calls]<UL><LI><a href="#[61]">&gt;&gt;</a>&nbsp;&nbsp;&nbsp;__Heap_ProvideMemory
<LI><a href="#[64]">&gt;&gt;</a>&nbsp;&nbsp;&nbsp;__Heap_Initialize
<LI><a href="#[5c]">&gt;&gt;</a>&nbsp;&nbsp;&nbsp;__rt_heap_descriptor
<LI><a href="#[63]">&gt;&gt;</a>&nbsp;&nbsp;&nbsp;__rt_SIGRTMEM
</UL>
<BR>[Called By]<UL><LI><a href="#[4e]">&gt;&gt;</a>&nbsp;&nbsp;&nbsp;__rt_lib_init_heap_2
</UL>

<P><STRONG><a name="[64]"></a>__Heap_Initialize</STRONG> (Thumb, 10 bytes, Stack size 0 bytes, h1_init.o(.text))
<BR><BR>[Called By]<UL><LI><a href="#[4f]">&gt;&gt;</a>&nbsp;&nbsp;&nbsp;_init_alloc
</UL>

<P><STRONG><a name="[3]"></a>__Heap_DescSize</STRONG> (Thumb, 4 bytes, Stack size 0 bytes, h1_init.o(.text), UNUSED)

<P><STRONG><a name="[60]"></a>__aeabi_memcpy4</STRONG> (Thumb, 0 bytes, Stack size 8 bytes, rt_memcpy_w.o(.text), UNUSED)
<BR><BR>[Called By]<UL><LI><a href="#[5f]">&gt;&gt;</a>&nbsp;&nbsp;&nbsp;__rt_memcpy
</UL>

<P><STRONG><a name="[109]"></a>__aeabi_memcpy8</STRONG> (Thumb, 0 bytes, Stack size 8 bytes, rt_memcpy_w.o(.text), UNUSED)

<P><STRONG><a name="[10a]"></a>__rt_memcpy_w</STRONG> (Thumb, 100 bytes, Stack size 8 bytes, rt_memcpy_w.o(.text), UNUSED)

<P><STRONG><a name="[10b]"></a>_memcpy_lastbytes_aligned</STRONG> (Thumb, 0 bytes, Stack size unknown bytes, rt_memcpy_w.o(.text), UNUSED)

<P><STRONG><a name="[10c]"></a>__user_libspace</STRONG> (Thumb, 8 bytes, Stack size 0 bytes, libspace.o(.text), UNUSED)

<P><STRONG><a name="[67]"></a>__user_perproc_libspace</STRONG> (Thumb, 0 bytes, Stack size 0 bytes, libspace.o(.text))
<BR><BR>[Called By]<UL><LI><a href="#[51]">&gt;&gt;</a>&nbsp;&nbsp;&nbsp;__user_setup_stackheap
</UL>

<P><STRONG><a name="[10d]"></a>__user_perthread_libspace</STRONG> (Thumb, 0 bytes, Stack size 0 bytes, libspace.o(.text), UNUSED)

<P><STRONG><a name="[61]"></a>__Heap_ProvideMemory</STRONG> (Thumb, 52 bytes, Stack size 0 bytes, h1_extend.o(.text))
<BR><BR>[Stack]<UL><LI>Max Depth = 16<LI>Call Chain = __Heap_ProvideMemory &rArr; free
</UL>
<BR>[Calls]<UL><LI><a href="#[5e]">&gt;&gt;</a>&nbsp;&nbsp;&nbsp;free
</UL>
<BR>[Called By]<UL><LI><a href="#[4f]">&gt;&gt;</a>&nbsp;&nbsp;&nbsp;_init_alloc
<LI><a href="#[5d]">&gt;&gt;</a>&nbsp;&nbsp;&nbsp;__Heap_Full
</UL>

<P><STRONG><a name="[63]"></a>__rt_SIGRTMEM</STRONG> (Thumb, 14 bytes, Stack size 8 bytes, defsig_rtmem_outer.o(.text))
<BR><BR>[Stack]<UL><LI>Max Depth = 40<LI>Call Chain = __rt_SIGRTMEM &rArr; __rt_SIGRTMEM_inner &rArr; __default_signal_display &rArr; _ttywrch
</UL>
<BR>[Calls]<UL><LI><a href="#[65]">&gt;&gt;</a>&nbsp;&nbsp;&nbsp;__rt_SIGRTMEM_inner
<LI><a href="#[66]">&gt;&gt;</a>&nbsp;&nbsp;&nbsp;__sig_exit
</UL>
<BR>[Called By]<UL><LI><a href="#[4f]">&gt;&gt;</a>&nbsp;&nbsp;&nbsp;_init_alloc
<LI><a href="#[62]">&gt;&gt;</a>&nbsp;&nbsp;&nbsp;__Heap_Broken
</UL>

<P><STRONG><a name="[10e]"></a>__I$use$semihosting</STRONG> (Thumb, 0 bytes, Stack size 0 bytes, use_no_semi.o(.text), UNUSED)

<P><STRONG><a name="[10f]"></a>__use_no_semihosting_swi</STRONG> (Thumb, 2 bytes, Stack size 0 bytes, use_no_semi.o(.text), UNUSED)

<P><STRONG><a name="[110]"></a>__semihosting_library_function</STRONG> (Thumb, 0 bytes, Stack size 8 bytes, indicate_semi.o(.text), UNUSED)

<P><STRONG><a name="[51]"></a>__user_setup_stackheap</STRONG> (Thumb, 74 bytes, Stack size 8 bytes, sys_stackheap_outer.o(.text))
<BR><BR>[Stack]<UL><LI>Max Depth = 8 + Unknown Stack Size
<LI>Call Chain = __user_setup_stackheap
</UL>
<BR>[Calls]<UL><LI><a href="#[68]">&gt;&gt;</a>&nbsp;&nbsp;&nbsp;__user_initial_stackheap
<LI><a href="#[67]">&gt;&gt;</a>&nbsp;&nbsp;&nbsp;__user_perproc_libspace
</UL>
<BR>[Called By]<UL><LI><a href="#[50]">&gt;&gt;</a>&nbsp;&nbsp;&nbsp;__rt_entry_sh
</UL>

<P><STRONG><a name="[56]"></a>exit</STRONG> (Thumb, 12 bytes, Stack size 0 bytes, exit.o(.text))
<BR><BR>[Calls]<UL><LI><a href="#[69]">&gt;&gt;</a>&nbsp;&nbsp;&nbsp;__rt_exit
</UL>
<BR>[Called By]<UL><LI><a href="#[54]">&gt;&gt;</a>&nbsp;&nbsp;&nbsp;__rt_entry_main
</UL>

<P><STRONG><a name="[66]"></a>__sig_exit</STRONG> (Thumb, 10 bytes, Stack size 0 bytes, defsig_exit.o(.text))
<BR><BR>[Calls]<UL><LI><a href="#[5a]">&gt;&gt;</a>&nbsp;&nbsp;&nbsp;_sys_exit
</UL>
<BR>[Called By]<UL><LI><a href="#[63]">&gt;&gt;</a>&nbsp;&nbsp;&nbsp;__rt_SIGRTMEM
</UL>

<P><STRONG><a name="[65]"></a>__rt_SIGRTMEM_inner</STRONG> (Thumb, 22 bytes, Stack size 8 bytes, defsig_rtmem_inner.o(.text))
<BR><BR>[Stack]<UL><LI>Max Depth = 32<LI>Call Chain = __rt_SIGRTMEM_inner &rArr; __default_signal_display &rArr; _ttywrch
</UL>
<BR>[Calls]<UL><LI><a href="#[6a]">&gt;&gt;</a>&nbsp;&nbsp;&nbsp;__default_signal_display
</UL>
<BR>[Called By]<UL><LI><a href="#[63]">&gt;&gt;</a>&nbsp;&nbsp;&nbsp;__rt_SIGRTMEM
</UL>

<P><STRONG><a name="[6a]"></a>__default_signal_display</STRONG> (Thumb, 50 bytes, Stack size 16 bytes, defsig_general.o(.text))
<BR><BR>[Stack]<UL><LI>Max Depth = 24<LI>Call Chain = __default_signal_display &rArr; _ttywrch
</UL>
<BR>[Calls]<UL><LI><a href="#[6b]">&gt;&gt;</a>&nbsp;&nbsp;&nbsp;_ttywrch
</UL>
<BR>[Called By]<UL><LI><a href="#[65]">&gt;&gt;</a>&nbsp;&nbsp;&nbsp;__rt_SIGRTMEM_inner
</UL>

<P><STRONG><a name="[6b]"></a>_ttywrch</STRONG> (Thumb, 14 bytes, Stack size 8 bytes, sys_wrch.o(.text))
<BR><BR>[Stack]<UL><LI>Max Depth = 8<LI>Call Chain = _ttywrch
</UL>
<BR>[Called By]<UL><LI><a href="#[6a]">&gt;&gt;</a>&nbsp;&nbsp;&nbsp;__default_signal_display
</UL>

<P><STRONG><a name="[6f]"></a>Audio_DeInit</STRONG> (Thumb, 30 bytes, Stack size 8 bytes, audiooutput.o(i.Audio_DeInit))
<BR><BR>[Stack]<UL><LI>Max Depth = 24<LI>Call Chain = Audio_DeInit &rArr; Chip_I2S_Int_Cmd
</UL>
<BR>[Calls]<UL><LI><a href="#[71]">&gt;&gt;</a>&nbsp;&nbsp;&nbsp;Chip_I2S_Int_Cmd
<LI><a href="#[70]">&gt;&gt;</a>&nbsp;&nbsp;&nbsp;Chip_I2S_DeInit
</UL>
<BR>[Called By]<UL><LI><a href="#[77]">&gt;&gt;</a>&nbsp;&nbsp;&nbsp;CALLBACK_Audio_Device_GetSetEndpointProperty
</UL>

<P><STRONG><a name="[72]"></a>Audio_Device_ConfigureEndpoints</STRONG> (Thumb, 76 bytes, Stack size 24 bytes, audioclassdevice.o(i.Audio_Device_ConfigureEndpoints))
<BR><BR>[Stack]<UL><LI>Max Depth = 108<LI>Call Chain = Audio_Device_ConfigureEndpoints &rArr; Endpoint_ConfigureEndpoint &rArr; DcdDataTransfer &rArr; __aeabi_memclr4
</UL>
<BR>[Calls]<UL><LI><a href="#[73]">&gt;&gt;</a>&nbsp;&nbsp;&nbsp;Endpoint_ConfigureEndpoint
</UL>
<BR>[Called By]<UL><LI><a href="#[b3]">&gt;&gt;</a>&nbsp;&nbsp;&nbsp;EVENT_USB_Device_ConfigurationChanged
</UL>

<P><STRONG><a name="[74]"></a>Audio_Device_ProcessControlRequest</STRONG> (Thumb, 586 bytes, Stack size 56 bytes, audioclassdevice.o(i.Audio_Device_ProcessControlRequest))
<BR><BR>[Stack]<UL><LI>Max Depth = 288<LI>Call Chain = Audio_Device_ProcessControlRequest &rArr; CALLBACK_Audio_Device_GetSetEndpointProperty &rArr; Audio_Init &rArr; Board_Audio_Init &rArr; Board_Audio_CodecInit &rArr; UDA1380_Init &rArr; Audio_Codec_SetDefaultValues &rArr; UDA1380_REG_VerifyMult &rArr; Chip_I2C_MasterCmdRead &rArr; Chip_I2C_MasterTransfer
</UL>
<BR>[Calls]<UL><LI><a href="#[76]">&gt;&gt;</a>&nbsp;&nbsp;&nbsp;EVENT_Audio_Device_StreamStartStop
<LI><a href="#[77]">&gt;&gt;</a>&nbsp;&nbsp;&nbsp;CALLBACK_Audio_Device_GetSetEndpointProperty
<LI><a href="#[7a]">&gt;&gt;</a>&nbsp;&nbsp;&nbsp;Endpoint_Write_Control_Stream_LE
<LI><a href="#[78]">&gt;&gt;</a>&nbsp;&nbsp;&nbsp;Endpoint_Read_Control_Stream_LE
<LI><a href="#[75]">&gt;&gt;</a>&nbsp;&nbsp;&nbsp;Endpoint_ClearStatusStage
<LI><a href="#[79]">&gt;&gt;</a>&nbsp;&nbsp;&nbsp;DcdDataTransfer
<LI><a href="#[5e]">&gt;&gt;</a>&nbsp;&nbsp;&nbsp;free
<LI><a href="#[5b]">&gt;&gt;</a>&nbsp;&nbsp;&nbsp;malloc
</UL>
<BR>[Called By]<UL><LI><a href="#[b4]">&gt;&gt;</a>&nbsp;&nbsp;&nbsp;EVENT_USB_Device_ControlRequest
</UL>

<P><STRONG><a name="[7b]"></a>Audio_Get_ISO_Buffer_Address</STRONG> (Thumb, 62 bytes, Stack size 16 bytes, audiooutput.o(i.Audio_Get_ISO_Buffer_Address))
<BR><BR>[Stack]<UL><LI>Max Depth = 16<LI>Call Chain = Audio_Get_ISO_Buffer_Address
</UL>
<BR>[Calls]<UL><LI><a href="#[7c]">&gt;&gt;</a>&nbsp;&nbsp;&nbsp;Audio_Reset_Data_Buffer
<LI><a href="#[7d]">&gt;&gt;</a>&nbsp;&nbsp;&nbsp;__aeabi_memcpy
</UL>
<BR>[Called By]<UL><LI><a href="#[8d]">&gt;&gt;</a>&nbsp;&nbsp;&nbsp;CALLBACK_HAL_GetISOBufferAddress
</UL>

<P><STRONG><a name="[7e]"></a>Audio_Init</STRONG> (Thumb, 270 bytes, Stack size 32 bytes, audiooutput.o(i.Audio_Init))
<BR><BR>[Stack]<UL><LI>Max Depth = 216<LI>Call Chain = Audio_Init &rArr; Board_Audio_Init &rArr; Board_Audio_CodecInit &rArr; UDA1380_Init &rArr; Audio_Codec_SetDefaultValues &rArr; UDA1380_REG_VerifyMult &rArr; Chip_I2C_MasterCmdRead &rArr; Chip_I2C_MasterTransfer
</UL>
<BR>[Calls]<UL><LI><a href="#[82]">&gt;&gt;</a>&nbsp;&nbsp;&nbsp;IP_I2S_Stop
<LI><a href="#[83]">&gt;&gt;</a>&nbsp;&nbsp;&nbsp;IP_I2S_Start
<LI><a href="#[85]">&gt;&gt;</a>&nbsp;&nbsp;&nbsp;IP_I2S_SetXYDivider
<LI><a href="#[84]">&gt;&gt;</a>&nbsp;&nbsp;&nbsp;IP_I2S_SetBitRate
<LI><a href="#[71]">&gt;&gt;</a>&nbsp;&nbsp;&nbsp;Chip_I2S_Int_Cmd
<LI><a href="#[80]">&gt;&gt;</a>&nbsp;&nbsp;&nbsp;Chip_I2S_Init
<LI><a href="#[81]">&gt;&gt;</a>&nbsp;&nbsp;&nbsp;Chip_I2S_Config
<LI><a href="#[7f]">&gt;&gt;</a>&nbsp;&nbsp;&nbsp;Board_Audio_Init
<LI><a href="#[7c]">&gt;&gt;</a>&nbsp;&nbsp;&nbsp;Audio_Reset_Data_Buffer
</UL>
<BR>[Called By]<UL><LI><a href="#[77]">&gt;&gt;</a>&nbsp;&nbsp;&nbsp;CALLBACK_Audio_Device_GetSetEndpointProperty
</UL>

<P><STRONG><a name="[7c]"></a>Audio_Reset_Data_Buffer</STRONG> (Thumb, 12 bytes, Stack size 0 bytes, audiooutput.o(i.Audio_Reset_Data_Buffer))
<BR><BR>[Called By]<UL><LI><a href="#[76]">&gt;&gt;</a>&nbsp;&nbsp;&nbsp;EVENT_Audio_Device_StreamStartStop
<LI><a href="#[7e]">&gt;&gt;</a>&nbsp;&nbsp;&nbsp;Audio_Init
<LI><a href="#[7b]">&gt;&gt;</a>&nbsp;&nbsp;&nbsp;Audio_Get_ISO_Buffer_Address
</UL>

<P><STRONG><a name="[7f]"></a>Board_Audio_Init</STRONG> (Thumb, 52 bytes, Stack size 24 bytes, board_ngx_xplorer_18304330.o(i.Board_Audio_Init))
<BR><BR>[Stack]<UL><LI>Max Depth = 184<LI>Call Chain = Board_Audio_Init &rArr; Board_Audio_CodecInit &rArr; UDA1380_Init &rArr; Audio_Codec_SetDefaultValues &rArr; UDA1380_REG_VerifyMult &rArr; Chip_I2C_MasterCmdRead &rArr; Chip_I2C_MasterTransfer
</UL>
<BR>[Calls]<UL><LI><a href="#[86]">&gt;&gt;</a>&nbsp;&nbsp;&nbsp;Board_Audio_CodecInit
<LI><a href="#[80]">&gt;&gt;</a>&nbsp;&nbsp;&nbsp;Chip_I2S_Init
<LI><a href="#[81]">&gt;&gt;</a>&nbsp;&nbsp;&nbsp;Chip_I2S_Config
</UL>
<BR>[Called By]<UL><LI><a href="#[7e]">&gt;&gt;</a>&nbsp;&nbsp;&nbsp;Audio_Init
</UL>

<P><STRONG><a name="[8a]"></a>Board_I2C_Init</STRONG> (Thumb, 40 bytes, Stack size 8 bytes, board_ngx_xplorer_18304330.o(i.Board_I2C_Init))
<BR><BR>[Stack]<UL><LI>Max Depth = 8<LI>Call Chain = Board_I2C_Init
</UL>
<BR>[Calls]<UL><LI><a href="#[87]">&gt;&gt;</a>&nbsp;&nbsp;&nbsp;Chip_SCU_PinMuxSet
</UL>
<BR>[Called By]<UL><LI><a href="#[89]">&gt;&gt;</a>&nbsp;&nbsp;&nbsp;UDA1380_Init
</UL>

<P><STRONG><a name="[8b]"></a>Board_Init</STRONG> (Thumb, 92 bytes, Stack size 8 bytes, board_ngx_xplorer_18304330.o(i.Board_Init))
<BR><BR>[Stack]<UL><LI>Max Depth = 72<LI>Call Chain = Board_Init &rArr; SystemCoreClockUpdate &rArr; Chip_Clock_GetRate &rArr; Chip_Clock_GetBaseClocktHz &rArr; Chip_Clock_GetClockInputHz &rArr; Chip_Clock_GetMainPLLHz &rArr;  Chip_Clock_GetClockInputHz (Cycle)
</UL>
<BR>[Calls]<UL><LI><a href="#[87]">&gt;&gt;</a>&nbsp;&nbsp;&nbsp;Chip_SCU_PinMuxSet
<LI><a href="#[88]">&gt;&gt;</a>&nbsp;&nbsp;&nbsp;Chip_GPIO_WriteDirBit
<LI><a href="#[8c]">&gt;&gt;</a>&nbsp;&nbsp;&nbsp;SystemCoreClockUpdate
</UL>
<BR>[Called By]<UL><LI><a href="#[c3]">&gt;&gt;</a>&nbsp;&nbsp;&nbsp;SetupHardware
</UL>

<P><STRONG><a name="[b9]"></a>Board_LED_Set</STRONG> (Thumb, 20 bytes, Stack size 0 bytes, board_ngx_xplorer_18304330.o(i.Board_LED_Set))
<BR><BR>[Called By]<UL><LI><a href="#[33]">&gt;&gt;</a>&nbsp;&nbsp;&nbsp;GPIO0_IRQHandler
</UL>

<P><STRONG><a name="[77]"></a>CALLBACK_Audio_Device_GetSetEndpointProperty</STRONG> (Thumb, 92 bytes, Stack size 16 bytes, audiooutput.o(i.CALLBACK_Audio_Device_GetSetEndpointProperty))
<BR><BR>[Stack]<UL><LI>Max Depth = 232<LI>Call Chain = CALLBACK_Audio_Device_GetSetEndpointProperty &rArr; Audio_Init &rArr; Board_Audio_Init &rArr; Board_Audio_CodecInit &rArr; UDA1380_Init &rArr; Audio_Codec_SetDefaultValues &rArr; UDA1380_REG_VerifyMult &rArr; Chip_I2C_MasterCmdRead &rArr; Chip_I2C_MasterTransfer
</UL>
<BR>[Calls]<UL><LI><a href="#[7e]">&gt;&gt;</a>&nbsp;&nbsp;&nbsp;Audio_Init
<LI><a href="#[6f]">&gt;&gt;</a>&nbsp;&nbsp;&nbsp;Audio_DeInit
</UL>
<BR>[Called By]<UL><LI><a href="#[74]">&gt;&gt;</a>&nbsp;&nbsp;&nbsp;Audio_Device_ProcessControlRequest
</UL>

<P><STRONG><a name="[8d]"></a>CALLBACK_HAL_GetISOBufferAddress</STRONG> (Thumb, 14 bytes, Stack size 0 bytes, audiooutput.o(i.CALLBACK_HAL_GetISOBufferAddress))
<BR><BR>[Stack]<UL><LI>Max Depth = 16<LI>Call Chain = CALLBACK_HAL_GetISOBufferAddress &rArr; Audio_Get_ISO_Buffer_Address
</UL>
<BR>[Calls]<UL><LI><a href="#[7b]">&gt;&gt;</a>&nbsp;&nbsp;&nbsp;Audio_Get_ISO_Buffer_Address
</UL>
<BR>[Called By]<UL><LI><a href="#[73]">&gt;&gt;</a>&nbsp;&nbsp;&nbsp;Endpoint_ConfigureEndpoint
<LI><a href="#[af]">&gt;&gt;</a>&nbsp;&nbsp;&nbsp;TransferCompleteISR
</UL>

<P><STRONG><a name="[d4]"></a>CALLBACK_USB_GetDescriptor</STRONG> (Thumb, 70 bytes, Stack size 8 bytes, descriptors.o(i.CALLBACK_USB_GetDescriptor))
<BR><BR>[Stack]<UL><LI>Max Depth = 8<LI>Call Chain = CALLBACK_USB_GetDescriptor
</UL>
<BR>[Called By]<UL><LI><a href="#[d3]">&gt;&gt;</a>&nbsp;&nbsp;&nbsp;USB_Device_GetDescriptor
</UL>

<P><STRONG><a name="[aa]"></a>Chip_Clock_Disable</STRONG> (Thumb, 42 bytes, Stack size 0 bytes, clock_18xx_43xx.o(i.Chip_Clock_Disable))
<BR><BR>[Called By]<UL><LI><a href="#[70]">&gt;&gt;</a>&nbsp;&nbsp;&nbsp;Chip_I2S_DeInit
</UL>

<P><STRONG><a name="[99]"></a>Chip_Clock_DisableMainPLL</STRONG> (Thumb, 12 bytes, Stack size 0 bytes, clock_18xx_43xx.o(i.Chip_Clock_DisableMainPLL))
<BR><BR>[Called By]<UL><LI><a href="#[98]">&gt;&gt;</a>&nbsp;&nbsp;&nbsp;Chip_Clock_SetupMainPLLMult
</UL>

<P><STRONG><a name="[9c]"></a>Chip_Clock_Enable</STRONG> (Thumb, 42 bytes, Stack size 0 bytes, clock_18xx_43xx.o(i.Chip_Clock_Enable))
<BR><BR>[Called By]<UL><LI><a href="#[80]">&gt;&gt;</a>&nbsp;&nbsp;&nbsp;Chip_I2S_Init
<LI><a href="#[9b]">&gt;&gt;</a>&nbsp;&nbsp;&nbsp;Chip_I2C_Init
</UL>

<P><STRONG><a name="[bd]"></a>Chip_Clock_EnableBaseClock</STRONG> (Thumb, 20 bytes, Stack size 0 bytes, clock_18xx_43xx.o(i.Chip_Clock_EnableBaseClock))
<BR><BR>[Called By]<UL><LI><a href="#[ba]">&gt;&gt;</a>&nbsp;&nbsp;&nbsp;HAL_USBInit
</UL>

<P><STRONG><a name="[c7]"></a>Chip_Clock_EnableCrystal</STRONG> (Thumb, 24 bytes, Stack size 0 bytes, clock_18xx_43xx.o(i.Chip_Clock_EnableCrystal))
<BR><BR>[Called By]<UL><LI><a href="#[c6]">&gt;&gt;</a>&nbsp;&nbsp;&nbsp;SystemSetupClocking
</UL>

<P><STRONG><a name="[be]"></a>Chip_Clock_EnableOpts</STRONG> (Thumb, 48 bytes, Stack size 8 bytes, clock_18xx_43xx.o(i.Chip_Clock_EnableOpts))
<BR><BR>[Stack]<UL><LI>Max Depth = 8<LI>Call Chain = Chip_Clock_EnableOpts
</UL>
<BR>[Called By]<UL><LI><a href="#[ba]">&gt;&gt;</a>&nbsp;&nbsp;&nbsp;HAL_USBInit
</UL>

<P><STRONG><a name="[bb]"></a>Chip_Clock_EnablePLL</STRONG> (Thumb, 16 bytes, Stack size 0 bytes, clock_18xx_43xx.o(i.Chip_Clock_EnablePLL))
<BR><BR>[Called By]<UL><LI><a href="#[ba]">&gt;&gt;</a>&nbsp;&nbsp;&nbsp;HAL_USBInit
</UL>

<P><STRONG><a name="[8f]"></a>Chip_Clock_GetBaseClock</STRONG> (Thumb, 26 bytes, Stack size 0 bytes, clock_18xx_43xx.o(i.Chip_Clock_GetBaseClock))
<BR><BR>[Called By]<UL><LI><a href="#[8e]">&gt;&gt;</a>&nbsp;&nbsp;&nbsp;Chip_Clock_GetBaseClocktHz
</UL>

<P><STRONG><a name="[8e]"></a>Chip_Clock_GetBaseClocktHz</STRONG> (Thumb, 14 bytes, Stack size 8 bytes, clock_18xx_43xx.o(i.Chip_Clock_GetBaseClocktHz))
<BR><BR>[Stack]<UL><LI>Max Depth = 32<LI>Call Chain = Chip_Clock_GetBaseClocktHz &rArr; Chip_Clock_GetClockInputHz &rArr; Chip_Clock_GetMainPLLHz &rArr;  Chip_Clock_GetClockInputHz (Cycle)
</UL>
<BR>[Calls]<UL><LI><a href="#[90]">&gt;&gt;</a>&nbsp;&nbsp;&nbsp;Chip_Clock_GetClockInputHz
<LI><a href="#[8f]">&gt;&gt;</a>&nbsp;&nbsp;&nbsp;Chip_Clock_GetBaseClock
</UL>
<BR>[Called By]<UL><LI><a href="#[95]">&gt;&gt;</a>&nbsp;&nbsp;&nbsp;Chip_Clock_GetRate
</UL>

<P><STRONG><a name="[90]"></a>Chip_Clock_GetClockInputHz</STRONG> (Thumb, 78 bytes, Stack size 0 bytes, clock_18xx_43xx.o(i.Chip_Clock_GetClockInputHz))
<BR><BR>[Stack]<UL><LI>Max Depth = 24<LI>Call Chain = Chip_Clock_GetClockInputHz &rArr; Chip_Clock_GetMainPLLHz &rArr;  Chip_Clock_GetClockInputHz (Cycle)
</UL>
<BR>[Calls]<UL><LI><a href="#[91]">&gt;&gt;</a>&nbsp;&nbsp;&nbsp;Chip_Clock_GetMainPLLHz
<LI><a href="#[92]">&gt;&gt;</a>&nbsp;&nbsp;&nbsp;Chip_Clock_GetDivRate
</UL>
<BR>[Called By]<UL><LI><a href="#[98]">&gt;&gt;</a>&nbsp;&nbsp;&nbsp;Chip_Clock_SetupMainPLLMult
<LI><a href="#[96]">&gt;&gt;</a>&nbsp;&nbsp;&nbsp;Chip_Clock_SetupMainPLLHz
<LI><a href="#[91]">&gt;&gt;</a>&nbsp;&nbsp;&nbsp;Chip_Clock_GetMainPLLHz
<LI><a href="#[8e]">&gt;&gt;</a>&nbsp;&nbsp;&nbsp;Chip_Clock_GetBaseClocktHz
<LI><a href="#[92]">&gt;&gt;</a>&nbsp;&nbsp;&nbsp;Chip_Clock_GetDivRate
</UL>

<P><STRONG><a name="[94]"></a>Chip_Clock_GetDividerDivisor</STRONG> (Thumb, 14 bytes, Stack size 0 bytes, clock_18xx_43xx.o(i.Chip_Clock_GetDividerDivisor))
<BR><BR>[Called By]<UL><LI><a href="#[92]">&gt;&gt;</a>&nbsp;&nbsp;&nbsp;Chip_Clock_GetDivRate
</UL>

<P><STRONG><a name="[93]"></a>Chip_Clock_GetDividerSource</STRONG> (Thumb, 22 bytes, Stack size 0 bytes, clock_18xx_43xx.o(i.Chip_Clock_GetDividerSource))
<BR><BR>[Called By]<UL><LI><a href="#[92]">&gt;&gt;</a>&nbsp;&nbsp;&nbsp;Chip_Clock_GetDivRate
</UL>

<P><STRONG><a name="[91]"></a>Chip_Clock_GetMainPLLHz</STRONG> (Thumb, 84 bytes, Stack size 24 bytes, clock_18xx_43xx.o(i.Chip_Clock_GetMainPLLHz))
<BR><BR>[Stack]<UL><LI>Max Depth = 24 + In Cycle
<LI>Call Chain = Chip_Clock_GetMainPLLHz &rArr;  Chip_Clock_GetClockInputHz (Cycle)
</UL>
<BR>[Calls]<UL><LI><a href="#[90]">&gt;&gt;</a>&nbsp;&nbsp;&nbsp;Chip_Clock_GetClockInputHz
</UL>
<BR>[Called By]<UL><LI><a href="#[90]">&gt;&gt;</a>&nbsp;&nbsp;&nbsp;Chip_Clock_GetClockInputHz
</UL>

<P><STRONG><a name="[bc]"></a>Chip_Clock_GetPLLStatus</STRONG> (Thumb, 10 bytes, Stack size 0 bytes, clock_18xx_43xx.o(i.Chip_Clock_GetPLLStatus))
<BR><BR>[Called By]<UL><LI><a href="#[ba]">&gt;&gt;</a>&nbsp;&nbsp;&nbsp;HAL_USBInit
</UL>

<P><STRONG><a name="[95]"></a>Chip_Clock_GetRate</STRONG> (Thumb, 112 bytes, Stack size 24 bytes, clock_18xx_43xx.o(i.Chip_Clock_GetRate))
<BR><BR>[Stack]<UL><LI>Max Depth = 56<LI>Call Chain = Chip_Clock_GetRate &rArr; Chip_Clock_GetBaseClocktHz &rArr; Chip_Clock_GetClockInputHz &rArr; Chip_Clock_GetMainPLLHz &rArr;  Chip_Clock_GetClockInputHz (Cycle)
</UL>
<BR>[Calls]<UL><LI><a href="#[8e]">&gt;&gt;</a>&nbsp;&nbsp;&nbsp;Chip_Clock_GetBaseClocktHz
</UL>
<BR>[Called By]<UL><LI><a href="#[81]">&gt;&gt;</a>&nbsp;&nbsp;&nbsp;Chip_I2S_Config
<LI><a href="#[c2]">&gt;&gt;</a>&nbsp;&nbsp;&nbsp;I2S_RateFind
<LI><a href="#[8c]">&gt;&gt;</a>&nbsp;&nbsp;&nbsp;SystemCoreClockUpdate
<LI><a href="#[a2]">&gt;&gt;</a>&nbsp;&nbsp;&nbsp;Chip_I2C_SetClockRate
</UL>

<P><STRONG><a name="[c8]"></a>Chip_Clock_SetBaseClock</STRONG> (Thumb, 48 bytes, Stack size 12 bytes, clock_18xx_43xx.o(i.Chip_Clock_SetBaseClock))
<BR><BR>[Stack]<UL><LI>Max Depth = 12<LI>Call Chain = Chip_Clock_SetBaseClock
</UL>
<BR>[Called By]<UL><LI><a href="#[c6]">&gt;&gt;</a>&nbsp;&nbsp;&nbsp;SystemSetupClocking
</UL>

<P><STRONG><a name="[c9]"></a>Chip_Clock_SetDivider</STRONG> (Thumb, 42 bytes, Stack size 8 bytes, clock_18xx_43xx.o(i.Chip_Clock_SetDivider))
<BR><BR>[Stack]<UL><LI>Max Depth = 8<LI>Call Chain = Chip_Clock_SetDivider
</UL>
<BR>[Called By]<UL><LI><a href="#[c6]">&gt;&gt;</a>&nbsp;&nbsp;&nbsp;SystemSetupClocking
</UL>

<P><STRONG><a name="[96]"></a>Chip_Clock_SetupMainPLLHz</STRONG> (Thumb, 130 bytes, Stack size 32 bytes, clock_18xx_43xx.o(i.Chip_Clock_SetupMainPLLHz))
<BR><BR>[Stack]<UL><LI>Max Depth = 80<LI>Call Chain = Chip_Clock_SetupMainPLLHz &rArr; Chip_Clock_SetupMainPLLMult &rArr; Chip_Clock_GetClockInputHz &rArr; Chip_Clock_GetMainPLLHz &rArr;  Chip_Clock_GetClockInputHz (Cycle)
</UL>
<BR>[Calls]<UL><LI><a href="#[98]">&gt;&gt;</a>&nbsp;&nbsp;&nbsp;Chip_Clock_SetupMainPLLMult
<LI><a href="#[90]">&gt;&gt;</a>&nbsp;&nbsp;&nbsp;Chip_Clock_GetClockInputHz
<LI><a href="#[97]">&gt;&gt;</a>&nbsp;&nbsp;&nbsp;Chip_Clock_TestMainPLLMultiplier
</UL>
<BR>[Called By]<UL><LI><a href="#[c6]">&gt;&gt;</a>&nbsp;&nbsp;&nbsp;SystemSetupClocking
</UL>

<P><STRONG><a name="[98]"></a>Chip_Clock_SetupMainPLLMult</STRONG> (Thumb, 108 bytes, Stack size 24 bytes, clock_18xx_43xx.o(i.Chip_Clock_SetupMainPLLMult))
<BR><BR>[Stack]<UL><LI>Max Depth = 48<LI>Call Chain = Chip_Clock_SetupMainPLLMult &rArr; Chip_Clock_GetClockInputHz &rArr; Chip_Clock_GetMainPLLHz &rArr;  Chip_Clock_GetClockInputHz (Cycle)
</UL>
<BR>[Calls]<UL><LI><a href="#[90]">&gt;&gt;</a>&nbsp;&nbsp;&nbsp;Chip_Clock_GetClockInputHz
<LI><a href="#[99]">&gt;&gt;</a>&nbsp;&nbsp;&nbsp;Chip_Clock_DisableMainPLL
</UL>
<BR>[Called By]<UL><LI><a href="#[96]">&gt;&gt;</a>&nbsp;&nbsp;&nbsp;Chip_Clock_SetupMainPLLHz
</UL>

<P><STRONG><a name="[ca]"></a>Chip_Clock_SetupPLL</STRONG> (Thumb, 30 bytes, Stack size 8 bytes, clock_18xx_43xx.o(i.Chip_Clock_SetupPLL))
<BR><BR>[Stack]<UL><LI>Max Depth = 8<LI>Call Chain = Chip_Clock_SetupPLL
</UL>
<BR>[Called By]<UL><LI><a href="#[c6]">&gt;&gt;</a>&nbsp;&nbsp;&nbsp;SystemSetupClocking
</UL>

<P><STRONG><a name="[8]"></a>Chip_I2C_EventHandler</STRONG> (Thumb, 26 bytes, Stack size 0 bytes, i2c_18xx_43xx.o(i.Chip_I2C_EventHandler))
<BR>[Address Reference Count : 1]<UL><LI> i2c_18xx_43xx.o(.data)
</UL>
<P><STRONG><a name="[47]"></a>Chip_I2C_EventHandlerPolling</STRONG> (Thumb, 48 bytes, Stack size 16 bytes, i2c_18xx_43xx.o(i.Chip_I2C_EventHandlerPolling))
<BR><BR>[Stack]<UL><LI>Max Depth = 44<LI>Call Chain = Chip_I2C_EventHandlerPolling &rArr; Chip_I2C_MasterStateHandler &rArr; IP_I2C_MasterXfer_StateHandler
</UL>
<BR>[Calls]<UL><LI><a href="#[9a]">&gt;&gt;</a>&nbsp;&nbsp;&nbsp;Chip_I2C_MasterStateHandler
</UL>
<BR>[Address Reference Count : 1]<UL><LI> uda1380.o(i.UDA1380_Init)
</UL>
<P><STRONG><a name="[cc]"></a>Chip_I2C_GetMasterEventHandler</STRONG> (Thumb, 14 bytes, Stack size 0 bytes, i2c_18xx_43xx.o(i.Chip_I2C_GetMasterEventHandler))
<BR><BR>[Called By]<UL><LI><a href="#[89]">&gt;&gt;</a>&nbsp;&nbsp;&nbsp;UDA1380_Init
</UL>

<P><STRONG><a name="[9b]"></a>Chip_I2C_Init</STRONG> (Thumb, 28 bytes, Stack size 16 bytes, i2c_18xx_43xx.o(i.Chip_I2C_Init))
<BR><BR>[Stack]<UL><LI>Max Depth = 16<LI>Call Chain = Chip_I2C_Init
</UL>
<BR>[Calls]<UL><LI><a href="#[9c]">&gt;&gt;</a>&nbsp;&nbsp;&nbsp;Chip_Clock_Enable
</UL>
<BR>[Called By]<UL><LI><a href="#[89]">&gt;&gt;</a>&nbsp;&nbsp;&nbsp;UDA1380_Init
</UL>

<P><STRONG><a name="[9d]"></a>Chip_I2C_MasterCmdRead</STRONG> (Thumb, 56 bytes, Stack size 64 bytes, i2c_18xx_43xx.o(i.Chip_I2C_MasterCmdRead))
<BR><BR>[Stack]<UL><LI>Max Depth = 80<LI>Call Chain = Chip_I2C_MasterCmdRead &rArr; Chip_I2C_MasterTransfer
</UL>
<BR>[Calls]<UL><LI><a href="#[9e]">&gt;&gt;</a>&nbsp;&nbsp;&nbsp;__aeabi_memclr4
<LI><a href="#[9f]">&gt;&gt;</a>&nbsp;&nbsp;&nbsp;Chip_I2C_MasterTransfer
</UL>
<BR>[Called By]<UL><LI><a href="#[6e]">&gt;&gt;</a>&nbsp;&nbsp;&nbsp;UDA1380_REG_VerifyMult
<LI><a href="#[cf]">&gt;&gt;</a>&nbsp;&nbsp;&nbsp;UDA1380_REG_Read
</UL>

<P><STRONG><a name="[a0]"></a>Chip_I2C_MasterSend</STRONG> (Thumb, 48 bytes, Stack size 48 bytes, i2c_18xx_43xx.o(i.Chip_I2C_MasterSend))
<BR><BR>[Stack]<UL><LI>Max Depth = 64<LI>Call Chain = Chip_I2C_MasterSend &rArr; Chip_I2C_MasterTransfer
</UL>
<BR>[Calls]<UL><LI><a href="#[9e]">&gt;&gt;</a>&nbsp;&nbsp;&nbsp;__aeabi_memclr4
<LI><a href="#[9f]">&gt;&gt;</a>&nbsp;&nbsp;&nbsp;Chip_I2C_MasterTransfer
</UL>
<BR>[Called By]<UL><LI><a href="#[6d]">&gt;&gt;</a>&nbsp;&nbsp;&nbsp;UDA1380_REG_WriteMult
<LI><a href="#[d0]">&gt;&gt;</a>&nbsp;&nbsp;&nbsp;UDA1380_REG_Write
</UL>

<P><STRONG><a name="[9a]"></a>Chip_I2C_MasterStateHandler</STRONG> (Thumb, 42 bytes, Stack size 16 bytes, i2c_18xx_43xx.o(i.Chip_I2C_MasterStateHandler))
<BR><BR>[Stack]<UL><LI>Max Depth = 28<LI>Call Chain = Chip_I2C_MasterStateHandler &rArr; IP_I2C_MasterXfer_StateHandler
</UL>
<BR>[Calls]<UL><LI><a href="#[a1]">&gt;&gt;</a>&nbsp;&nbsp;&nbsp;IP_I2C_MasterXfer_StateHandler
</UL>
<BR>[Called By]<UL><LI><a href="#[47]">&gt;&gt;</a>&nbsp;&nbsp;&nbsp;Chip_I2C_EventHandlerPolling
</UL>

<P><STRONG><a name="[9f]"></a>Chip_I2C_MasterTransfer</STRONG> (Thumb, 96 bytes, Stack size 16 bytes, i2c_18xx_43xx.o(i.Chip_I2C_MasterTransfer))
<BR><BR>[Stack]<UL><LI>Max Depth = 16<LI>Call Chain = Chip_I2C_MasterTransfer
</UL>
<BR>[Called By]<UL><LI><a href="#[a0]">&gt;&gt;</a>&nbsp;&nbsp;&nbsp;Chip_I2C_MasterSend
<LI><a href="#[9d]">&gt;&gt;</a>&nbsp;&nbsp;&nbsp;Chip_I2C_MasterCmdRead
</UL>

<P><STRONG><a name="[a2]"></a>Chip_I2C_SetClockRate</STRONG> (Thumb, 40 bytes, Stack size 16 bytes, i2c_18xx_43xx.o(i.Chip_I2C_SetClockRate))
<BR><BR>[Stack]<UL><LI>Max Depth = 72<LI>Call Chain = Chip_I2C_SetClockRate &rArr; Chip_Clock_GetRate &rArr; Chip_Clock_GetBaseClocktHz &rArr; Chip_Clock_GetClockInputHz &rArr; Chip_Clock_GetMainPLLHz &rArr;  Chip_Clock_GetClockInputHz (Cycle)
</UL>
<BR>[Calls]<UL><LI><a href="#[95]">&gt;&gt;</a>&nbsp;&nbsp;&nbsp;Chip_Clock_GetRate
</UL>
<BR>[Called By]<UL><LI><a href="#[89]">&gt;&gt;</a>&nbsp;&nbsp;&nbsp;UDA1380_Init
</UL>

<P><STRONG><a name="[cd]"></a>Chip_I2C_SetMasterEventHandler</STRONG> (Thumb, 30 bytes, Stack size 0 bytes, i2c_18xx_43xx.o(i.Chip_I2C_SetMasterEventHandler))
<BR><BR>[Called By]<UL><LI><a href="#[89]">&gt;&gt;</a>&nbsp;&nbsp;&nbsp;UDA1380_Init
</UL>

<P><STRONG><a name="[81]"></a>Chip_I2S_Config</STRONG> (Thumb, 326 bytes, Stack size 56 bytes, i2s_18xx_43xx.o(i.Chip_I2S_Config))
<BR><BR>[Stack]<UL><LI>Max Depth = 112<LI>Call Chain = Chip_I2S_Config &rArr; Chip_Clock_GetRate &rArr; Chip_Clock_GetBaseClocktHz &rArr; Chip_Clock_GetClockInputHz &rArr; Chip_Clock_GetMainPLLHz &rArr;  Chip_Clock_GetClockInputHz (Cycle)
</UL>
<BR>[Calls]<UL><LI><a href="#[a4]">&gt;&gt;</a>&nbsp;&nbsp;&nbsp;IP_I2S_SetWordWidth
<LI><a href="#[a7]">&gt;&gt;</a>&nbsp;&nbsp;&nbsp;IP_I2S_SetWS_Halfperiod
<LI><a href="#[a5]">&gt;&gt;</a>&nbsp;&nbsp;&nbsp;IP_I2S_SetMono
<LI><a href="#[a6]">&gt;&gt;</a>&nbsp;&nbsp;&nbsp;IP_I2S_SetMasterSlaveMode
<LI><a href="#[a8]">&gt;&gt;</a>&nbsp;&nbsp;&nbsp;IP_I2S_ModeConfig
<LI><a href="#[85]">&gt;&gt;</a>&nbsp;&nbsp;&nbsp;IP_I2S_SetXYDivider
<LI><a href="#[84]">&gt;&gt;</a>&nbsp;&nbsp;&nbsp;IP_I2S_SetBitRate
<LI><a href="#[95]">&gt;&gt;</a>&nbsp;&nbsp;&nbsp;Chip_Clock_GetRate
<LI><a href="#[a3]">&gt;&gt;</a>&nbsp;&nbsp;&nbsp;__aeabi_uldivmod
</UL>
<BR>[Called By]<UL><LI><a href="#[7f]">&gt;&gt;</a>&nbsp;&nbsp;&nbsp;Board_Audio_Init
<LI><a href="#[7e]">&gt;&gt;</a>&nbsp;&nbsp;&nbsp;Audio_Init
</UL>

<P><STRONG><a name="[70]"></a>Chip_I2S_DeInit</STRONG> (Thumb, 32 bytes, Stack size 8 bytes, i2s_18xx_43xx.o(i.Chip_I2S_DeInit))
<BR><BR>[Stack]<UL><LI>Max Depth = 8<LI>Call Chain = Chip_I2S_DeInit
</UL>
<BR>[Calls]<UL><LI><a href="#[aa]">&gt;&gt;</a>&nbsp;&nbsp;&nbsp;Chip_Clock_Disable
<LI><a href="#[a9]">&gt;&gt;</a>&nbsp;&nbsp;&nbsp;IP_I2S_DeInit
</UL>
<BR>[Called By]<UL><LI><a href="#[6f]">&gt;&gt;</a>&nbsp;&nbsp;&nbsp;Audio_DeInit
</UL>

<P><STRONG><a name="[80]"></a>Chip_I2S_Init</STRONG> (Thumb, 32 bytes, Stack size 16 bytes, i2s_18xx_43xx.o(i.Chip_I2S_Init))
<BR><BR>[Stack]<UL><LI>Max Depth = 16<LI>Call Chain = Chip_I2S_Init
</UL>
<BR>[Calls]<UL><LI><a href="#[9c]">&gt;&gt;</a>&nbsp;&nbsp;&nbsp;Chip_Clock_Enable
<LI><a href="#[ab]">&gt;&gt;</a>&nbsp;&nbsp;&nbsp;IP_I2S_Init
</UL>
<BR>[Called By]<UL><LI><a href="#[7f]">&gt;&gt;</a>&nbsp;&nbsp;&nbsp;Board_Audio_Init
<LI><a href="#[7e]">&gt;&gt;</a>&nbsp;&nbsp;&nbsp;Audio_Init
</UL>

<P><STRONG><a name="[71]"></a>Chip_I2S_Int_Cmd</STRONG> (Thumb, 26 bytes, Stack size 16 bytes, i2s_18xx_43xx.o(i.Chip_I2S_Int_Cmd))
<BR><BR>[Stack]<UL><LI>Max Depth = 16<LI>Call Chain = Chip_I2S_Int_Cmd
</UL>
<BR>[Calls]<UL><LI><a href="#[ad]">&gt;&gt;</a>&nbsp;&nbsp;&nbsp;IP_I2S_SetFIFODepthIRQ
<LI><a href="#[ac]">&gt;&gt;</a>&nbsp;&nbsp;&nbsp;IP_I2S_InterruptCmd
</UL>
<BR>[Called By]<UL><LI><a href="#[7e]">&gt;&gt;</a>&nbsp;&nbsp;&nbsp;Audio_Init
<LI><a href="#[6f]">&gt;&gt;</a>&nbsp;&nbsp;&nbsp;Audio_DeInit
</UL>

<P><STRONG><a name="[79]"></a>DcdDataTransfer</STRONG> (Thumb, 258 bytes, Stack size 40 bytes, endpoint_lpc18xx.o(i.DcdDataTransfer))
<BR><BR>[Stack]<UL><LI>Max Depth = 44<LI>Call Chain = DcdDataTransfer &rArr; __aeabi_memclr4
</UL>
<BR>[Calls]<UL><LI><a href="#[9e]">&gt;&gt;</a>&nbsp;&nbsp;&nbsp;__aeabi_memclr4
</UL>
<BR>[Called By]<UL><LI><a href="#[74]">&gt;&gt;</a>&nbsp;&nbsp;&nbsp;Audio_Device_ProcessControlRequest
<LI><a href="#[7a]">&gt;&gt;</a>&nbsp;&nbsp;&nbsp;Endpoint_Write_Control_Stream_LE
<LI><a href="#[73]">&gt;&gt;</a>&nbsp;&nbsp;&nbsp;Endpoint_ConfigureEndpoint
<LI><a href="#[75]">&gt;&gt;</a>&nbsp;&nbsp;&nbsp;Endpoint_ClearStatusStage
<LI><a href="#[d5]">&gt;&gt;</a>&nbsp;&nbsp;&nbsp;USB_Device_GetStatus
<LI><a href="#[d2]">&gt;&gt;</a>&nbsp;&nbsp;&nbsp;USB_Device_GetConfiguration
<LI><a href="#[af]">&gt;&gt;</a>&nbsp;&nbsp;&nbsp;TransferCompleteISR
<LI><a href="#[ae]">&gt;&gt;</a>&nbsp;&nbsp;&nbsp;DcdIrqHandler
</UL>

<P><STRONG><a name="[b7]"></a>DcdInsertTD</STRONG> (Thumb, 14 bytes, Stack size 0 bytes, endpoint_lpc18xx.o(i.DcdInsertTD))
<BR><BR>[Called By]<UL><LI><a href="#[b6]">&gt;&gt;</a>&nbsp;&nbsp;&nbsp;Endpoint_Streaming
</UL>

<P><STRONG><a name="[ae]"></a>DcdIrqHandler</STRONG> (Thumb, 284 bytes, Stack size 48 bytes, endpoint_lpc18xx.o(i.DcdIrqHandler))
<BR><BR>[Stack]<UL><LI>Max Depth = 180<LI>Call Chain = DcdIrqHandler &rArr; TransferCompleteISR &rArr; Endpoint_Streaming &rArr; DcdPrepareTD &rArr; __aeabi_memclr4
</UL>
<BR>[Calls]<UL><LI><a href="#[73]">&gt;&gt;</a>&nbsp;&nbsp;&nbsp;Endpoint_ConfigureEndpoint
<LI><a href="#[79]">&gt;&gt;</a>&nbsp;&nbsp;&nbsp;DcdDataTransfer
<LI><a href="#[b0]">&gt;&gt;</a>&nbsp;&nbsp;&nbsp;EVENT_USB_Device_StartOfFrame
<LI><a href="#[af]">&gt;&gt;</a>&nbsp;&nbsp;&nbsp;TransferCompleteISR
<LI><a href="#[b1]">&gt;&gt;</a>&nbsp;&nbsp;&nbsp;HAL_Reset
</UL>
<BR>[Called By]<UL><LI><a href="#[1c]">&gt;&gt;</a>&nbsp;&nbsp;&nbsp;USB1_IRQHandler
<LI><a href="#[1b]">&gt;&gt;</a>&nbsp;&nbsp;&nbsp;USB0_IRQHandler
</UL>

<P><STRONG><a name="[b2]"></a>DcdPrepareTD</STRONG> (Thumb, 62 bytes, Stack size 24 bytes, endpoint_lpc18xx.o(i.DcdPrepareTD))
<BR><BR>[Stack]<UL><LI>Max Depth = 28<LI>Call Chain = DcdPrepareTD &rArr; __aeabi_memclr4
</UL>
<BR>[Calls]<UL><LI><a href="#[9e]">&gt;&gt;</a>&nbsp;&nbsp;&nbsp;__aeabi_memclr4
</UL>
<BR>[Called By]<UL><LI><a href="#[b6]">&gt;&gt;</a>&nbsp;&nbsp;&nbsp;Endpoint_Streaming
</UL>

<P><STRONG><a name="[111]"></a>Dummy_EVENT_USB_Device_TransferComplete</STRONG> (Thumb, 2 bytes, Stack size 0 bytes, endpoint_lpc18xx.o(i.Dummy_EVENT_USB_Device_TransferComplete), UNUSED)

<P><STRONG><a name="[cb]"></a>EVENT_USB_Device_TransferComplete</STRONG> (Thumb, 0 bytes, Stack size 0 bytes, endpoint_lpc18xx.o(i.Dummy_EVENT_USB_Device_TransferComplete))
<BR><BR>[Called By]<UL><LI><a href="#[af]">&gt;&gt;</a>&nbsp;&nbsp;&nbsp;TransferCompleteISR
</UL>

<P><STRONG><a name="[76]"></a>EVENT_Audio_Device_StreamStartStop</STRONG> (Thumb, 4 bytes, Stack size 0 bytes, audiooutput.o(i.EVENT_Audio_Device_StreamStartStop))
<BR><BR>[Calls]<UL><LI><a href="#[7c]">&gt;&gt;</a>&nbsp;&nbsp;&nbsp;Audio_Reset_Data_Buffer
</UL>
<BR>[Called By]<UL><LI><a href="#[74]">&gt;&gt;</a>&nbsp;&nbsp;&nbsp;Audio_Device_ProcessControlRequest
</UL>

<P><STRONG><a name="[b3]"></a>EVENT_USB_Device_ConfigurationChanged</STRONG> (Thumb, 6 bytes, Stack size 0 bytes, audiooutput.o(i.EVENT_USB_Device_ConfigurationChanged))
<BR><BR>[Stack]<UL><LI>Max Depth = 108<LI>Call Chain = EVENT_USB_Device_ConfigurationChanged &rArr; Audio_Device_ConfigureEndpoints &rArr; Endpoint_ConfigureEndpoint &rArr; DcdDataTransfer &rArr; __aeabi_memclr4
</UL>
<BR>[Calls]<UL><LI><a href="#[72]">&gt;&gt;</a>&nbsp;&nbsp;&nbsp;Audio_Device_ConfigureEndpoints
</UL>
<BR>[Called By]<UL><LI><a href="#[d9]">&gt;&gt;</a>&nbsp;&nbsp;&nbsp;USB_Device_SetConfiguration
</UL>

<P><STRONG><a name="[b4]"></a>EVENT_USB_Device_ControlRequest</STRONG> (Thumb, 6 bytes, Stack size 0 bytes, audiooutput.o(i.EVENT_USB_Device_ControlRequest))
<BR><BR>[Stack]<UL><LI>Max Depth = 288<LI>Call Chain = EVENT_USB_Device_ControlRequest &rArr; Audio_Device_ProcessControlRequest &rArr; CALLBACK_Audio_Device_GetSetEndpointProperty &rArr; Audio_Init &rArr; Board_Audio_Init &rArr; Board_Audio_CodecInit &rArr; UDA1380_Init &rArr; Audio_Codec_SetDefaultValues &rArr; UDA1380_REG_VerifyMult &rArr; Chip_I2C_MasterCmdRead &rArr; Chip_I2C_MasterTransfer
</UL>
<BR>[Calls]<UL><LI><a href="#[74]">&gt;&gt;</a>&nbsp;&nbsp;&nbsp;Audio_Device_ProcessControlRequest
</UL>
<BR>[Called By]<UL><LI><a href="#[d6]">&gt;&gt;</a>&nbsp;&nbsp;&nbsp;USB_Device_ProcessControlRequest
</UL>

<P><STRONG><a name="[75]"></a>Endpoint_ClearStatusStage</STRONG> (Thumb, 168 bytes, Stack size 16 bytes, endpoint.o(i.Endpoint_ClearStatusStage))
<BR><BR>[Stack]<UL><LI>Max Depth = 60<LI>Call Chain = Endpoint_ClearStatusStage &rArr; DcdDataTransfer &rArr; __aeabi_memclr4
</UL>
<BR>[Calls]<UL><LI><a href="#[79]">&gt;&gt;</a>&nbsp;&nbsp;&nbsp;DcdDataTransfer
</UL>
<BR>[Called By]<UL><LI><a href="#[74]">&gt;&gt;</a>&nbsp;&nbsp;&nbsp;Audio_Device_ProcessControlRequest
<LI><a href="#[d9]">&gt;&gt;</a>&nbsp;&nbsp;&nbsp;USB_Device_SetConfiguration
<LI><a href="#[d8]">&gt;&gt;</a>&nbsp;&nbsp;&nbsp;USB_Device_SetAddress
<LI><a href="#[d5]">&gt;&gt;</a>&nbsp;&nbsp;&nbsp;USB_Device_GetStatus
<LI><a href="#[d2]">&gt;&gt;</a>&nbsp;&nbsp;&nbsp;USB_Device_GetConfiguration
<LI><a href="#[d1]">&gt;&gt;</a>&nbsp;&nbsp;&nbsp;USB_Device_ClearSetFeature
</UL>

<P><STRONG><a name="[73]"></a>Endpoint_ConfigureEndpoint</STRONG> (Thumb, 264 bytes, Stack size 40 bytes, endpoint_lpc18xx.o(i.Endpoint_ConfigureEndpoint))
<BR><BR>[Stack]<UL><LI>Max Depth = 84<LI>Call Chain = Endpoint_ConfigureEndpoint &rArr; DcdDataTransfer &rArr; __aeabi_memclr4
</UL>
<BR>[Calls]<UL><LI><a href="#[8d]">&gt;&gt;</a>&nbsp;&nbsp;&nbsp;CALLBACK_HAL_GetISOBufferAddress
<LI><a href="#[79]">&gt;&gt;</a>&nbsp;&nbsp;&nbsp;DcdDataTransfer
<LI><a href="#[9e]">&gt;&gt;</a>&nbsp;&nbsp;&nbsp;__aeabi_memclr4
</UL>
<BR>[Called By]<UL><LI><a href="#[72]">&gt;&gt;</a>&nbsp;&nbsp;&nbsp;Audio_Device_ConfigureEndpoints
<LI><a href="#[da]">&gt;&gt;</a>&nbsp;&nbsp;&nbsp;USB_ResetInterface
<LI><a href="#[ae]">&gt;&gt;</a>&nbsp;&nbsp;&nbsp;DcdIrqHandler
</UL>

<P><STRONG><a name="[d7]"></a>Endpoint_GetSetupPackage</STRONG> (Thumb, 26 bytes, Stack size 0 bytes, endpoint_lpc18xx.o(i.Endpoint_GetSetupPackage))
<BR><BR>[Called By]<UL><LI><a href="#[d6]">&gt;&gt;</a>&nbsp;&nbsp;&nbsp;USB_Device_ProcessControlRequest
</UL>

<P><STRONG><a name="[78]"></a>Endpoint_Read_Control_Stream_LE</STRONG> (Thumb, 152 bytes, Stack size 28 bytes, endpointstream.o(i.Endpoint_Read_Control_Stream_LE))
<BR><BR>[Stack]<UL><LI>Max Depth = 56<LI>Call Chain = Endpoint_Read_Control_Stream_LE &rArr; Endpoint_Read_Stream_LE
</UL>
<BR>[Calls]<UL><LI><a href="#[b5]">&gt;&gt;</a>&nbsp;&nbsp;&nbsp;Endpoint_Read_Stream_LE
</UL>
<BR>[Called By]<UL><LI><a href="#[74]">&gt;&gt;</a>&nbsp;&nbsp;&nbsp;Audio_Device_ProcessControlRequest
</UL>

<P><STRONG><a name="[b5]"></a>Endpoint_Read_Stream_LE</STRONG> (Thumb, 144 bytes, Stack size 28 bytes, endpointstream.o(i.Endpoint_Read_Stream_LE))
<BR><BR>[Stack]<UL><LI>Max Depth = 28<LI>Call Chain = Endpoint_Read_Stream_LE
</UL>
<BR>[Called By]<UL><LI><a href="#[78]">&gt;&gt;</a>&nbsp;&nbsp;&nbsp;Endpoint_Read_Control_Stream_LE
</UL>

<P><STRONG><a name="[b6]"></a>Endpoint_Streaming</STRONG> (Thumb, 250 bytes, Stack size 56 bytes, endpoint_lpc18xx.o(i.Endpoint_Streaming))
<BR><BR>[Stack]<UL><LI>Max Depth = 84<LI>Call Chain = Endpoint_Streaming &rArr; DcdPrepareTD &rArr; __aeabi_memclr4
</UL>
<BR>[Calls]<UL><LI><a href="#[b2]">&gt;&gt;</a>&nbsp;&nbsp;&nbsp;DcdPrepareTD
<LI><a href="#[b7]">&gt;&gt;</a>&nbsp;&nbsp;&nbsp;DcdInsertTD
</UL>
<BR>[Called By]<UL><LI><a href="#[af]">&gt;&gt;</a>&nbsp;&nbsp;&nbsp;TransferCompleteISR
</UL>

<P><STRONG><a name="[7a]"></a>Endpoint_Write_Control_Stream_LE</STRONG> (Thumb, 84 bytes, Stack size 16 bytes, endpointstream.o(i.Endpoint_Write_Control_Stream_LE))
<BR><BR>[Stack]<UL><LI>Max Depth = 60<LI>Call Chain = Endpoint_Write_Control_Stream_LE &rArr; DcdDataTransfer &rArr; __aeabi_memclr4
</UL>
<BR>[Calls]<UL><LI><a href="#[79]">&gt;&gt;</a>&nbsp;&nbsp;&nbsp;DcdDataTransfer
<LI><a href="#[b8]">&gt;&gt;</a>&nbsp;&nbsp;&nbsp;Endpoint_Write_Stream_LE
</UL>
<BR>[Called By]<UL><LI><a href="#[74]">&gt;&gt;</a>&nbsp;&nbsp;&nbsp;Audio_Device_ProcessControlRequest
<LI><a href="#[d3]">&gt;&gt;</a>&nbsp;&nbsp;&nbsp;USB_Device_GetDescriptor
</UL>

<P><STRONG><a name="[b8]"></a>Endpoint_Write_Stream_LE</STRONG> (Thumb, 150 bytes, Stack size 24 bytes, endpointstream.o(i.Endpoint_Write_Stream_LE))
<BR><BR>[Stack]<UL><LI>Max Depth = 24<LI>Call Chain = Endpoint_Write_Stream_LE
</UL>
<BR>[Called By]<UL><LI><a href="#[7a]">&gt;&gt;</a>&nbsp;&nbsp;&nbsp;Endpoint_Write_Control_Stream_LE
</UL>

<P><STRONG><a name="[33]"></a>GPIO0_IRQHandler</STRONG> (Thumb, 44 bytes, Stack size 0 bytes, board_ngx_xplorer_18304330.o(i.GPIO0_IRQHandler))
<BR><BR>[Calls]<UL><LI><a href="#[b9]">&gt;&gt;</a>&nbsp;&nbsp;&nbsp;Board_LED_Set
</UL>
<BR>[Address Reference Count : 1]<UL><LI> keil_startup_lpc18xx43xx.o(RESET)
</UL>
<P><STRONG><a name="[db]"></a>HAL_EnableUSBInterrupt</STRONG> (Thumb, 28 bytes, Stack size 0 bytes, hal_lpc18xx.o(i.HAL_EnableUSBInterrupt))
<BR><BR>[Called By]<UL><LI><a href="#[da]">&gt;&gt;</a>&nbsp;&nbsp;&nbsp;USB_ResetInterface
</UL>

<P><STRONG><a name="[b1]"></a>HAL_Reset</STRONG> (Thumb, 248 bytes, Stack size 12 bytes, endpoint_lpc18xx.o(i.HAL_Reset))
<BR><BR>[Stack]<UL><LI>Max Depth = 12<LI>Call Chain = HAL_Reset
</UL>
<BR>[Called By]<UL><LI><a href="#[ba]">&gt;&gt;</a>&nbsp;&nbsp;&nbsp;HAL_USBInit
<LI><a href="#[ae]">&gt;&gt;</a>&nbsp;&nbsp;&nbsp;DcdIrqHandler
</UL>

<P><STRONG><a name="[dc]"></a>HAL_USBConnect</STRONG> (Thumb, 30 bytes, Stack size 0 bytes, hal_lpc18xx.o(i.HAL_USBConnect))
<BR><BR>[Called By]<UL><LI><a href="#[da]">&gt;&gt;</a>&nbsp;&nbsp;&nbsp;USB_ResetInterface
</UL>

<P><STRONG><a name="[ba]"></a>HAL_USBInit</STRONG> (Thumb, 162 bytes, Stack size 16 bytes, hal_lpc18xx.o(i.HAL_USBInit))
<BR><BR>[Stack]<UL><LI>Max Depth = 28<LI>Call Chain = HAL_USBInit &rArr; HAL_Reset
</UL>
<BR>[Calls]<UL><LI><a href="#[bc]">&gt;&gt;</a>&nbsp;&nbsp;&nbsp;Chip_Clock_GetPLLStatus
<LI><a href="#[bb]">&gt;&gt;</a>&nbsp;&nbsp;&nbsp;Chip_Clock_EnablePLL
<LI><a href="#[be]">&gt;&gt;</a>&nbsp;&nbsp;&nbsp;Chip_Clock_EnableOpts
<LI><a href="#[bd]">&gt;&gt;</a>&nbsp;&nbsp;&nbsp;Chip_Clock_EnableBaseClock
<LI><a href="#[bf]">&gt;&gt;</a>&nbsp;&nbsp;&nbsp;Chip_CREG_EnableUSB0Phy
<LI><a href="#[b1]">&gt;&gt;</a>&nbsp;&nbsp;&nbsp;HAL_Reset
</UL>
<BR>[Called By]<UL><LI><a href="#[c4]">&gt;&gt;</a>&nbsp;&nbsp;&nbsp;USB_Init
</UL>

<P><STRONG><a name="[2f]"></a>I2S0_IRQHandler</STRONG> (Thumb, 174 bytes, Stack size 24 bytes, audiooutput.o(i.I2S0_IRQHandler))
<BR><BR>[Stack]<UL><LI>Max Depth = 24<LI>Call Chain = I2S0_IRQHandler
</UL>
<BR>[Calls]<UL><LI><a href="#[85]">&gt;&gt;</a>&nbsp;&nbsp;&nbsp;IP_I2S_SetXYDivider
<LI><a href="#[c1]">&gt;&gt;</a>&nbsp;&nbsp;&nbsp;IP_I2S_Send
<LI><a href="#[c0]">&gt;&gt;</a>&nbsp;&nbsp;&nbsp;IP_I2S_GetLevel
</UL>
<BR>[Address Reference Count : 1]<UL><LI> keil_startup_lpc18xx43xx.o(RESET)
</UL>
<P><STRONG><a name="[c2]"></a>I2S_RateFind</STRONG> (Thumb, 326 bytes, Stack size 80 bytes, audiooutput.o(i.I2S_RateFind))
<BR><BR>[Stack]<UL><LI>Max Depth = 136<LI>Call Chain = I2S_RateFind &rArr; Chip_Clock_GetRate &rArr; Chip_Clock_GetBaseClocktHz &rArr; Chip_Clock_GetClockInputHz &rArr; Chip_Clock_GetMainPLLHz &rArr;  Chip_Clock_GetClockInputHz (Cycle)
</UL>
<BR>[Calls]<UL><LI><a href="#[95]">&gt;&gt;</a>&nbsp;&nbsp;&nbsp;Chip_Clock_GetRate
<LI><a href="#[a3]">&gt;&gt;</a>&nbsp;&nbsp;&nbsp;__aeabi_uldivmod
</UL>
<BR>[Called By]<UL><LI><a href="#[55]">&gt;&gt;</a>&nbsp;&nbsp;&nbsp;main
</UL>

<P><STRONG><a name="[a1]"></a>IP_I2C_MasterXfer_StateHandler</STRONG> (Thumb, 176 bytes, Stack size 12 bytes, i2c_001.o(i.IP_I2C_MasterXfer_StateHandler))
[...]

<P><STRONG><a name="[8c]"></a>SystemCoreClockUpdate</STRONG> (Thumb, 14 bytes, Stack size 8 bytes, board_ngx_xplorer_18304330.o(i.SystemCoreClockUpdate))
<BR><BR>[Stack]<UL><LI>Max Depth = 64<LI>Call Chain = SystemCoreClockUpdate &rArr; Chip_Clock_GetRate &rArr; Chip_Clock_GetBaseClocktHz &rArr; Chip_Clock_GetClockInputHz &rArr; Chip_Clock_GetMainPLLHz &rArr;  Chip_Clock_GetClockInputHz (Cycle)
</UL>
<BR>[Calls]<UL><LI><a href="#[95]">&gt;&gt;</a>&nbsp;&nbsp;&nbsp;Chip_Clock_GetRate
</UL>
<BR>[Called By]<UL><LI><a href="#[8b]">&gt;&gt;</a>&nbsp;&nbsp;&nbsp;Board_Init
</UL>

<P><STRONG><a name="[45]"></a>SystemInit</STRONG> (Thumb, 52 bytes, Stack size 16 bytes, sysinit_ngx_xplorer_18304330.o(i.SystemInit))
<BR><BR>[Stack]<UL><LI>Max Depth = 112<LI>Call Chain = SystemInit &rArr; SystemSetupClocking &rArr; Chip_Clock_SetupMainPLLHz &rArr; Chip_Clock_SetupMainPLLMult &rArr; Chip_Clock_GetClockInputHz &rArr; Chip_Clock_GetMainPLLHz &rArr;  Chip_Clock_GetClockInputHz (Cycle)
</UL>
<BR>[Calls]<UL><LI><a href="#[c5]">&gt;&gt;</a>&nbsp;&nbsp;&nbsp;fpuInit
<LI><a href="#[c6]">&gt;&gt;</a>&nbsp;&nbsp;&nbsp;SystemSetupClocking
</UL>
<BR>[Address Reference Count : 1]<UL><LI> keil_startup_lpc18xx43xx.o(.text)
</UL>
<P><STRONG><a name="[af]"></a>TransferCompleteISR</STRONG> (Thumb, 418 bytes, Stack size 48 bytes, endpoint_lpc18xx.o(i.TransferCompleteISR))
<BR><BR>[Stack]<UL><LI>Max Depth = 132<LI>Call Chain = TransferCompleteISR &rArr; Endpoint_Streaming &rArr; DcdPrepareTD &rArr; __aeabi_memclr4
</UL>
<BR>[Calls]<UL><LI><a href="#[8d]">&gt;&gt;</a>&nbsp;&nbsp;&nbsp;CALLBACK_HAL_GetISOBufferAddress
<LI><a href="#[79]">&gt;&gt;</a>&nbsp;&nbsp;&nbsp;DcdDataTransfer
<LI><a href="#[cb]">&gt;&gt;</a>&nbsp;&nbsp;&nbsp;EVENT_USB_Device_TransferComplete
<LI><a href="#[b6]">&gt;&gt;</a>&nbsp;&nbsp;&nbsp;Endpoint_Streaming
</UL>
<BR>[Called By]<UL><LI><a href="#[ae]">&gt;&gt;</a>&nbsp;&nbsp;&nbsp;DcdIrqHandler
</UL>

<P><STRONG><a name="[89]"></a>UDA1380_Init</STRONG> (Thumb, 122 bytes, Stack size 16 bytes, uda1380.o(i.UDA1380_Init))
<BR><BR>[Stack]<UL><LI>Max Depth = 144<LI>Call Chain = UDA1380_Init &rArr; Audio_Codec_SetDefaultValues &rArr; UDA1380_REG_VerifyMult &rArr; Chip_I2C_MasterCmdRead &rArr; Chip_I2C_MasterTransfer
</UL>
<BR>[Calls]<UL><LI><a href="#[8a]">&gt;&gt;</a>&nbsp;&nbsp;&nbsp;Board_I2C_Init
<LI><a href="#[cd]">&gt;&gt;</a>&nbsp;&nbsp;&nbsp;Chip_I2C_SetMasterEventHandler
<LI><a href="#[a2]">&gt;&gt;</a>&nbsp;&nbsp;&nbsp;Chip_I2C_SetClockRate
<LI><a href="#[9b]">&gt;&gt;</a>&nbsp;&nbsp;&nbsp;Chip_I2C_Init
<LI><a href="#[cc]">&gt;&gt;</a>&nbsp;&nbsp;&nbsp;Chip_I2C_GetMasterEventHandler
<LI><a href="#[ce]">&gt;&gt;</a>&nbsp;&nbsp;&nbsp;UDA1380_REG_WriteVerify
<LI><a href="#[6c]">&gt;&gt;</a>&nbsp;&nbsp;&nbsp;Audio_Codec_SetDefaultValues
</UL>
<BR>[Called By]<UL><LI><a href="#[86]">&gt;&gt;</a>&nbsp;&nbsp;&nbsp;Board_Audio_CodecInit
</UL>

<P><STRONG><a name="[cf]"></a>UDA1380_REG_Read</STRONG> (Thumb, 34 bytes, Stack size 16 bytes, uda1380.o(i.UDA1380_REG_Read))
<BR><BR>[Stack]<UL><LI>Max Depth = 96<LI>Call Chain = UDA1380_REG_Read &rArr; Chip_I2C_MasterCmdRead &rArr; Chip_I2C_MasterTransfer
</UL>
<BR>[Calls]<UL><LI><a href="#[9d]">&gt;&gt;</a>&nbsp;&nbsp;&nbsp;Chip_I2C_MasterCmdRead
</UL>
<BR>[Called By]<UL><LI><a href="#[ce]">&gt;&gt;</a>&nbsp;&nbsp;&nbsp;UDA1380_REG_WriteVerify
</UL>

<P><STRONG><a name="[6e]"></a>UDA1380_REG_VerifyMult</STRONG> (Thumb, 56 bytes, Stack size 24 bytes, uda1380.o(i.UDA1380_REG_VerifyMult))
<BR><BR>[Stack]<UL><LI>Max Depth = 104<LI>Call Chain = UDA1380_REG_VerifyMult &rArr; Chip_I2C_MasterCmdRead &rArr; Chip_I2C_MasterTransfer
</UL>
<BR>[Calls]<UL><LI><a href="#[9d]">&gt;&gt;</a>&nbsp;&nbsp;&nbsp;Chip_I2C_MasterCmdRead
</UL>
<BR>[Called By]<UL><LI><a href="#[6c]">&gt;&gt;</a>&nbsp;&nbsp;&nbsp;Audio_Codec_SetDefaultValues
</UL>

<P><STRONG><a name="[d0]"></a>UDA1380_REG_Write</STRONG> (Thumb, 30 bytes, Stack size 8 bytes, uda1380.o(i.UDA1380_REG_Write))
<BR><BR>[Stack]<UL><LI>Max Depth = 72<LI>Call Chain = UDA1380_REG_Write &rArr; Chip_I2C_MasterSend &rArr; Chip_I2C_MasterTransfer
</UL>
<BR>[Calls]<UL><LI><a href="#[a0]">&gt;&gt;</a>&nbsp;&nbsp;&nbsp;Chip_I2C_MasterSend
</UL>
<BR>[Called By]<UL><LI><a href="#[ce]">&gt;&gt;</a>&nbsp;&nbsp;&nbsp;UDA1380_REG_WriteVerify
</UL>

<P><STRONG><a name="[6d]"></a>UDA1380_REG_WriteMult</STRONG> (Thumb, 28 bytes, Stack size 8 bytes, uda1380.o(i.UDA1380_REG_WriteMult))
<BR><BR>[Stack]<UL><LI>Max Depth = 72<LI>Call Chain = UDA1380_REG_WriteMult &rArr; Chip_I2C_MasterSend &rArr; Chip_I2C_MasterTransfer
</UL>
<BR>[Calls]<UL><LI><a href="#[a0]">&gt;&gt;</a>&nbsp;&nbsp;&nbsp;Chip_I2C_MasterSend
</UL>
<BR>[Called By]<UL><LI><a href="#[6c]">&gt;&gt;</a>&nbsp;&nbsp;&nbsp;Audio_Codec_SetDefaultValues
</UL>

<P><STRONG><a name="[ce]"></a>UDA1380_REG_WriteVerify</STRONG> (Thumb, 28 bytes, Stack size 16 bytes, uda1380.o(i.UDA1380_REG_WriteVerify))
<BR><BR>[Stack]<UL><LI>Max Depth = 112<LI>Call Chain = UDA1380_REG_WriteVerify &rArr; UDA1380_REG_Read &rArr; Chip_I2C_MasterCmdRead &rArr; Chip_I2C_MasterTransfer
</UL>
<BR>[Calls]<UL><LI><a href="#[d0]">&gt;&gt;</a>&nbsp;&nbsp;&nbsp;UDA1380_REG_Write
<LI><a href="#[cf]">&gt;&gt;</a>&nbsp;&nbsp;&nbsp;UDA1380_REG_Read
</UL>
<BR>[Called By]<UL><LI><a href="#[89]">&gt;&gt;</a>&nbsp;&nbsp;&nbsp;UDA1380_Init
</UL>

<P><STRONG><a name="[1b]"></a>USB0_IRQHandler</STRONG> (Thumb, 18 bytes, Stack size 0 bytes, hal_lpc18xx.o(i.USB0_IRQHandler))
<BR><BR>[Stack]<UL><LI>Max Depth = 180<LI>Call Chain = USB0_IRQHandler &rArr; DcdIrqHandler &rArr; TransferCompleteISR &rArr; Endpoint_Streaming &rArr; DcdPrepareTD &rArr; __aeabi_memclr4
</UL>
<BR>[Calls]<UL><LI><a href="#[ae]">&gt;&gt;</a>&nbsp;&nbsp;&nbsp;DcdIrqHandler
</UL>
<BR>[Address Reference Count : 1]<UL><LI> keil_startup_lpc18xx43xx.o(RESET)
</UL>
<P><STRONG><a name="[1c]"></a>USB1_IRQHandler</STRONG> (Thumb, 16 bytes, Stack size 0 bytes, hal_lpc18xx.o(i.USB1_IRQHandler))
<BR><BR>[Stack]<UL><LI>Max Depth = 180<LI>Call Chain = USB1_IRQHandler &rArr; DcdIrqHandler &rArr; TransferCompleteISR &rArr; Endpoint_Streaming &rArr; DcdPrepareTD &rArr; __aeabi_memclr4
</UL>
<BR>[Calls]<UL><LI><a href="#[ae]">&gt;&gt;</a>&nbsp;&nbsp;&nbsp;DcdIrqHandler
</UL>
<BR>[Address Reference Count : 1]<UL><LI> keil_startup_lpc18xx43xx.o(RESET)
</UL>
<P><STRONG><a name="[d6]"></a>USB_Device_ProcessControlRequest</STRONG> (Thumb, 222 bytes, Stack size 16 bytes, devicestandardreq.o(i.USB_Device_ProcessControlRequest))
<BR><BR>[Stack]<UL><LI>Max Depth = 304<LI>Call Chain = USB_Device_ProcessControlRequest &rArr; EVENT_USB_Device_ControlRequest &rArr; Audio_Device_ProcessControlRequest &rArr; CALLBACK_Audio_Device_GetSetEndpointProperty &rArr; Audio_Init &rArr; Board_Audio_Init &rArr; Board_Audio_CodecInit &rArr; UDA1380_Init &rArr; Audio_Codec_SetDefaultValues &rArr; UDA1380_REG_VerifyMult &rArr; Chip_I2C_MasterCmdRead &rArr; Chip_I2C_MasterTransfer
</UL>
<BR>[Calls]<UL><LI><a href="#[b4]">&gt;&gt;</a>&nbsp;&nbsp;&nbsp;EVENT_USB_Device_ControlRequest
<LI><a href="#[d7]">&gt;&gt;</a>&nbsp;&nbsp;&nbsp;Endpoint_GetSetupPackage
<LI><a href="#[d9]">&gt;&gt;</a>&nbsp;&nbsp;&nbsp;USB_Device_SetConfiguration
<LI><a href="#[d8]">&gt;&gt;</a>&nbsp;&nbsp;&nbsp;USB_Device_SetAddress
<LI><a href="#[d5]">&gt;&gt;</a>&nbsp;&nbsp;&nbsp;USB_Device_GetStatus
<LI><a href="#[d3]">&gt;&gt;</a>&nbsp;&nbsp;&nbsp;USB_Device_GetDescriptor
<LI><a href="#[d2]">&gt;&gt;</a>&nbsp;&nbsp;&nbsp;USB_Device_GetConfiguration
<LI><a href="#[d1]">&gt;&gt;</a>&nbsp;&nbsp;&nbsp;USB_Device_ClearSetFeature
</UL>
<BR>[Called By]<UL><LI><a href="#[dd]">&gt;&gt;</a>&nbsp;&nbsp;&nbsp;USB_USBTask
</UL>

<P><STRONG><a name="[112]"></a>EVENT_USB_Device_Reset</STRONG> (Thumb, 0 bytes, Stack size 0 bytes, events.o(i.USB_Event_Stub), UNUSED)

<P><STRONG><a name="[b0]"></a>EVENT_USB_Device_StartOfFrame</STRONG> (Thumb, 0 bytes, Stack size 0 bytes, events.o(i.USB_Event_Stub))
<BR><BR>[Called By]<UL><LI><a href="#[ae]">&gt;&gt;</a>&nbsp;&nbsp;&nbsp;DcdIrqHandler
</UL>

<P><STRONG><a name="[113]"></a>EVENT_USB_Device_Suspend</STRONG> (Thumb, 0 bytes, Stack size 0 bytes, events.o(i.USB_Event_Stub), UNUSED)

<P><STRONG><a name="[114]"></a>EVENT_USB_Device_WakeUp</STRONG> (Thumb, 0 bytes, Stack size 0 bytes, events.o(i.USB_Event_Stub), UNUSED)

<P><STRONG><a name="[115]"></a>USB_Event_Stub</STRONG> (Thumb, 2 bytes, Stack size 0 bytes, events.o(i.USB_Event_Stub), UNUSED)

<P><STRONG><a name="[c4]"></a>USB_Init</STRONG> (Thumb, 32 bytes, Stack size 16 bytes, usbcontroller.o(i.USB_Init))
<BR><BR>[Stack]<UL><LI>Max Depth = 116<LI>Call Chain = USB_Init &rArr; USB_ResetInterface &rArr; Endpoint_ConfigureEndpoint &rArr; DcdDataTransfer &rArr; __aeabi_memclr4
</UL>
<BR>[Calls]<UL><LI><a href="#[ba]">&gt;&gt;</a>&nbsp;&nbsp;&nbsp;HAL_USBInit
<LI><a href="#[da]">&gt;&gt;</a>&nbsp;&nbsp;&nbsp;USB_ResetInterface
</UL>
<BR>[Called By]<UL><LI><a href="#[c3]">&gt;&gt;</a>&nbsp;&nbsp;&nbsp;SetupHardware
</UL>

<P><STRONG><a name="[da]"></a>USB_ResetInterface</STRONG> (Thumb, 62 bytes, Stack size 16 bytes, usbcontroller.o(i.USB_ResetInterface))
<BR><BR>[Stack]<UL><LI>Max Depth = 100<LI>Call Chain = USB_ResetInterface &rArr; Endpoint_ConfigureEndpoint &rArr; DcdDataTransfer &rArr; __aeabi_memclr4
</UL>
<BR>[Calls]<UL><LI><a href="#[dc]">&gt;&gt;</a>&nbsp;&nbsp;&nbsp;HAL_USBConnect
<LI><a href="#[db]">&gt;&gt;</a>&nbsp;&nbsp;&nbsp;HAL_EnableUSBInterrupt
<LI><a href="#[73]">&gt;&gt;</a>&nbsp;&nbsp;&nbsp;Endpoint_ConfigureEndpoint
</UL>
<BR>[Called By]<UL><LI><a href="#[c4]">&gt;&gt;</a>&nbsp;&nbsp;&nbsp;USB_Init
</UL>

<P><STRONG><a name="[dd]"></a>USB_USBTask</STRONG> (Thumb, 42 bytes, Stack size 16 bytes, usbtask.o(i.USB_USBTask))
<BR><BR>[Stack]<UL><LI>Max Depth = 320<LI>Call Chain = USB_USBTask &rArr; USB_Device_ProcessControlRequest &rArr; EVENT_USB_Device_ControlRequest &rArr; Audio_Device_ProcessControlRequest &rArr; CALLBACK_Audio_Device_GetSetEndpointProperty &rArr; Audio_Init &rArr; Board_Audio_Init &rArr; Board_Audio_CodecInit &rArr; UDA1380_Init &rArr; Audio_Codec_SetDefaultValues &rArr; UDA1380_REG_VerifyMult &rArr; Chip_I2C_MasterCmdRead &rArr; Chip_I2C_MasterTransfer
</UL>
<BR>[Calls]<UL><LI><a href="#[d6]">&gt;&gt;</a>&nbsp;&nbsp;&nbsp;USB_Device_ProcessControlRequest
</UL>
<BR>[Called By]<UL><LI><a href="#[55]">&gt;&gt;</a>&nbsp;&nbsp;&nbsp;main
</UL>

<P><STRONG><a name="[5a]"></a>_sys_exit</STRONG> (Thumb, 2 bytes, Stack size 0 bytes, board_ngx_xplorer_18304330.o(i._sys_exit))
<BR><BR>[Calls]<UL><LI><a href="#[5a]">&gt;&gt;</a>&nbsp;&nbsp;&nbsp;_sys_exit
</UL>
<BR>[Called By]<UL><LI><a href="#[5a]">&gt;&gt;</a>&nbsp;&nbsp;&nbsp;_sys_exit
<LI><a href="#[59]">&gt;&gt;</a>&nbsp;&nbsp;&nbsp;__rt_exit_exit
<LI><a href="#[66]">&gt;&gt;</a>&nbsp;&nbsp;&nbsp;__sig_exit
</UL>

<P><STRONG><a name="[c5]"></a>fpuInit</STRONG> (Thumb, 46 bytes, Stack size 12 bytes, fpu_init.o(i.fpuInit))
<BR><BR>[Stack]<UL><LI>Max Depth = 12<LI>Call Chain = fpuInit
</UL>
<BR>[Called By]<UL><LI><a href="#[45]">&gt;&gt;</a>&nbsp;&nbsp;&nbsp;SystemInit
</UL>

<P><STRONG><a name="[55]"></a>main</STRONG> (Thumb, 122 bytes, Stack size 16 bytes, audiooutput.o(i.main))
<BR><BR>[Stack]<UL><LI>Max Depth = 336<LI>Call Chain = main &rArr; USB_USBTask &rArr; USB_Device_ProcessControlRequest &rArr; EVENT_USB_Device_ControlRequest &rArr; Audio_Device_ProcessControlRequest &rArr; CALLBACK_Audio_Device_GetSetEndpointProperty &rArr; Audio_Init &rArr; Board_Audio_Init &rArr; Board_Audio_CodecInit &rArr; UDA1380_Init &rArr; Audio_Codec_SetDefaultValues &rArr; UDA1380_REG_VerifyMult &rArr; Chip_I2C_MasterCmdRead &rArr; Chip_I2C_MasterTransfer
</UL>
<BR>[Calls]<UL><LI><a href="#[dd]">&gt;&gt;</a>&nbsp;&nbsp;&nbsp;USB_USBTask
<LI><a href="#[c3]">&gt;&gt;</a>&nbsp;&nbsp;&nbsp;SetupHardware
<LI><a href="#[c2]">&gt;&gt;</a>&nbsp;&nbsp;&nbsp;I2S_RateFind
</UL>
<BR>[Called By]<UL><LI><a href="#[54]">&gt;&gt;</a>&nbsp;&nbsp;&nbsp;__rt_entry_main
</UL>

<P><STRONG><a name="[4d]"></a>_fp_init</STRONG> (Thumb, 10 bytes, Stack size 0 bytes, fpinit.o(x$fpl$fpinit))
<BR><BR>[Called By]<UL><LI><a href="#[4c]">&gt;&gt;</a>&nbsp;&nbsp;&nbsp;__rt_lib_init_fp_1
</UL>

<P><STRONG><a name="[116]"></a>__fplib_config_fpu_vfp</STRONG> (Thumb, 0 bytes, Stack size unknown bytes, fpinit.o(x$fpl$fpinit), UNUSED)

<P><STRONG><a name="[117]"></a>__fplib_config_pureend_doubles</STRONG> (Thumb, 0 bytes, Stack size unknown bytes, fpinit.o(x$fpl$fpinit), UNUSED)
<P>
<H3>
Local Symbols
</H3>
<P><STRONG><a name="[92]"></a>Chip_Clock_GetDivRate</STRONG> (Thumb, 34 bytes, Stack size 8 bytes, clock_18xx_43xx.o(i.Chip_Clock_GetDivRate))
<BR><BR>[Stack]<UL><LI>Max Depth = 8 + In Cycle
<LI>Call Chain = Chip_Clock_GetDivRate &rArr;  Chip_Clock_GetClockInputHz (Cycle)
</UL>
<BR>[Calls]<UL><LI><a href="#[93]">&gt;&gt;</a>&nbsp;&nbsp;&nbsp;Chip_Clock_GetDividerSource
<LI><a href="#[94]">&gt;&gt;</a>&nbsp;&nbsp;&nbsp;Chip_Clock_GetDividerDivisor
<LI><a href="#[90]">&gt;&gt;</a>&nbsp;&nbsp;&nbsp;Chip_Clock_GetClockInputHz
</UL>
<BR>[Called By]<UL><LI><a href="#[90]">&gt;&gt;</a>&nbsp;&nbsp;&nbsp;Chip_Clock_GetClockInputHz
</UL>

<P><STRONG><a name="[97]"></a>Chip_Clock_TestMainPLLMultiplier</STRONG> (Thumb, 20 bytes, Stack size 0 bytes, clock_18xx_43xx.o(i.Chip_Clock_TestMainPLLMultiplier))
<BR><BR>[Called By]<UL><LI><a href="#[96]">&gt;&gt;</a>&nbsp;&nbsp;&nbsp;Chip_Clock_SetupMainPLLHz
</UL>

<P><STRONG><a name="[86]"></a>Board_Audio_CodecInit</STRONG> (Thumb, 76 bytes, Stack size 16 bytes, board_ngx_xplorer_18304330.o(i.Board_Audio_CodecInit))
<BR><BR>[Stack]<UL><LI>Max Depth = 160<LI>Call Chain = Board_Audio_CodecInit &rArr; UDA1380_Init &rArr; Audio_Codec_SetDefaultValues &rArr; UDA1380_REG_VerifyMult &rArr; Chip_I2C_MasterCmdRead &rArr; Chip_I2C_MasterTransfer
</UL>
<BR>[Calls]<UL><LI><a href="#[87]">&gt;&gt;</a>&nbsp;&nbsp;&nbsp;Chip_SCU_PinMuxSet
<LI><a href="#[88]">&gt;&gt;</a>&nbsp;&nbsp;&nbsp;Chip_GPIO_WriteDirBit
<LI><a href="#[89]">&gt;&gt;</a>&nbsp;&nbsp;&nbsp;UDA1380_Init
</UL>
<BR>[Called By]<UL><LI><a href="#[7f]">&gt;&gt;</a>&nbsp;&nbsp;&nbsp;Board_Audio_Init
</UL>

<P><STRONG><a name="[88]"></a>Chip_GPIO_WriteDirBit</STRONG> (Thumb, 26 bytes, Stack size 0 bytes, board_ngx_xplorer_18304330.o(i.Chip_GPIO_WriteDirBit))
<BR><BR>[Called By]<UL><LI><a href="#[86]">&gt;&gt;</a>&nbsp;&nbsp;&nbsp;Board_Audio_CodecInit
<LI><a href="#[8b]">&gt;&gt;</a>&nbsp;&nbsp;&nbsp;Board_Init
</UL>

<P><STRONG><a name="[87]"></a>Chip_SCU_PinMuxSet</STRONG> (Thumb, 12 bytes, Stack size 0 bytes, board_ngx_xplorer_18304330.o(i.Chip_SCU_PinMuxSet))
<BR><BR>[Called By]<UL><LI><a href="#[86]">&gt;&gt;</a>&nbsp;&nbsp;&nbsp;Board_Audio_CodecInit
<LI><a href="#[8b]">&gt;&gt;</a>&nbsp;&nbsp;&nbsp;Board_Init
<LI><a href="#[8a]">&gt;&gt;</a>&nbsp;&nbsp;&nbsp;Board_I2C_Init
</UL>

<P><STRONG><a name="[c6]"></a>SystemSetupClocking</STRONG> (Thumb, 218 bytes, Stack size 16 bytes, sysinit_ngx_xplorer_18304330.o(i.SystemSetupClocking))
<BR><BR>[Stack]<UL><LI>Max Depth = 96<LI>Call Chain = SystemSetupClocking &rArr; Chip_Clock_SetupMainPLLHz &rArr; Chip_Clock_SetupMainPLLMult &rArr; Chip_Clock_GetClockInputHz &rArr; Chip_Clock_GetMainPLLHz &rArr;  Chip_Clock_GetClockInputHz (Cycle)
</UL>
<BR>[Calls]<UL><LI><a href="#[ca]">&gt;&gt;</a>&nbsp;&nbsp;&nbsp;Chip_Clock_SetupPLL
<LI><a href="#[96]">&gt;&gt;</a>&nbsp;&nbsp;&nbsp;Chip_Clock_SetupMainPLLHz
<LI><a href="#[c9]">&gt;&gt;</a>&nbsp;&nbsp;&nbsp;Chip_Clock_SetDivider
<LI><a href="#[c8]">&gt;&gt;</a>&nbsp;&nbsp;&nbsp;Chip_Clock_SetBaseClock
<LI><a href="#[c7]">&gt;&gt;</a>&nbsp;&nbsp;&nbsp;Chip_Clock_EnableCrystal
</UL>
<BR>[Called By]<UL><LI><a href="#[45]">&gt;&gt;</a>&nbsp;&nbsp;&nbsp;SystemInit
</UL>

<P><STRONG><a name="[6c]"></a>Audio_Codec_SetDefaultValues</STRONG> (Thumb, 28 bytes, Stack size 24 bytes, uda1380.o(i.Audio_Codec_SetDefaultValues))
<BR><BR>[Stack]<UL><LI>Max Depth = 128<LI>Call Chain = Audio_Codec_SetDefaultValues &rArr; UDA1380_REG_VerifyMult &rArr; Chip_I2C_MasterCmdRead &rArr; Chip_I2C_MasterTransfer
</UL>
<BR>[Calls]<UL><LI><a href="#[6d]">&gt;&gt;</a>&nbsp;&nbsp;&nbsp;UDA1380_REG_WriteMult
<LI><a href="#[6e]">&gt;&gt;</a>&nbsp;&nbsp;&nbsp;UDA1380_REG_VerifyMult
</UL>
<BR>[Called By]<UL><LI><a href="#[89]">&gt;&gt;</a>&nbsp;&nbsp;&nbsp;UDA1380_Init
</UL>

<P><STRONG><a name="[d1]"></a>USB_Device_ClearSetFeature</STRONG> (Thumb, 258 bytes, Stack size 16 bytes, devicestandardreq.o(i.USB_Device_ClearSetFeature))
<BR><BR>[Stack]<UL><LI>Max Depth = 76<LI>Call Chain = USB_Device_ClearSetFeature &rArr; Endpoint_ClearStatusStage &rArr; DcdDataTransfer &rArr; __aeabi_memclr4
</UL>
<BR>[Calls]<UL><LI><a href="#[75]">&gt;&gt;</a>&nbsp;&nbsp;&nbsp;Endpoint_ClearStatusStage
</UL>
<BR>[Called By]<UL><LI><a href="#[d6]">&gt;&gt;</a>&nbsp;&nbsp;&nbsp;USB_Device_ProcessControlRequest
</UL>

<P><STRONG><a name="[d2]"></a>USB_Device_GetConfiguration</STRONG> (Thumb, 170 bytes, Stack size 24 bytes, devicestandardreq.o(i.USB_Device_GetConfiguration))
<BR><BR>[Stack]<UL><LI>Max Depth = 84<LI>Call Chain = USB_Device_GetConfiguration &rArr; Endpoint_ClearStatusStage &rArr; DcdDataTransfer &rArr; __aeabi_memclr4
</UL>
<BR>[Calls]<UL><LI><a href="#[75]">&gt;&gt;</a>&nbsp;&nbsp;&nbsp;Endpoint_ClearStatusStage
<LI><a href="#[79]">&gt;&gt;</a>&nbsp;&nbsp;&nbsp;DcdDataTransfer
</UL>
<BR>[Called By]<UL><LI><a href="#[d6]">&gt;&gt;</a>&nbsp;&nbsp;&nbsp;USB_Device_ProcessControlRequest
</UL>

<P><STRONG><a name="[d3]"></a>USB_Device_GetDescriptor</STRONG> (Thumb, 144 bytes, Stack size 24 bytes, devicestandardreq.o(i.USB_Device_GetDescriptor))
<BR><BR>[Stack]<UL><LI>Max Depth = 84<LI>Call Chain = USB_Device_GetDescriptor &rArr; Endpoint_Write_Control_Stream_LE &rArr; DcdDataTransfer &rArr; __aeabi_memclr4
</UL>
<BR>[Calls]<UL><LI><a href="#[d4]">&gt;&gt;</a>&nbsp;&nbsp;&nbsp;CALLBACK_USB_GetDescriptor
<LI><a href="#[7a]">&gt;&gt;</a>&nbsp;&nbsp;&nbsp;Endpoint_Write_Control_Stream_LE
</UL>
<BR>[Called By]<UL><LI><a href="#[d6]">&gt;&gt;</a>&nbsp;&nbsp;&nbsp;USB_Device_ProcessControlRequest
</UL>

<P><STRONG><a name="[d5]"></a>USB_Device_GetStatus</STRONG> (Thumb, 308 bytes, Stack size 24 bytes, devicestandardreq.o(i.USB_Device_GetStatus))
<BR><BR>[Stack]<UL><LI>Max Depth = 84<LI>Call Chain = USB_Device_GetStatus &rArr; Endpoint_ClearStatusStage &rArr; DcdDataTransfer &rArr; __aeabi_memclr4
</UL>
<BR>[Calls]<UL><LI><a href="#[75]">&gt;&gt;</a>&nbsp;&nbsp;&nbsp;Endpoint_ClearStatusStage
<LI><a href="#[79]">&gt;&gt;</a>&nbsp;&nbsp;&nbsp;DcdDataTransfer
</UL>
<BR>[Called By]<UL><LI><a href="#[d6]">&gt;&gt;</a>&nbsp;&nbsp;&nbsp;USB_Device_ProcessControlRequest
</UL>

<P><STRONG><a name="[d8]"></a>USB_Device_SetAddress</STRONG> (Thumb, 144 bytes, Stack size 24 bytes, devicestandardreq.o(i.USB_Device_SetAddress))
<BR><BR>[Stack]<UL><LI>Max Depth = 84<LI>Call Chain = USB_Device_SetAddress &rArr; Endpoint_ClearStatusStage &rArr; DcdDataTransfer &rArr; __aeabi_memclr4
</UL>
<BR>[Calls]<UL><LI><a href="#[75]">&gt;&gt;</a>&nbsp;&nbsp;&nbsp;Endpoint_ClearStatusStage
</UL>
<BR>[Called By]<UL><LI><a href="#[d6]">&gt;&gt;</a>&nbsp;&nbsp;&nbsp;USB_Device_ProcessControlRequest
</UL>

<P><STRONG><a name="[d9]"></a>USB_Device_SetConfiguration</STRONG> (Thumb, 70 bytes, Stack size 16 bytes, devicestandardreq.o(i.USB_Device_SetConfiguration))
<BR><BR>[Stack]<UL><LI>Max Depth = 124<LI>Call Chain = USB_Device_SetConfiguration &rArr; EVENT_USB_Device_ConfigurationChanged &rArr; Audio_Device_ConfigureEndpoints &rArr; Endpoint_ConfigureEndpoint &rArr; DcdDataTransfer &rArr; __aeabi_memclr4
</UL>
<BR>[Calls]<UL><LI><a href="#[b3]">&gt;&gt;</a>&nbsp;&nbsp;&nbsp;EVENT_USB_Device_ConfigurationChanged
<LI><a href="#[75]">&gt;&gt;</a>&nbsp;&nbsp;&nbsp;Endpoint_ClearStatusStage
</UL>
<BR>[Called By]<UL><LI><a href="#[d6]">&gt;&gt;</a>&nbsp;&nbsp;&nbsp;USB_Device_ProcessControlRequest
</UL>

<P><STRONG><a name="[bf]"></a>Chip_CREG_EnableUSB0Phy</STRONG> (Thumb, 22 bytes, Stack size 0 bytes, hal_lpc18xx.o(i.Chip_CREG_EnableUSB0Phy))
<BR><BR>[Called By]<UL><LI><a href="#[ba]">&gt;&gt;</a>&nbsp;&nbsp;&nbsp;HAL_USBInit
</UL>
<P>
<H3>
Undefined Global Symbols
</H3><HR></body></html>
