<html>
<body>
<pre>
<h1>µVision Build Log</h1>
<h2>Project:</h2>
R:\src\chordia\lpcopen\applications\lpc18xx_43xx\examples\LPCUSBlib\lpcusblib_AudioInputDevice\lpcusblib_AudioInputDevice.uvproj
Project File Date:  01/26/2014

<h2>Output:</h2>
Build Project 'lpcusblib_AudioInputDevice' - Target 'ngx_4330_ram'
linking...
Program Size: Code=8060 RO-data=560 RW-data=340 ZI-data=15196  
FromELF: creating hex file...
After Build - User command #1: fromelf --bin -o "R:\src\chordia\lpcopen\applications\lpc18xx_43xx\examples\LPCUSBlib\lpcusblib_AudioInputDevice\debug\usbaudio_dev.bin" "R:\src\chordia\lpcopen\applications\lpc18xx_43xx\examples\LPCUSBlib\lpcusblib_AudioInputDevice\debug\usbaudio_dev.axf"
".\debug\usbaudio_dev.axf" - 0 Error(s), 0 Warning(s).
