ARM Linker, 5.03 [Build 76] [MDK-ARM Lite]

==============================================================================

Section Cross References

    audioinput.o(i.Audio_Init) refers to audioinput.o(.data) for .data
    audioinput.o(i.CALLBACK_Audio_Device_GetSetEndpointProperty) refers to audioinput.o(.data) for .data
    audioinput.o(i.CALLBACK_HAL_GetISOBufferAddress) refers to audioinput.o(.data) for .data
    audioinput.o(i.CALLBACK_HAL_GetISOBufferAddress) refers to audioinput.o(.bss) for .bss
    audioinput.o(i.EVENT_USB_Device_ConfigurationChanged) refers to audioclassdevice.o(i.Audio_Device_ConfigureEndpoints) for Audio_Device_ConfigureEndpoints
    audioinput.o(i.EVENT_USB_Device_ConfigurationChanged) refers to audioinput.o(.data) for .data
    audioinput.o(i.EVENT_USB_Device_ControlRequest) refers to audioclassdevice.o(i.Audio_Device_ProcessControlRequest) for Audio_Device_ProcessControlRequest
    audioinput.o(i.EVENT_USB_Device_ControlRequest) refers to audioinput.o(.data) for .data
    audioinput.o(i.main) refers to board_ngx_xplorer_18304330.o(i.Board_Init) for Board_Init
    audioinput.o(i.main) refers to board_ngx_xplorer_18304330.o(i.Board_Buttons_Init) for Board_Buttons_Init
    audioinput.o(i.main) refers to usbcontroller.o(i.USB_Init) for USB_Init
    audioinput.o(i.main) refers to board_ngx_xplorer_18304330.o(i.Buttons_GetStatus) for Buttons_GetStatus
    audioinput.o(i.main) refers to usbtask.o(i.USB_USBTask) for USB_USBTask
    audioinput.o(i.main) refers to audioinput.o(.data) for .data
    audioinput.o(i.main) refers to audioinput.o(.bss) for .bss
    descriptors.o(i.CALLBACK_USB_GetDescriptor) refers to descriptors.o(.data) for .data
    descriptors.o(.data) refers to descriptors.o(.data) for LanguageString
    descriptors.o(.data) refers to descriptors.o(.data) for ManufacturerString
    descriptors.o(.data) refers to descriptors.o(.data) for ProductString
    keil_startup_lpc18xx43xx.o(RESET) refers to keil_startup_lpc18xx43xx.o(STACK) for __initial_sp
    keil_startup_lpc18xx43xx.o(RESET) refers to keil_startup_lpc18xx43xx.o(.text) for Reset_Handler
    keil_startup_lpc18xx43xx.o(RESET) refers to hal_lpc18xx.o(i.USB0_IRQHandler) for USB0_IRQHandler
    keil_startup_lpc18xx43xx.o(RESET) refers to hal_lpc18xx.o(i.USB1_IRQHandler) for USB1_IRQHandler
    keil_startup_lpc18xx43xx.o(RESET) refers to board_ngx_xplorer_18304330.o(i.GPIO0_IRQHandler) for GPIO0_IRQHandler
    keil_startup_lpc18xx43xx.o(.text) refers to sysinit_ngx_xplorer_18304330.o(i.SystemInit) for SystemInit
    keil_startup_lpc18xx43xx.o(.text) refers to entry.o(.ARM.Collect$$$$00000000) for __main
    eeprom_002.o(i.IP_EEPROM_EraseProgramPage) refers to eeprom_002.o(i.IP_EEPROM_WaitForIntStatus) for IP_EEPROM_WaitForIntStatus
    emc_001.o(i.IP_EMC_Dynamic_Init) refers to emc_001.o(i.EMC_TimingParamConvert) for EMC_TimingParamConvert
    emc_001.o(i.IP_EMC_Static_Init) refers to emc_001.o(i.EMC_TimingParamConvert) for EMC_TimingParamConvert
    enet_001.o(i.IP_ENET_SetupMII) refers to enet_001.o(.data) for .data
    enet_001.o(i.IP_ENET_StartMIIRead) refers to enet_001.o(.data) for .data
    enet_001.o(i.IP_ENET_StartMIIWrite) refers to enet_001.o(.data) for .data
    i2c_001.o(i.IP_I2C_GetSlaveIndex) refers to i2c_001.o(i.IP_I2C_SlaveIndexLookup) for IP_I2C_SlaveIndexLookup
    i2c_001.o(i.IP_I2C_SlaveIndexLookup) refers to i2c_001.o(i.IP_I2C_SlaveMatchAddr) for IP_I2C_SlaveMatchAddr
    ritimer_001.o(i.IP_RIT_DeInit) refers to ritimer_001.o(i.IP_RIT_Init) for IP_RIT_Init
    rtc_001.o(i.IP_RTC_Init) refers to rtc_001.o(i.IP_RTC_Enable) for IP_RTC_Enable
    rtc_001.o(i.IP_RTC_Init) refers to rtc_001.o(i.IP_RTC_CalibCounterCmd) for IP_RTC_CalibCounterCmd
    rtc_001.o(i.IP_RTC_Init) refers to rtc_001.o(i.IP_RTC_ResetClockTickCounter) for IP_RTC_ResetClockTickCounter
    sdc_001.o(i.IP_SDC_ClockControl) refers to sdc_001.o(i.writeDelay) for writeDelay
    sdc_001.o(i.IP_SDC_Init) refers to sdc_001.o(i.IP_SDC_ClockControl) for IP_SDC_ClockControl
    sdc_001.o(i.IP_SDC_Init) refers to sdc_001.o(i.IP_SDC_PowerControl) for IP_SDC_PowerControl
    sdc_001.o(i.IP_SDC_Init) refers to sdc_001.o(i.writeDelay) for writeDelay
    sdc_001.o(i.IP_SDC_PowerControl) refers to sdc_001.o(i.writeDelay) for writeDelay
    sdc_001.o(i.IP_SDC_ResetCommand) refers to sdc_001.o(i.writeDelay) for writeDelay
    sdc_001.o(i.IP_SDC_SetClockDiv) refers to sdc_001.o(i.writeDelay) for writeDelay
    sdc_001.o(i.IP_SDC_SetCommand) refers to sdc_001.o(i.writeDelay) for writeDelay
    sdc_001.o(i.IP_SDC_SetDataTransfer) refers to sdc_001.o(i.writeDelay) for writeDelay
    sdmmc_001.o(i.IP_SDMMC_SetClock) refers to sdmmc_001.o(i.IP_SDMMC_SendCmd) for IP_SDMMC_SendCmd
    usart_001.o(i.IP_UART_DeInit) refers to usart_001.o(i.IP_UART_TxCmd) for IP_UART_TxCmd
    usart_001.o(i.IP_UART_Receive) refers to usart_001.o(i.IP_UART_ReceiveByte) for IP_UART_ReceiveByte
[...]
    Removing clock_18xx_43xx.o(i.Chip_Clock_GetBaseClockOpts), (52 bytes).
    Removing clock_18xx_43xx.o(i.Chip_Clock_IsBaseClockEnabled), (28 bytes).
    Removing clock_18xx_43xx.o(i.Chip_Clock_MainPLLLocked), (16 bytes).
    Removing clock_18xx_43xx.o(i.Chip_Clock_StartPowerDown), (20 bytes).
    Removing emc_18xx_43xx.o(.rev16_text), (4 bytes).
    Removing emc_18xx_43xx.o(.revsh_text), (4 bytes).
    Removing emc_18xx_43xx.o(i.Chip_EMC_Dynamic_Init), (60 bytes).
    Removing emc_18xx_43xx.o(i.Chip_EMC_Static_Init), (60 bytes).
    Removing enet_18xx_43xx.o(.rev16_text), (4 bytes).
    Removing enet_18xx_43xx.o(.revsh_text), (4 bytes).
    Removing enet_18xx_43xx.o(i.Chip_ENET_DeInit), (16 bytes).
    Removing enet_18xx_43xx.o(i.Chip_ENET_Init), (80 bytes).
    Removing evrt_18xx_43xx.o(.rev16_text), (4 bytes).
    Removing evrt_18xx_43xx.o(.revsh_text), (4 bytes).
    Removing evrt_18xx_43xx.o(i.Chip_EVRT_ConfigIntSrcActiveType), (64 bytes).
    Removing evrt_18xx_43xx.o(i.Chip_EVRT_Init), (60 bytes).
    Removing evrt_18xx_43xx.o(i.Chip_EVRT_IsSourceInterrupting), (24 bytes).
    Removing evrt_18xx_43xx.o(i.Chip_EVRT_SetUpIntSrc), (24 bytes).
    Removing gpdma_18xx_43xx.o(.rev16_text), (4 bytes).
    Removing gpdma_18xx_43xx.o(.revsh_text), (4 bytes).
    Removing gpdma_18xx_43xx.o(i.Chip_DMA_GetFreeChannel), (48 bytes).
    Removing gpdma_18xx_43xx.o(i.Chip_DMA_InitChannelCfg), (100 bytes).
    Removing gpdma_18xx_43xx.o(i.Chip_DMA_Interrupt), (66 bytes).
    Removing gpdma_18xx_43xx.o(i.Chip_DMA_PrepareDescriptor), (104 bytes).
    Removing gpdma_18xx_43xx.o(i.Chip_DMA_SGTransfer), (110 bytes).
    Removing gpdma_18xx_43xx.o(i.Chip_DMA_Stop), (68 bytes).
    Removing gpdma_18xx_43xx.o(i.Chip_DMA_Transfer), (144 bytes).
    Removing gpdma_18xx_43xx.o(i.Chip_GPDMA_ClearIntPending), (4 bytes).
    Removing gpdma_18xx_43xx.o(i.Chip_GPDMA_DeInit), (6 bytes).
    Removing gpdma_18xx_43xx.o(i.Chip_GPDMA_Init), (44 bytes).
    Removing gpdma_18xx_43xx.o(i.Chip_GPDMA_IntGetStatus), (4 bytes).
    Removing gpdma_18xx_43xx.o(i.DMAMUX_Config), (216 bytes).
    Removing gpdma_18xx_43xx.o(.constdata), (60 bytes).
    Removing gpdma_18xx_43xx.o(.data), (128 bytes).
    Removing gpio_18xx_43xx.o(.rev16_text), (4 bytes).
    Removing gpio_18xx_43xx.o(.revsh_text), (4 bytes).
    Removing gpio_18xx_43xx.o(i.Chip_GPIO_SetDir), (22 bytes).
    Removing i2c_18xx_43xx.o(.rev16_text), (4 bytes).
    Removing i2c_18xx_43xx.o(.revsh_text), (4 bytes).
    Removing i2c_18xx_43xx.o(i.Chip_I2C_DeInit), (28 bytes).
    Removing i2c_18xx_43xx.o(i.Chip_I2C_Disable), (20 bytes).
    Removing i2c_18xx_43xx.o(i.Chip_I2C_EventHandler), (32 bytes).
    Removing i2c_18xx_43xx.o(i.Chip_I2C_EventHandlerPolling), (52 bytes).
    Removing i2c_18xx_43xx.o(i.Chip_I2C_GetClockRate), (40 bytes).
    Removing i2c_18xx_43xx.o(i.Chip_I2C_GetMasterEventHandler), (20 bytes).
    Removing i2c_18xx_43xx.o(i.Chip_I2C_Init), (32 bytes).
    Removing i2c_18xx_43xx.o(i.Chip_I2C_IsMasterActive), (32 bytes).
    Removing i2c_18xx_43xx.o(i.Chip_I2C_IsStateChanged), (24 bytes).
    Removing i2c_18xx_43xx.o(i.Chip_I2C_MasterCmdRead), (56 bytes).
    Removing i2c_18xx_43xx.o(i.Chip_I2C_MasterRead), (48 bytes).
    Removing i2c_18xx_43xx.o(i.Chip_I2C_MasterSend), (48 bytes).
    Removing i2c_18xx_43xx.o(i.Chip_I2C_MasterStateHandler), (48 bytes).
    Removing i2c_18xx_43xx.o(i.Chip_I2C_MasterTransfer), (100 bytes).
    Removing i2c_18xx_43xx.o(i.Chip_I2C_SetClockRate), (44 bytes).
    Removing i2c_18xx_43xx.o(i.Chip_I2C_SetMasterEventHandler), (36 bytes).
    Removing i2c_18xx_43xx.o(i.Chip_I2C_SlaveSetup), (112 bytes).
    Removing i2c_18xx_43xx.o(i.Chip_I2C_SlaveStateHandler), (104 bytes).
    Removing i2c_18xx_43xx.o(.bss), (80 bytes).
    Removing i2c_18xx_43xx.o(.data), (56 bytes).
    Removing i2s_18xx_43xx.o(.rev16_text), (4 bytes).
    Removing i2s_18xx_43xx.o(.revsh_text), (4 bytes).
    Removing i2s_18xx_43xx.o(i.Chip_I2S_Config), (326 bytes).
    Removing i2s_18xx_43xx.o(i.Chip_I2S_DMA_Cmd), (34 bytes).
    Removing i2s_18xx_43xx.o(i.Chip_I2S_DeInit), (36 bytes).
    Removing i2s_18xx_43xx.o(i.Chip_I2S_Init), (36 bytes).
    Removing i2s_18xx_43xx.o(i.Chip_I2S_Int_Cmd), (26 bytes).
    Removing i2s_18xx_43xx.o(.data), (1 bytes).
    Removing lcd_18xx_43xx.o(.rev16_text), (4 bytes).
    Removing lcd_18xx_43xx.o(.revsh_text), (4 bytes).
    Removing lcd_18xx_43xx.o(i.Chip_LCD_Cursor_Config), (20 bytes).
    Removing lcd_18xx_43xx.o(i.Chip_LCD_Cursor_WriteImage), (44 bytes).
    Removing lcd_18xx_43xx.o(i.Chip_LCD_DeInit), (6 bytes).
    Removing lcd_18xx_43xx.o(i.Chip_LCD_Init), (30 bytes).
    Removing lcd_18xx_43xx.o(i.Chip_LCD_LoadPalette), (90 bytes).
    Removing lcd_18xx_43xx.o(.data), (1 bytes).
    Removing ritimer_18xx_43xx.o(.rev16_text), (4 bytes).
    Removing ritimer_18xx_43xx.o(.revsh_text), (4 bytes).
    Removing ritimer_18xx_43xx.o(i.Chip_RIT_DeInit), (16 bytes).
    Removing ritimer_18xx_43xx.o(i.Chip_RIT_Init), (26 bytes).
    Removing ritimer_18xx_43xx.o(i.Chip_RIT_SetTimerInterval), (34 bytes).
    Removing rtc_18xx_43xx.o(.rev16_text), (4 bytes).
    Removing rtc_18xx_43xx.o(.revsh_text), (4 bytes).
    Removing rtc_18xx_43xx.o(i.Chip_RTC_Init), (36 bytes).
    Removing sdmmc_18xx_43xx.o(.rev16_text), (4 bytes).
    Removing sdmmc_18xx_43xx.o(.revsh_text), (4 bytes).
    Removing sdmmc_18xx_43xx.o(i.Chip_SDMMC_Acquire), (672 bytes).
    Removing sdmmc_18xx_43xx.o(i.Chip_SDMMC_GetDeviceBlocks), (20 bytes).
    Removing sdmmc_18xx_43xx.o(i.Chip_SDMMC_GetDeviceSize), (20 bytes).
    Removing sdmmc_18xx_43xx.o(i.Chip_SDMMC_GetState), (56 bytes).
    Removing sdmmc_18xx_43xx.o(i.Chip_SDMMC_ReadBlocks), (136 bytes).
    Removing sdmmc_18xx_43xx.o(i.Chip_SDMMC_WriteBlocks), (148 bytes).
    Removing sdmmc_18xx_43xx.o(i.prv_card_acquired), (24 bytes).
    Removing sdmmc_18xx_43xx.o(i.prv_get_bits), (54 bytes).
    Removing sdmmc_18xx_43xx.o(i.prv_process_csd), (308 bytes).
    Removing sdmmc_18xx_43xx.o(i.prv_set_trans_state), (96 bytes).
    Removing sdmmc_18xx_43xx.o(i.sdmmc_execute_command), (368 bytes).
    Removing sdmmc_18xx_43xx.o(.data), (4 bytes).
    Removing ssp_18xx_43xx.o(.rev16_text), (4 bytes).
    Removing ssp_18xx_43xx.o(.revsh_text), (4 bytes).
    Removing ssp_18xx_43xx.o(i.Chip_SSP_DeInit), (28 bytes).
    Removing ssp_18xx_43xx.o(i.Chip_SSP_Init), (60 bytes).
    Removing ssp_18xx_43xx.o(i.Chip_SSP_Int_FlushData), (42 bytes).
    Removing ssp_18xx_43xx.o(i.Chip_SSP_Int_RWFrames16Bits), (166 bytes).
    Removing ssp_18xx_43xx.o(i.Chip_SSP_Int_RWFrames8Bits), (164 bytes).
    Removing ssp_18xx_43xx.o(i.Chip_SSP_RWFrames_Blocking), (268 bytes).
    Removing ssp_18xx_43xx.o(i.Chip_SSP_ReadFrames_Blocking), (198 bytes).
    Removing ssp_18xx_43xx.o(i.Chip_SSP_SetBitRate), (72 bytes).
    Removing ssp_18xx_43xx.o(i.Chip_SSP_SetMaster), (18 bytes).
    Removing ssp_18xx_43xx.o(i.Chip_SSP_WriteFrames_Blocking), (184 bytes).
    Removing ssp_18xx_43xx.o(i.IP_SSP_GetRawIntStatus), (10 bytes).
    Removing ssp_18xx_43xx.o(i.IP_SSP_GetStatus), (10 bytes).
    Removing timer_18xx_43xx.o(.rev16_text), (4 bytes).
    Removing timer_18xx_43xx.o(.revsh_text), (4 bytes).
    Removing timer_18xx_43xx.o(i.Chip_TIMER_DeInit), (14 bytes).
    Removing timer_18xx_43xx.o(i.Chip_TIMER_Init), (14 bytes).
    Removing timer_18xx_43xx.o(i.Chip_Timer_GetClock), (48 bytes).
    Removing uart_18xx_43xx.o(.rev16_text), (4 bytes).
    Removing uart_18xx_43xx.o(.revsh_text), (4 bytes).
    Removing uart_18xx_43xx.o(i.Chip_UART_DeInit), (30 bytes).
    Removing uart_18xx_43xx.o(i.Chip_UART_DetermineClk), (40 bytes).
    Removing uart_18xx_43xx.o(i.Chip_UART_GetABEOStatus), (12 bytes).
    Removing uart_18xx_43xx.o(i.Chip_UART_GetIntStatus), (78 bytes).
    Removing uart_18xx_43xx.o(i.Chip_UART_Get_UARTNum), (48 bytes).
    Removing uart_18xx_43xx.o(i.Chip_UART_Init), (38 bytes).
    Removing uart_18xx_43xx.o(i.Chip_UART_InitRingBuffer), (28 bytes).
    Removing uart_18xx_43xx.o(i.Chip_UART_IntConfig), (4 bytes).
    Removing uart_18xx_43xx.o(i.Chip_UART_Interrupt_Handler), (268 bytes).
    Removing uart_18xx_43xx.o(i.Chip_UART_Interrupt_Receive), (84 bytes).
    Removing uart_18xx_43xx.o(i.Chip_UART_Interrupt_Transmit), (192 bytes).
    Removing uart_18xx_43xx.o(i.Chip_UART_Send), (4 bytes).
    Removing uart_18xx_43xx.o(i.Chip_UART_SetBaud), (28 bytes).
    Removing uart_18xx_43xx.o(i.Chip_UART_TxCmd), (24 bytes).
    Removing uart_18xx_43xx.o(.bss), (528 bytes).
    Removing uart_18xx_43xx.o(.data), (2 bytes).
    Removing wwdt_18xx_43xx.o(.rev16_text), (4 bytes).
    Removing wwdt_18xx_43xx.o(.revsh_text), (4 bytes).
    Removing wwdt_18xx_43xx.o(i.Chip_WWDT_Init), (4 bytes).
    Removing board_ngx_xplorer_18304330.o(.rev16_text), (4 bytes).
    Removing board_ngx_xplorer_18304330.o(.revsh_text), (4 bytes).
    Removing board_ngx_xplorer_18304330.o(i.Board_Audio_CodecInit), (84 bytes).
    Removing board_ngx_xplorer_18304330.o(i.Board_Audio_Init), (52 bytes).
    Removing board_ngx_xplorer_18304330.o(i.Board_Debug_Init), (56 bytes).
    Removing board_ngx_xplorer_18304330.o(i.Board_ENET_GetMacADDR), (32 bytes).
    Removing board_ngx_xplorer_18304330.o(i.Board_GPIO_Int_Init), (64 bytes).
    Removing board_ngx_xplorer_18304330.o(i.Board_I2C_Init), (44 bytes).
    Removing board_ngx_xplorer_18304330.o(i.Board_Joystick_Init), (2 bytes).
    Removing board_ngx_xplorer_18304330.o(i.Board_LED_Test), (40 bytes).
    Removing board_ngx_xplorer_18304330.o(i.Board_SDMMC_Init), (68 bytes).
    Removing board_ngx_xplorer_18304330.o(i.Board_SSP_Init), (60 bytes).
    Removing board_ngx_xplorer_18304330.o(i.Board_UARTGetChar), (32 bytes).
    Removing board_ngx_xplorer_18304330.o(i.Board_UARTPutChar), (24 bytes).
    Removing board_ngx_xplorer_18304330.o(i.Board_UARTPutSTR), (20 bytes).
    Removing board_ngx_xplorer_18304330.o(i.Board_UART_Init), (68 bytes).
    Removing board_ngx_xplorer_18304330.o(i.Chip_ENET_IsMIIBusy), (4 bytes).
    Removing board_ngx_xplorer_18304330.o(i.Joystick_GetStatus), (4 bytes).
    Removing board_ngx_xplorer_18304330.o(i.Serial_CreateStream), (2 bytes).
    Removing board_ngx_xplorer_18304330.o(i.__readc), (6 bytes).
    Removing board_ngx_xplorer_18304330.o(i.__write), (4 bytes).
    Removing board_ngx_xplorer_18304330.o(i._sys_exit), (2 bytes).
    Removing board_ngx_xplorer_18304330.o(i._sys_open), (4 bytes).
    Removing board_ngx_xplorer_18304330.o(i.ferror), (6 bytes).
    Removing board_ngx_xplorer_18304330.o(i.fgetc), (4 bytes).
    Removing board_ngx_xplorer_18304330.o(i.fputc), (4 bytes).
    Removing board_ngx_xplorer_18304330.o(i.lpcPHYStsPoll), (104 bytes).
    Removing board_ngx_xplorer_18304330.o(i.lpc_mii_write), (60 bytes).
    Removing board_ngx_xplorer_18304330.o(i.lpc_phy_init), (136 bytes).
    Removing board_ngx_xplorer_18304330.o(i.smsc_update_phy_sts), (100 bytes).
    Removing board_ngx_xplorer_18304330.o(.data), (4 bytes).
    Removing board_ngx_xplorer_18304330.o(.data), (4 bytes).
    Removing board_ngx_xplorer_18304330.o(.data), (4 bytes).
    Removing sysinit_ngx_xplorer_18304330.o(.rev16_text), (4 bytes).
    Removing sysinit_ngx_xplorer_18304330.o(.revsh_text), (4 bytes).
    Removing uda1380.o(.rev16_text), (4 bytes).
    Removing uda1380.o(.revsh_text), (4 bytes).
    Removing uda1380.o(i.Audio_Codec_SetDefaultValues), (28 bytes).
    Removing uda1380.o(i.UDA1380_Init), (136 bytes).
    Removing uda1380.o(i.UDA1380_REG_Read), (34 bytes).
    Removing uda1380.o(i.UDA1380_REG_VerifyMult), (56 bytes).
    Removing uda1380.o(i.UDA1380_REG_Write), (30 bytes).
    Removing uda1380.o(i.UDA1380_REG_WriteMult), (28 bytes).
    Removing uda1380.o(i.UDA1380_REG_WriteVerify), (28 bytes).
    Removing uda1380.o(.constdata), (31 bytes).
    Removing sdif_18xx_43xx.o(.rev16_text), (4 bytes).
    Removing sdif_18xx_43xx.o(.revsh_text), (4 bytes).
    Removing sdif_18xx_43xx.o(i.Chip_SDIF_DeInit), (16 bytes).
    Removing sdif_18xx_43xx.o(i.Chip_SDIF_GetIntStatus), (30 bytes).
    Removing sdif_18xx_43xx.o(i.Chip_SDIF_Init), (26 bytes).
    Removing sct_18xx_43xx.o(.rev16_text), (4 bytes).
    Removing sct_18xx_43xx.o(.revsh_text), (4 bytes).
    Removing sct_18xx_43xx.o(i.Chip_SCT_DeInit), (6 bytes).
    Removing sct_18xx_43xx.o(i.Chip_SCT_Init), (12 bytes).
    Removing scu_18xx_43xx.o(.rev16_text), (4 bytes).
    Removing scu_18xx_43xx.o(.revsh_text), (4 bytes).
    Removing scu_18xx_43xx.o(i.Chip_SCU_GPIOIntPinSel), (56 bytes).
    Removing rgu_18xx_43xx.o(.rev16_text), (4 bytes).
    Removing rgu_18xx_43xx.o(.revsh_text), (4 bytes).
    Removing rgu_18xx_43xx.o(i.Chip_RGU_ClearReset), (20 bytes).
    Removing rgu_18xx_43xx.o(i.Chip_RGU_InReset), (32 bytes).
    Removing rgu_18xx_43xx.o(i.Chip_RGU_TriggerReset), (24 bytes).
    Removing audioclassdevice.o(.rev16_text), (4 bytes).
    Removing audioclassdevice.o(.revsh_text), (4 bytes).
    Removing configdescriptor.o(.rev16_text), (4 bytes).
    Removing configdescriptor.o(.revsh_text), (4 bytes).
    Removing configdescriptor.o(i.USB_GetNextDescriptor), (26 bytes).
    Removing configdescriptor.o(i.USB_GetNextDescriptorComp), (54 bytes).
    Removing configdescriptor.o(i.USB_GetNextDescriptorOfType), (34 bytes).
    Removing configdescriptor.o(i.USB_GetNextDescriptorOfTypeAfter), (36 bytes).
    Removing configdescriptor.o(i.USB_GetNextDescriptorOfTypeBefore), (50 bytes).
    Removing device.o(.rev16_text), (4 bytes).
    Removing device.o(.revsh_text), (4 bytes).
    Removing device.o(i.USB_Device_SendRemoteWakeup), (2 bytes).
    Removing devicestandardreq.o(.rev16_text), (4 bytes).
    Removing devicestandardreq.o(.revsh_text), (4 bytes).
    Removing endpoint.o(.rev16_text), (4 bytes).
    Removing endpoint.o(.revsh_text), (4 bytes).
    Removing endpoint.o(i.Endpoint_ClearEndpoints), (32 bytes).
    Removing endpoint.o(i.Endpoint_ConfigureEndpoint_Prv), (36 bytes).
    Removing endpoint.o(i.Endpoint_WaitUntilReady), (4 bytes).
    Removing endpointstream.o(.rev16_text), (4 bytes).
    Removing endpointstream.o(.revsh_text), (4 bytes).
    Removing endpointstream.o(i.Endpoint_Discard_Stream), (132 bytes).
    Removing endpointstream.o(i.Endpoint_Null_Stream), (200 bytes).
    Removing endpointstream.o(i.Endpoint_Read_Control_Stream_BE), (4 bytes).
    Removing endpointstream.o(i.Endpoint_Read_Stream_BE), (4 bytes).
    Removing endpointstream.o(i.Endpoint_Write_Control_Stream_BE), (4 bytes).
    Removing endpointstream.o(i.Endpoint_Write_Stream_BE), (92 bytes).
    Removing usbcontroller.o(.rev16_text), (4 bytes).
    Removing usbcontroller.o(.revsh_text), (4 bytes).
    Removing usbcontroller.o(i.USB_Disable), (44 bytes).
    Removing usbcontroller.o(.data), (1 bytes).
    Removing usbtask.o(.rev16_text), (4 bytes).
    Removing usbtask.o(.revsh_text), (4 bytes).
    Removing usbd_cdc.o(.rev16_text), (4 bytes).
    Removing usbd_cdc.o(.revsh_text), (4 bytes).
    Removing usbd_hid.o(.rev16_text), (4 bytes).
    Removing usbd_hid.o(.revsh_text), (4 bytes).
    Removing usbd_msc.o(.rev16_text), (4 bytes).
    Removing usbd_msc.o(.revsh_text), (4 bytes).
    Removing usbd_rom.o(.rev16_text), (4 bytes).
    Removing usbd_rom.o(.revsh_text), (4 bytes).
    Removing hal_lpc18xx.o(.rev16_text), (4 bytes).
    Removing hal_lpc18xx.o(.revsh_text), (4 bytes).
    Removing hal_lpc18xx.o(i.HAL_DisableUSBInterrupt), (28 bytes).
    Removing hal_lpc18xx.o(i.HAL_USBDeInit), (164 bytes).
    Removing endpoint_lpc18xx.o(.rev16_text), (4 bytes).
    Removing endpoint_lpc18xx.o(.revsh_text), (4 bytes).
    Removing endpoint_lpc18xx.o(i.Dummy_EPGetISOAddress), (8 bytes).

487 unused section(s) (total 17192 bytes) removed from the image.

==============================================================================

Image Symbol Table

    Local Symbols

    Symbol Name                              Value     Ov Type        Size  Object(Section)

    ../clib/../cmprslib/zerorunl2.c          0x00000000   Number         0  __dczerorl2.o ABSOLUTE
    ../clib/microlib/division.c              0x00000000   Number         0  uldiv.o ABSOLUTE
    ../clib/microlib/init/entry.s            0x00000000   Number         0  entry2.o ABSOLUTE
    ../clib/microlib/init/entry.s            0x00000000   Number         0  entry.o ABSOLUTE
    ../clib/microlib/init/entry.s            0x00000000   Number         0  entry5.o ABSOLUTE
    ../clib/microlib/init/entry.s            0x00000000   Number         0  entry10b.o ABSOLUTE
    ../clib/microlib/init/entry.s            0x00000000   Number         0  entry11a.o ABSOLUTE
    ../clib/microlib/init/entry.s            0x00000000   Number         0  entry7b.o ABSOLUTE
    ../clib/microlib/init/entry.s            0x00000000   Number         0  entry11b.o ABSOLUTE
    ../clib/microlib/init/entry.s            0x00000000   Number         0  entry8a.o ABSOLUTE
    ../clib/microlib/init/entry.s            0x00000000   Number         0  entry7a.o ABSOLUTE
    ../clib/microlib/init/entry.s            0x00000000   Number         0  entry8b.o ABSOLUTE
    ../clib/microlib/init/entry.s            0x00000000   Number         0  entry9a.o ABSOLUTE
    ../clib/microlib/init/entry.s            0x00000000   Number         0  entry9b.o ABSOLUTE
    ../clib/microlib/init/entry.s            0x00000000   Number         0  entry10a.o ABSOLUTE
    ../clib/microlib/longlong.c              0x00000000   Number         0  llushr.o ABSOLUTE
    ../clib/microlib/longlong.c              0x00000000   Number         0  llshl.o ABSOLUTE
    ../clib/microlib/malloc/malloc.c         0x00000000   Number         0  mallocra.o ABSOLUTE
    ../clib/microlib/malloc/malloc.c         0x00000000   Number         0  malloca.o ABSOLUTE
    ../clib/microlib/malloc/malloc.c         0x00000000   Number         0  mallocr.o ABSOLUTE
    ../clib/microlib/malloc/malloc.c         0x00000000   Number         0  malloc.o ABSOLUTE
    ../clib/microlib/malloc/mvars.c          0x00000000   Number         0  mvars.o ABSOLUTE
    ../clib/microlib/string/memcpy.c         0x00000000   Number         0  memcpyb.o ABSOLUTE
    ../clib/microlib/string/memcpy.c         0x00000000   Number         0  memcpya.o ABSOLUTE
    ../clib/microlib/string/memset.c         0x00000000   Number         0  memseta.o ABSOLUTE
    ..\..\..\..\..\software\LPCUSBLib\Drivers\USB\Class\Device\AudioClassDevice.c 0x00000000   Number         0  audioclassdevice.o ABSOLUTE
    ..\..\..\..\..\software\LPCUSBLib\Drivers\USB\Core\ConfigDescriptor.c 0x00000000   Number         0  configdescriptor.o ABSOLUTE
    ..\..\..\..\..\software\LPCUSBLib\Drivers\USB\Core\DCD\LPC18XX\Endpoint_LPC18xx.c 0x00000000   Number         0  endpoint_lpc18xx.o ABSOLUTE
    ..\..\..\..\..\software\LPCUSBLib\Drivers\USB\Core\DCD\USBRom\usbd_adcuser.c 0x00000000   Number         0  usbd_adcuser.o ABSOLUTE
    ..\..\..\..\..\software\LPCUSBLib\Drivers\USB\Core\DCD\USBRom\usbd_cdc.c 0x00000000   Number         0  usbd_cdc.o ABSOLUTE
    ..\..\..\..\..\software\LPCUSBLib\Drivers\USB\Core\DCD\USBRom\usbd_hid.c 0x00000000   Number         0  usbd_hid.o ABSOLUTE
    ..\..\..\..\..\software\LPCUSBLib\Drivers\USB\Core\DCD\USBRom\usbd_msc.c 0x00000000   Number         0  usbd_msc.o ABSOLUTE
    ..\..\..\..\..\software\LPCUSBLib\Drivers\USB\Core\DCD\USBRom\usbd_rom.c 0x00000000   Number         0  usbd_rom.o ABSOLUTE
    ..\..\..\..\..\software\LPCUSBLib\Drivers\USB\Core\Device.c 0x00000000   Number         0  device.o ABSOLUTE
    ..\..\..\..\..\software\LPCUSBLib\Drivers\USB\Core\DeviceStandardReq.c 0x00000000   Number         0  devicestandardreq.o ABSOLUTE
    ..\..\..\..\..\software\LPCUSBLib\Drivers\USB\Core\Endpoint.c 0x00000000   Number         0  endpoint.o ABSOLUTE
    ..\..\..\..\..\software\LPCUSBLib\Drivers\USB\Core\EndpointStream.c 0x00000000   Number         0  endpointstream.o ABSOLUTE
    ..\..\..\..\..\software\LPCUSBLib\Drivers\USB\Core\Events.c 0x00000000   Number         0  events.o ABSOLUTE
    ..\..\..\..\..\software\LPCUSBLib\Drivers\USB\Core\HAL\LPC18XX\HAL_LPC18xx.c 0x00000000   Number         0  hal_lpc18xx.o ABSOLUTE
    ..\..\..\..\..\software\LPCUSBLib\Drivers\USB\Core\HCD\EHCI\EHCI.c 0x00000000   Number         0  ehci.o ABSOLUTE
    ..\..\..\..\..\software\LPCUSBLib\Drivers\USB\Core\HCD\HCD.c 0x00000000   Number         0  hcd.o ABSOLUTE
    ..\..\..\..\..\software\LPCUSBLib\Drivers\USB\Core\HCD\OHCI\OHCI.c 0x00000000   Number         0  ohci.o ABSOLUTE
    ..\..\..\..\..\software\LPCUSBLib\Drivers\USB\Core\Host.c 0x00000000   Number         0  host.o ABSOLUTE
    ..\..\..\..\..\software\LPCUSBLib\Drivers\USB\Core\HostStandardReq.c 0x00000000   Number         0  hoststandardreq.o ABSOLUTE
    ..\..\..\..\..\software\LPCUSBLib\Drivers\USB\Core\Pipe.c 0x00000000   Number         0  pipe.o ABSOLUTE
    ..\..\..\..\..\software\LPCUSBLib\Drivers\USB\Core\PipeStream.c 0x00000000   Number         0  pipestream.o ABSOLUTE
    ..\..\..\..\..\software\LPCUSBLib\Drivers\USB\Core\USBController.c 0x00000000   Number         0  usbcontroller.o ABSOLUTE
    ..\..\..\..\..\software\LPCUSBLib\Drivers\USB\Core\USBMemory.c 0x00000000   Number         0  usbmemory.o ABSOLUTE
    ..\..\..\..\..\software\LPCUSBLib\Drivers\USB\Core\USBTask.c 0x00000000   Number         0  usbtask.o ABSOLUTE
    ..\..\..\..\..\software\lpc_core\lpc_board\board_common\uda1380.c 0x00000000   Number         0  uda1380.o ABSOLUTE
    ..\..\..\..\..\software\lpc_core\lpc_board\boards_18xx_43xx\ngx_xplorer_18304330\board_ngx_xplorer_18304330.c 0x00000000   Number         0  board_ngx_xplorer_18304330.o ABSOLUTE
    ..\..\..\..\..\software\lpc_core\lpc_board\boards_18xx_43xx\ngx_xplorer_18304330\sysinit_ngx_xplorer_18304330.c 0x00000000   Number         0  sysinit_ngx_xplorer_18304330.o ABSOLUTE
    ..\..\..\..\..\software\lpc_core\lpc_chip\chip_18xx_43xx\adc_18xx_43xx.c 0x00000000   Number         0  adc_18xx_43xx.o ABSOLUTE
    ..\..\..\..\..\software\lpc_core\lpc_chip\chip_18xx_43xx\aes_18xx_43xx.c 0x00000000   Number         0  aes_18xx_43xx.o ABSOLUTE
    ..\..\..\..\..\software\lpc_core\lpc_chip\chip_18xx_43xx\atimer_18xx_43xx.c 0x00000000   Number         0  atimer_18xx_43xx.o ABSOLUTE
    ..\..\..\..\..\software\lpc_core\lpc_chip\chip_18xx_43xx\clock_18xx_43xx.c 0x00000000   Number         0  clock_18xx_43xx.o ABSOLUTE
    ..\..\..\..\..\software\lpc_core\lpc_chip\chip_18xx_43xx\emc_18xx_43xx.c 0x00000000   Number         0  emc_18xx_43xx.o ABSOLUTE
    ..\..\..\..\..\software\lpc_core\lpc_chip\chip_18xx_43xx\enet_18xx_43xx.c 0x00000000   Number         0  enet_18xx_43xx.o ABSOLUTE
    ..\..\..\..\..\software\lpc_core\lpc_chip\chip_18xx_43xx\evrt_18xx_43xx.c 0x00000000   Number         0  evrt_18xx_43xx.o ABSOLUTE
    ..\..\..\..\..\software\lpc_core\lpc_chip\chip_18xx_43xx\gpdma_18xx_43xx.c 0x00000000   Number         0  gpdma_18xx_43xx.o ABSOLUTE
    ..\..\..\..\..\software\lpc_core\lpc_chip\chip_18xx_43xx\gpio_18xx_43xx.c 0x00000000   Number         0  gpio_18xx_43xx.o ABSOLUTE
    ..\..\..\..\..\software\lpc_core\lpc_chip\chip_18xx_43xx\i2c_18xx_43xx.c 0x00000000   Number         0  i2c_18xx_43xx.o ABSOLUTE
    ..\..\..\..\..\software\lpc_core\lpc_chip\chip_18xx_43xx\i2s_18xx_43xx.c 0x00000000   Number         0  i2s_18xx_43xx.o ABSOLUTE
    ..\..\..\..\..\software\lpc_core\lpc_chip\chip_18xx_43xx\lcd_18xx_43xx.c 0x00000000   Number         0  lcd_18xx_43xx.o ABSOLUTE
    ..\..\..\..\..\software\lpc_core\lpc_chip\chip_18xx_43xx\rgu_18xx_43xx.c 0x00000000   Number         0  rgu_18xx_43xx.o ABSOLUTE
    ..\..\..\..\..\software\lpc_core\lpc_chip\chip_18xx_43xx\ritimer_18xx_43xx.c 0x00000000   Number         0  ritimer_18xx_43xx.o ABSOLUTE
    ..\..\..\..\..\software\lpc_core\lpc_chip\chip_18xx_43xx\rtc_18xx_43xx.c 0x00000000   Number         0  rtc_18xx_43xx.o ABSOLUTE
    ..\..\..\..\..\software\lpc_core\lpc_chip\chip_18xx_43xx\sct_18xx_43xx.c 0x00000000   Number         0  sct_18xx_43xx.o ABSOLUTE
    ..\..\..\..\..\software\lpc_core\lpc_chip\chip_18xx_43xx\scu_18xx_43xx.c 0x00000000   Number         0  scu_18xx_43xx.o ABSOLUTE
    ..\..\..\..\..\software\lpc_core\lpc_chip\chip_18xx_43xx\sdif_18xx_43xx.c 0x00000000   Number         0  sdif_18xx_43xx.o ABSOLUTE
    ..\..\..\..\..\software\lpc_core\lpc_chip\chip_18xx_43xx\sdmmc_18xx_43xx.c 0x00000000   Number         0  sdmmc_18xx_43xx.o ABSOLUTE
    ..\..\..\..\..\software\lpc_core\lpc_chip\chip_18xx_43xx\ssp_18xx_43xx.c 0x00000000   Number         0  ssp_18xx_43xx.o ABSOLUTE
    ..\..\..\..\..\software\lpc_core\lpc_chip\chip_18xx_43xx\timer_18xx_43xx.c 0x00000000   Number         0  timer_18xx_43xx.o ABSOLUTE
    ..\..\..\..\..\software\lpc_core\lpc_chip\chip_18xx_43xx\uart_18xx_43xx.c 0x00000000   Number         0  uart_18xx_43xx.o ABSOLUTE
    ..\..\..\..\..\software\lpc_core\lpc_chip\chip_18xx_43xx\wwdt_18xx_43xx.c 0x00000000   Number         0  wwdt_18xx_43xx.o ABSOLUTE
    ..\..\..\..\..\software\lpc_core\lpc_ip\adc_001.c 0x00000000   Number         0  adc_001.o ABSOLUTE
    ..\..\..\..\..\software\lpc_core\lpc_ip\atimer_001.c 0x00000000   Number         0  atimer_001.o ABSOLUTE
    ..\..\..\..\..\software\lpc_core\lpc_ip\eeprom_002.c 0x00000000   Number         0  eeprom_002.o ABSOLUTE
    ..\..\..\..\..\software\lpc_core\lpc_ip\emc_001.c 0x00000000   Number         0  emc_001.o ABSOLUTE
    ..\..\..\..\..\software\lpc_core\lpc_ip\enet_001.c 0x00000000   Number         0  enet_001.o ABSOLUTE
    ..\..\..\..\..\software\lpc_core\lpc_ip\fpu_init.c 0x00000000   Number         0  fpu_init.o ABSOLUTE
    ..\..\..\..\..\software\lpc_core\lpc_ip\gpdma_001.c 0x00000000   Number         0  gpdma_001.o ABSOLUTE
    ..\..\..\..\..\software\lpc_core\lpc_ip\gpio_003.c 0x00000000   Number         0  gpio_003.o ABSOLUTE
    ..\..\..\..\..\software\lpc_core\lpc_ip\gpiogrpint_001.c 0x00000000   Number         0  gpiogrpint_001.o ABSOLUTE
    ..\..\..\..\..\software\lpc_core\lpc_ip\gpioint_001.c 0x00000000   Number         0  gpioint_001.o ABSOLUTE
    ..\..\..\..\..\software\lpc_core\lpc_ip\gpiopinint_001.c 0x00000000   Number         0  gpiopinint_001.o ABSOLUTE
    ..\..\..\..\..\software\lpc_core\lpc_ip\i2c_001.c 0x00000000   Number         0  i2c_001.o ABSOLUTE
    ..\..\..\..\..\software\lpc_core\lpc_ip\i2s_001.c 0x00000000   Number         0  i2s_001.o ABSOLUTE
    ..\..\..\..\..\software\lpc_core\lpc_ip\lcd_001.c 0x00000000   Number         0  lcd_001.o ABSOLUTE
    ..\..\..\..\..\software\lpc_core\lpc_ip\ritimer_001.c 0x00000000   Number         0  ritimer_001.o ABSOLUTE
    ..\..\..\..\..\software\lpc_core\lpc_ip\rtc_001.c 0x00000000   Number         0  rtc_001.o ABSOLUTE
    ..\..\..\..\..\software\lpc_core\lpc_ip\sct_001.c 0x00000000   Number         0  sct_001.o ABSOLUTE
    ..\..\..\..\..\software\lpc_core\lpc_ip\sdc_001.c 0x00000000   Number         0  sdc_001.o ABSOLUTE
    ..\..\..\..\..\software\lpc_core\lpc_ip\sdmmc_001.c 0x00000000   Number         0  sdmmc_001.o ABSOLUTE
    ..\..\..\..\..\software\lpc_core\lpc_ip\spi_002.c 0x00000000   Number         0  spi_002.o ABSOLUTE
    ..\..\..\..\..\software\lpc_core\lpc_ip\ssp_001.c 0x00000000   Number         0  ssp_001.o ABSOLUTE
    ..\..\..\..\..\software\lpc_core\lpc_ip\timer_001.c 0x00000000   Number         0  timer_001.o ABSOLUTE
    ..\..\..\..\..\software\lpc_core\lpc_ip\usart_001.c 0x00000000   Number         0  usart_001.o ABSOLUTE
    ..\..\..\..\..\software\lpc_core\lpc_ip\wwdt_001.c 0x00000000   Number         0  wwdt_001.o ABSOLUTE
    ..\..\..\..\LPCUSBlib\lpcusblib_AudioInputDevice\AudioInput.c 0x00000000   Number         0  audioinput.o ABSOLUTE
    ..\..\..\..\LPCUSBlib\lpcusblib_AudioInputDevice\Descriptors.c 0x00000000   Number         0  descriptors.o ABSOLUTE
    ..\..\..\..\LPCUSBlib\lpcusblib_AudioInputDevice\Lib\UsbRom.c 0x00000000   Number         0  usbrom.o ABSOLUTE
    ..\\..\\..\\..\\..\\software\\LPCUSBLib\\Drivers\\USB\\Class\\Device\\AudioClassDevice.c 0x00000000   Number         0  audioclassdevice.o ABSOLUTE
    ..\\..\\..\\..\\..\\software\\LPCUSBLib\\Drivers\\USB\\Core\\ConfigDescriptor.c 0x00000000   Number         0  configdescriptor.o ABSOLUTE
    ..\\..\\..\\..\\..\\software\\LPCUSBLib\\Drivers\\USB\\Core\\DCD\\LPC18XX\\Endpoint_LPC18xx.c 0x00000000   Number         0  endpoint_lpc18xx.o ABSOLUTE
    ..\\..\\..\\..\\..\\software\\LPCUSBLib\\Drivers\\USB\\Core\\DCD\\USBRom\\usbd_cdc.c 0x00000000   Number         0  usbd_cdc.o ABSOLUTE
    ..\\..\\..\\..\\..\\software\\LPCUSBLib\\Drivers\\USB\\Core\\DCD\\USBRom\\usbd_hid.c 0x00000000   Number         0  usbd_hid.o ABSOLUTE
    ..\\..\\..\\..\\..\\software\\LPCUSBLib\\Drivers\\USB\\Core\\DCD\\USBRom\\usbd_msc.c 0x00000000   Number         0  usbd_msc.o ABSOLUTE
    ..\\..\\..\\..\\..\\software\\LPCUSBLib\\Drivers\\USB\\Core\\DCD\\USBRom\\usbd_rom.c 0x00000000   Number         0  usbd_rom.o ABSOLUTE
    ..\\..\\..\\..\\..\\software\\LPCUSBLib\\Drivers\\USB\\Core\\Device.c 0x00000000   Number         0  device.o ABSOLUTE
    ..\\..\\..\\..\\..\\software\\LPCUSBLib\\Drivers\\USB\\Core\\DeviceStandardReq.c 0x00000000   Number         0  devicestandardreq.o ABSOLUTE
    ..\\..\\..\\..\\..\\software\\LPCUSBLib\\Drivers\\USB\\Core\\Endpoint.c 0x00000000   Number         0  endpoint.o ABSOLUTE
    ..\\..\\..\\..\\..\\software\\LPCUSBLib\\Drivers\\USB\\Core\\EndpointStream.c 0x00000000   Number         0  endpointstream.o ABSOLUTE
    ..\\..\\..\\..\\..\\software\\LPCUSBLib\\Drivers\\USB\\Core\\HAL\\LPC18XX\\HAL_LPC18xx.c 0x00000000   Number         0  hal_lpc18xx.o ABSOLUTE
    ..\\..\\..\\..\\..\\software\\LPCUSBLib\\Drivers\\USB\\Core\\USBController.c 0x00000000   Number         0  usbcontroller.o ABSOLUTE
    ..\\..\\..\\..\\..\\software\\LPCUSBLib\\Drivers\\USB\\Core\\USBTask.c 0x00000000   Number         0  usbtask.o ABSOLUTE
    ..\\..\\..\\..\\..\\software\\lpc_core\\lpc_board\\board_common\\uda1380.c 0x00000000   Number         0  uda1380.o ABSOLUTE
    ..\\..\\..\\..\\..\\software\\lpc_core\\lpc_board\\boards_18xx_43xx\\ngx_xplorer_18304330\\board_ngx_xplorer_18304330.c 0x00000000   Number         0  board_ngx_xplorer_18304330.o ABSOLUTE
    ..\\..\\..\\..\\..\\software\\lpc_core\\lpc_board\\boards_18xx_43xx\\ngx_xplorer_18304330\\sysinit_ngx_xplorer_18304330.c 0x00000000   Number         0  sysinit_ngx_xplorer_18304330.o ABSOLUTE
    ..\\..\\..\\..\\..\\software\\lpc_core\\lpc_chip\\chip_18xx_43xx\\adc_18xx_43xx.c 0x00000000   Number         0  adc_18xx_43xx.o ABSOLUTE
    ..\\..\\..\\..\\..\\software\\lpc_core\\lpc_chip\\chip_18xx_43xx\\aes_18xx_43xx.c 0x00000000   Number         0  aes_18xx_43xx.o ABSOLUTE
    ..\\..\\..\\..\\..\\software\\lpc_core\\lpc_chip\\chip_18xx_43xx\\atimer_18xx_43xx.c 0x00000000   Number         0  atimer_18xx_43xx.o ABSOLUTE
    ..\\..\\..\\..\\..\\software\\lpc_core\\lpc_chip\\chip_18xx_43xx\\clock_18xx_43xx.c 0x00000000   Number         0  clock_18xx_43xx.o ABSOLUTE
    ..\\..\\..\\..\\..\\software\\lpc_core\\lpc_chip\\chip_18xx_43xx\\emc_18xx_43xx.c 0x00000000   Number         0  emc_18xx_43xx.o ABSOLUTE
    ..\\..\\..\\..\\..\\software\\lpc_core\\lpc_chip\\chip_18xx_43xx\\enet_18xx_43xx.c 0x00000000   Number         0  enet_18xx_43xx.o ABSOLUTE
    ..\\..\\..\\..\\..\\software\\lpc_core\\lpc_chip\\chip_18xx_43xx\\evrt_18xx_43xx.c 0x00000000   Number         0  evrt_18xx_43xx.o ABSOLUTE
    ..\\..\\..\\..\\..\\software\\lpc_core\\lpc_chip\\chip_18xx_43xx\\gpdma_18xx_43xx.c 0x00000000   Number         0  gpdma_18xx_43xx.o ABSOLUTE
    ..\\..\\..\\..\\..\\software\\lpc_core\\lpc_chip\\chip_18xx_43xx\\gpio_18xx_43xx.c 0x00000000   Number         0  gpio_18xx_43xx.o ABSOLUTE
    ..\\..\\..\\..\\..\\software\\lpc_core\\lpc_chip\\chip_18xx_43xx\\i2c_18xx_43xx.c 0x00000000   Number         0  i2c_18xx_43xx.o ABSOLUTE
    ..\\..\\..\\..\\..\\software\\lpc_core\\lpc_chip\\chip_18xx_43xx\\i2s_18xx_43xx.c 0x00000000   Number         0  i2s_18xx_43xx.o ABSOLUTE
    ..\\..\\..\\..\\..\\software\\lpc_core\\lpc_chip\\chip_18xx_43xx\\lcd_18xx_43xx.c 0x00000000   Number         0  lcd_18xx_43xx.o ABSOLUTE
    ..\\..\\..\\..\\..\\software\\lpc_core\\lpc_chip\\chip_18xx_43xx\\rgu_18xx_43xx.c 0x00000000   Number         0  rgu_18xx_43xx.o ABSOLUTE
    ..\\..\\..\\..\\..\\software\\lpc_core\\lpc_chip\\chip_18xx_43xx\\ritimer_18xx_43xx.c 0x00000000   Number         0  ritimer_18xx_43xx.o ABSOLUTE
    ..\\..\\..\\..\\..\\software\\lpc_core\\lpc_chip\\chip_18xx_43xx\\rtc_18xx_43xx.c 0x00000000   Number         0  rtc_18xx_43xx.o ABSOLUTE
    ..\\..\\..\\..\\..\\software\\lpc_core\\lpc_chip\\chip_18xx_43xx\\sct_18xx_43xx.c 0x00000000   Number         0  sct_18xx_43xx.o ABSOLUTE
    ..\\..\\..\\..\\..\\software\\lpc_core\\lpc_chip\\chip_18xx_43xx\\scu_18xx_43xx.c 0x00000000   Number         0  scu_18xx_43xx.o ABSOLUTE
    ..\\..\\..\\..\\..\\software\\lpc_core\\lpc_chip\\chip_18xx_43xx\\sdif_18xx_43xx.c 0x00000000   Number         0  sdif_18xx_43xx.o ABSOLUTE
    ..\\..\\..\\..\\..\\software\\lpc_core\\lpc_chip\\chip_18xx_43xx\\sdmmc_18xx_43xx.c 0x00000000   Number         0  sdmmc_18xx_43xx.o ABSOLUTE
    ..\\..\\..\\..\\..\\software\\lpc_core\\lpc_chip\\chip_18xx_43xx\\ssp_18xx_43xx.c 0x00000000   Number         0  ssp_18xx_43xx.o ABSOLUTE
    ..\\..\\..\\..\\..\\software\\lpc_core\\lpc_chip\\chip_18xx_43xx\\timer_18xx_43xx.c 0x00000000   Number         0  timer_18xx_43xx.o ABSOLUTE
    ..\\..\\..\\..\\..\\software\\lpc_core\\lpc_chip\\chip_18xx_43xx\\uart_18xx_43xx.c 0x00000000   Number         0  uart_18xx_43xx.o ABSOLUTE
    ..\\..\\..\\..\\..\\software\\lpc_core\\lpc_chip\\chip_18xx_43xx\\wwdt_18xx_43xx.c 0x00000000   Number         0  wwdt_18xx_43xx.o ABSOLUTE
    ..\\..\\..\\..\\..\\software\\lpc_core\\lpc_ip\\adc_001.c 0x00000000   Number         0  adc_001.o ABSOLUTE
    ..\\..\\..\\..\\..\\software\\lpc_core\\lpc_ip\\atimer_001.c 0x00000000   Number         0  atimer_001.o ABSOLUTE
    ..\\..\\..\\..\\..\\software\\lpc_core\\lpc_ip\\eeprom_002.c 0x00000000   Number         0  eeprom_002.o ABSOLUTE
    ..\\..\\..\\..\\..\\software\\lpc_core\\lpc_ip\\emc_001.c 0x00000000   Number         0  emc_001.o ABSOLUTE
    ..\\..\\..\\..\\..\\software\\lpc_core\\lpc_ip\\enet_001.c 0x00000000   Number         0  enet_001.o ABSOLUTE
    ..\\..\\..\\..\\..\\software\\lpc_core\\lpc_ip\\gpdma_001.c 0x00000000   Number         0  gpdma_001.o ABSOLUTE
    ..\\..\\..\\..\\..\\software\\lpc_core\\lpc_ip\\gpio_003.c 0x00000000   Number         0  gpio_003.o ABSOLUTE
    ..\\..\\..\\..\\..\\software\\lpc_core\\lpc_ip\\gpiogrpint_001.c 0x00000000   Number         0  gpiogrpint_001.o ABSOLUTE
    ..\\..\\..\\..\\..\\software\\lpc_core\\lpc_ip\\gpioint_001.c 0x00000000   Number         0  gpioint_001.o ABSOLUTE
    ..\\..\\..\\..\\..\\software\\lpc_core\\lpc_ip\\gpiopinint_001.c 0x00000000   Number         0  gpiopinint_001.o ABSOLUTE
    ..\\..\\..\\..\\..\\software\\lpc_core\\lpc_ip\\i2c_001.c 0x00000000   Number         0  i2c_001.o ABSOLUTE
    ..\\..\\..\\..\\..\\software\\lpc_core\\lpc_ip\\i2s_001.c 0x00000000   Number         0  i2s_001.o ABSOLUTE
    ..\\..\\..\\..\\..\\software\\lpc_core\\lpc_ip\\lcd_001.c 0x00000000   Number         0  lcd_001.o ABSOLUTE
    ..\\..\\..\\..\\..\\software\\lpc_core\\lpc_ip\\ritimer_001.c 0x00000000   Number         0  ritimer_001.o ABSOLUTE
    ..\\..\\..\\..\\..\\software\\lpc_core\\lpc_ip\\rtc_001.c 0x00000000   Number         0  rtc_001.o ABSOLUTE
    ..\\..\\..\\..\\..\\software\\lpc_core\\lpc_ip\\sct_001.c 0x00000000   Number         0  sct_001.o ABSOLUTE
    ..\\..\\..\\..\\..\\software\\lpc_core\\lpc_ip\\sdc_001.c 0x00000000   Number         0  sdc_001.o ABSOLUTE
    ..\\..\\..\\..\\..\\software\\lpc_core\\lpc_ip\\sdmmc_001.c 0x00000000   Number         0  sdmmc_001.o ABSOLUTE
    ..\\..\\..\\..\\..\\software\\lpc_core\\lpc_ip\\spi_002.c 0x00000000   Number         0  spi_002.o ABSOLUTE
    ..\\..\\..\\..\\..\\software\\lpc_core\\lpc_ip\\ssp_001.c 0x00000000   Number         0  ssp_001.o ABSOLUTE
    ..\\..\\..\\..\\..\\software\\lpc_core\\lpc_ip\\timer_001.c 0x00000000   Number         0  timer_001.o ABSOLUTE
    ..\\..\\..\\..\\..\\software\\lpc_core\\lpc_ip\\usart_001.c 0x00000000   Number         0  usart_001.o ABSOLUTE
    ..\\..\\..\\..\\..\\software\\lpc_core\\lpc_ip\\wwdt_001.c 0x00000000   Number         0  wwdt_001.o ABSOLUTE
    ..\\..\\..\\..\\LPCUSBlib\\lpcusblib_AudioInputDevice\\AudioInput.c 0x00000000   Number         0  audioinput.o ABSOLUTE
    ..\\..\\..\\..\\LPCUSBlib\\lpcusblib_AudioInputDevice\\Descriptors.c 0x00000000   Number         0  descriptors.o ABSOLUTE
    ..\\..\\..\\..\\LPCUSBlib\\lpcusblib_AudioInputDevice\\Lib\\UsbRom.c 0x00000000   Number         0  usbrom.o ABSOLUTE
    ..\startup_code\keil_startup_lpc18xx43xx.s 0x00000000   Number         0  keil_startup_lpc18xx43xx.o ABSOLUTE
    dc.s                                     0x00000000   Number         0  dc.o ABSOLUTE
    handlers.s                               0x00000000   Number         0  handlers.o ABSOLUTE
    init.s                                   0x00000000   Number         0  init.o ABSOLUTE
    RESET                                    0x10000000   Section      276  keil_startup_lpc18xx43xx.o(RESET)
    .ARM.Collect$$$$00000000                 0x10000114   Section        0  entry.o(.ARM.Collect$$$$00000000)
    .ARM.Collect$$$$00000001                 0x10000114   Section        4  entry2.o(.ARM.Collect$$$$00000001)
    .ARM.Collect$$$$00000004                 0x10000118   Section        4  entry5.o(.ARM.Collect$$$$00000004)
    .ARM.Collect$$$$00000008                 0x1000011c   Section        0  entry7b.o(.ARM.Collect$$$$00000008)
    .ARM.Collect$$$$0000000A                 0x1000011c   Section        0  entry8b.o(.ARM.Collect$$$$0000000A)
    .ARM.Collect$$$$0000000B                 0x1000011c   Section        8  entry9a.o(.ARM.Collect$$$$0000000B)
    .ARM.Collect$$$$0000000D                 0x10000124   Section        0  entry10a.o(.ARM.Collect$$$$0000000D)
    .ARM.Collect$$$$0000000F                 0x10000124   Section        0  entry11a.o(.ARM.Collect$$$$0000000F)
    .ARM.Collect$$$$00002712                 0x10000124   Section        4  entry2.o(.ARM.Collect$$$$00002712)
    __lit__00000000                          0x10000124   Data           4  entry2.o(.ARM.Collect$$$$00002712)
    .text                                    0x10000128   Section       40  keil_startup_lpc18xx43xx.o(.text)
    $v0                                      0x10000128   Number         0  keil_startup_lpc18xx43xx.o(.text)
    .text                                    0x10000150   Section        0  memseta.o(.text)
    .text                                    0x10000174   Section       36  init.o(.text)
    .text                                    0x10000198   Section        0  __dczerorl2.o(.text)
    i.Audio_Device_ConfigureEndpoints        0x100001f4   Section        0  audioclassdevice.o(i.Audio_Device_ConfigureEndpoints)
    i.Audio_Device_Event_Stub                0x10000240   Section        0  audioclassdevice.o(i.Audio_Device_Event_Stub)
    i.Audio_Device_ProcessControlRequest     0x10000244   Section        0  audioclassdevice.o(i.Audio_Device_ProcessControlRequest)
    i.Board_Buttons_Init                     0x100004bc   Section        0  board_ngx_xplorer_18304330.o(i.Board_Buttons_Init)
    i.Board_Init                             0x100004dc   Section        0  board_ngx_xplorer_18304330.o(i.Board_Init)
    i.Board_LED_Set                          0x1000053c   Section        0  board_ngx_xplorer_18304330.o(i.Board_LED_Set)
    i.Buttons_GetStatus                      0x10000554   Section        0  board_ngx_xplorer_18304330.o(i.Buttons_GetStatus)
    i.CALLBACK_Audio_Device_GetSetEndpointProperty 0x10000570   Section        0  audioinput.o(i.CALLBACK_Audio_Device_GetSetEndpointProperty)
    i.CALLBACK_HAL_GetISOBufferAddress       0x100005d8   Section        0  audioinput.o(i.CALLBACK_HAL_GetISOBufferAddress)
    i.CALLBACK_USB_GetDescriptor             0x100005f8   Section        0  descriptors.o(i.CALLBACK_USB_GetDescriptor)
    i.Chip_CREG_EnableUSB0Phy                0x10000644   Section        0  hal_lpc18xx.o(i.Chip_CREG_EnableUSB0Phy)
    Chip_CREG_EnableUSB0Phy                  0x10000645   Thumb Code    22  hal_lpc18xx.o(i.Chip_CREG_EnableUSB0Phy)
    i.Chip_Clock_DisableMainPLL              0x10000660   Section        0  clock_18xx_43xx.o(i.Chip_Clock_DisableMainPLL)
    i.Chip_Clock_EnableBaseClock             0x10000670   Section        0  clock_18xx_43xx.o(i.Chip_Clock_EnableBaseClock)
    i.Chip_Clock_EnableCrystal               0x10000688   Section        0  clock_18xx_43xx.o(i.Chip_Clock_EnableCrystal)
    i.Chip_Clock_EnableOpts                  0x100006a4   Section        0  clock_18xx_43xx.o(i.Chip_Clock_EnableOpts)
    i.Chip_Clock_EnablePLL                   0x100006dc   Section        0  clock_18xx_43xx.o(i.Chip_Clock_EnablePLL)
    i.Chip_Clock_GetBaseClock                0x100006f0   Section        0  clock_18xx_43xx.o(i.Chip_Clock_GetBaseClock)
    i.Chip_Clock_GetBaseClocktHz             0x10000710   Section        0  clock_18xx_43xx.o(i.Chip_Clock_GetBaseClocktHz)
    i.Chip_Clock_GetClockInputHz             0x10000720   Section        0  clock_18xx_43xx.o(i.Chip_Clock_GetClockInputHz)
    i.Chip_Clock_GetDivRate                  0x1000077c   Section        0  clock_18xx_43xx.o(i.Chip_Clock_GetDivRate)
    Chip_Clock_GetDivRate                    0x1000077d   Thumb Code    34  clock_18xx_43xx.o(i.Chip_Clock_GetDivRate)
    i.Chip_Clock_GetDividerDivisor           0x100007a0   Section        0  clock_18xx_43xx.o(i.Chip_Clock_GetDividerDivisor)
    i.Chip_Clock_GetDividerSource            0x100007b4   Section        0  clock_18xx_43xx.o(i.Chip_Clock_GetDividerSource)
    i.Chip_Clock_GetMainPLLHz                0x100007d0   Section        0  clock_18xx_43xx.o(i.Chip_Clock_GetMainPLLHz)
    i.Chip_Clock_GetPLLStatus                0x1000082c   Section        0  clock_18xx_43xx.o(i.Chip_Clock_GetPLLStatus)
    i.Chip_Clock_GetRate                     0x1000083c   Section        0  clock_18xx_43xx.o(i.Chip_Clock_GetRate)
    i.Chip_Clock_SetBaseClock                0x100008b8   Section        0  clock_18xx_43xx.o(i.Chip_Clock_SetBaseClock)
    i.Chip_Clock_SetDivider                  0x100008f0   Section        0  clock_18xx_43xx.o(i.Chip_Clock_SetDivider)
    i.Chip_Clock_SetupMainPLLHz              0x10000924   Section        0  clock_18xx_43xx.o(i.Chip_Clock_SetupMainPLLHz)
    i.Chip_Clock_SetupMainPLLMult            0x100009a8   Section        0  clock_18xx_43xx.o(i.Chip_Clock_SetupMainPLLMult)
    i.Chip_Clock_SetupPLL                    0x10000a24   Section        0  clock_18xx_43xx.o(i.Chip_Clock_SetupPLL)
    i.Chip_Clock_TestMainPLLMultiplier       0x10000a48   Section        0  clock_18xx_43xx.o(i.Chip_Clock_TestMainPLLMultiplier)
    Chip_Clock_TestMainPLLMultiplier         0x10000a49   Thumb Code    20  clock_18xx_43xx.o(i.Chip_Clock_TestMainPLLMultiplier)
    i.Chip_GPIO_ReadPortBit                  0x10000a60   Section        0  board_ngx_xplorer_18304330.o(i.Chip_GPIO_ReadPortBit)
    Chip_GPIO_ReadPortBit                    0x10000a61   Thumb Code    14  board_ngx_xplorer_18304330.o(i.Chip_GPIO_ReadPortBit)
    i.Chip_GPIO_WriteDirBit                  0x10000a6e   Section        0  board_ngx_xplorer_18304330.o(i.Chip_GPIO_WriteDirBit)
    Chip_GPIO_WriteDirBit                    0x10000a6f   Thumb Code    26  board_ngx_xplorer_18304330.o(i.Chip_GPIO_WriteDirBit)
    i.Chip_SCU_PinMuxSet                     0x10000a88   Section        0  board_ngx_xplorer_18304330.o(i.Chip_SCU_PinMuxSet)
    Chip_SCU_PinMuxSet                       0x10000a89   Thumb Code    12  board_ngx_xplorer_18304330.o(i.Chip_SCU_PinMuxSet)
    i.DcdDataTransfer                        0x10000a98   Section        0  endpoint_lpc18xx.o(i.DcdDataTransfer)
    i.DcdInsertTD                            0x10000ba4   Section        0  endpoint_lpc18xx.o(i.DcdInsertTD)
    i.DcdIrqHandler                          0x10000bb4   Section        0  endpoint_lpc18xx.o(i.DcdIrqHandler)
    i.DcdPrepareTD                           0x10000cf0   Section        0  endpoint_lpc18xx.o(i.DcdPrepareTD)
    i.Dummy_EVENT_USB_Device_TransferComplete 0x10000d2e   Section        0  endpoint_lpc18xx.o(i.Dummy_EVENT_USB_Device_TransferComplete)
    i.EVENT_USB_Device_ConfigurationChanged  0x10000d30   Section        0  audioinput.o(i.EVENT_USB_Device_ConfigurationChanged)
    i.EVENT_USB_Device_ControlRequest        0x10000d3c   Section        0  audioinput.o(i.EVENT_USB_Device_ControlRequest)
    i.Endpoint_ClearStatusStage              0x10000d48   Section        0  endpoint.o(i.Endpoint_ClearStatusStage)
    i.Endpoint_ConfigureEndpoint             0x10000e08   Section        0  endpoint_lpc18xx.o(i.Endpoint_ConfigureEndpoint)
    i.Endpoint_GetSetupPackage               0x10000f20   Section        0  endpoint_lpc18xx.o(i.Endpoint_GetSetupPackage)
    i.Endpoint_Read_Control_Stream_LE        0x10000f40   Section        0  endpointstream.o(i.Endpoint_Read_Control_Stream_LE)
    i.Endpoint_Read_Stream_LE                0x10000ff4   Section        0  endpointstream.o(i.Endpoint_Read_Stream_LE)
    i.Endpoint_Streaming                     0x100010a0   Section        0  endpoint_lpc18xx.o(i.Endpoint_Streaming)
    i.Endpoint_Write_Control_Stream_LE       0x100011b4   Section        0  endpointstream.o(i.Endpoint_Write_Control_Stream_LE)
    i.Endpoint_Write_Stream_LE               0x10001228   Section        0  endpointstream.o(i.Endpoint_Write_Stream_LE)
    i.GPIO0_IRQHandler                       0x100012e0   Section        0  board_ngx_xplorer_18304330.o(i.GPIO0_IRQHandler)
    i.HAL_EnableUSBInterrupt                 0x10001314   Section        0  hal_lpc18xx.o(i.HAL_EnableUSBInterrupt)
    i.HAL_Reset                              0x10001330   Section        0  endpoint_lpc18xx.o(i.HAL_Reset)
    i.HAL_USBConnect                         0x10001458   Section        0  hal_lpc18xx.o(i.HAL_USBConnect)
    i.HAL_USBInit                            0x1000147c   Section        0  hal_lpc18xx.o(i.HAL_USBInit)
    i.SystemCoreClockUpdate                  0x10001538   Section        0  board_ngx_xplorer_18304330.o(i.SystemCoreClockUpdate)
    i.SystemInit                             0x1000154c   Section        0  sysinit_ngx_xplorer_18304330.o(i.SystemInit)
    i.SystemSetupClocking                    0x10001590   Section        0  sysinit_ngx_xplorer_18304330.o(i.SystemSetupClocking)
    SystemSetupClocking                      0x10001591   Thumb Code   218  sysinit_ngx_xplorer_18304330.o(i.SystemSetupClocking)
    i.TransferCompleteISR                    0x10001684   Section        0  endpoint_lpc18xx.o(i.TransferCompleteISR)
    i.USB0_IRQHandler                        0x1000183c   Section        0  hal_lpc18xx.o(i.USB0_IRQHandler)
    i.USB1_IRQHandler                        0x10001854   Section        0  hal_lpc18xx.o(i.USB1_IRQHandler)
    i.USB_Device_ClearSetFeature             0x10001868   Section        0  devicestandardreq.o(i.USB_Device_ClearSetFeature)
    USB_Device_ClearSetFeature               0x10001869   Thumb Code   258  devicestandardreq.o(i.USB_Device_ClearSetFeature)
    i.USB_Device_GetConfiguration            0x10001988   Section        0  devicestandardreq.o(i.USB_Device_GetConfiguration)
    USB_Device_GetConfiguration              0x10001989   Thumb Code   170  devicestandardreq.o(i.USB_Device_GetConfiguration)
    i.USB_Device_GetDescriptor               0x10001a58   Section        0  devicestandardreq.o(i.USB_Device_GetDescriptor)
    USB_Device_GetDescriptor                 0x10001a59   Thumb Code   144  devicestandardreq.o(i.USB_Device_GetDescriptor)
    i.USB_Device_GetStatus                   0x10001b08   Section        0  devicestandardreq.o(i.USB_Device_GetStatus)
    USB_Device_GetStatus                     0x10001b09   Thumb Code   308  devicestandardreq.o(i.USB_Device_GetStatus)
    i.USB_Device_ProcessControlRequest       0x10001c64   Section        0  devicestandardreq.o(i.USB_Device_ProcessControlRequest)
    i.USB_Device_SetAddress                  0x10001d5c   Section        0  devicestandardreq.o(i.USB_Device_SetAddress)
    USB_Device_SetAddress                    0x10001d5d   Thumb Code   144  devicestandardreq.o(i.USB_Device_SetAddress)
    i.USB_Device_SetConfiguration            0x10001e0c   Section        0  devicestandardreq.o(i.USB_Device_SetConfiguration)
    USB_Device_SetConfiguration              0x10001e0d   Thumb Code    70  devicestandardreq.o(i.USB_Device_SetConfiguration)
    i.USB_Event_Stub                         0x10001e68   Section        0  events.o(i.USB_Event_Stub)
    i.USB_Init                               0x10001e6c   Section        0  usbcontroller.o(i.USB_Init)
    i.USB_ResetInterface                     0x10001e94   Section        0  usbcontroller.o(i.USB_ResetInterface)
    i.USB_USBTask                            0x10001ee4   Section        0  usbtask.o(i.USB_USBTask)
    i.__scatterload_copy                     0x10001f1c   Section       14  handlers.o(i.__scatterload_copy)
    i.__scatterload_null                     0x10001f2a   Section        2  handlers.o(i.__scatterload_null)
    i.__scatterload_zeroinit                 0x10001f2c   Section       14  handlers.o(i.__scatterload_zeroinit)
    i.fpuInit                                0x10001f3c   Section        0  fpu_init.o(i.fpuInit)
    i.free                                   0x10001f78   Section        0  malloc.o(i.free)
    i.main                                   0x10001fc8   Section        0  audioinput.o(i.main)
    i.malloc                                 0x10002024   Section        0  malloc.o(i.malloc)
    .constdata                               0x10002090   Section       24  clock_18xx_43xx.o(.constdata)
    periph_to_base                           0x10002090   Data          24  clock_18xx_43xx.o(.constdata)
    .constdata                               0x100020a8   Section      196  sysinit_ngx_xplorer_18304330.o(.constdata)
    InitClkStates                            0x100020a8   Data          88  sysinit_ngx_xplorer_18304330.o(.constdata)
    spifipinmuxing                           0x10002100   Data          24  sysinit_ngx_xplorer_18304330.o(.constdata)
    usbPLLSetup                              0x10002118   Data          16  sysinit_ngx_xplorer_18304330.o(.constdata)
    pinmuxing                                0x10002128   Data          68  sysinit_ngx_xplorer_18304330.o(.constdata)
    .constdata                               0x1000216c   Section        8  hal_lpc18xx.o(.constdata)
    .constdata                               0x10002174   Section       24  endpoint_lpc18xx.o(.constdata)
    .data                                    0x10080000   Section       22  audioinput.o(.data)
    .data                                    0x10080018   Section      143  descriptors.o(.data)
    .data                                    0x100800a7   Section        4  descriptors.o(.data)
    .data                                    0x100800ab   Section        8  descriptors.o(.data)
    .data                                    0x100800b3   Section       54  descriptors.o(.data)
    .data                                    0x100800ec   Section       24  board_ngx_xplorer_18304330.o(.data)
    On                                       0x100800ec   Data           1  board_ngx_xplorer_18304330.o(.data)
    sts                                      0x100800ee   Data           2  board_ngx_xplorer_18304330.o(.data)
    physts                                   0x100800f0   Data           4  board_ngx_xplorer_18304330.o(.data)
    olddphysts                               0x100800f4   Data           4  board_ngx_xplorer_18304330.o(.data)
    phyustate                                0x100800f8   Data           4  board_ngx_xplorer_18304330.o(.data)
    pDelayMs                                 0x100800fc   Data           4  board_ngx_xplorer_18304330.o(.data)
    .data                                    0x10080104   Section        3  devicestandardreq.o(.data)
    .data                                    0x10080108   Section        8  endpoint.o(.data)
    .data                                    0x10080110   Section       36  endpoint.o(.data)
    .data                                    0x10080134   Section        8  endpoint.o(.data)
    .data                                    0x1008013c   Section        2  usbcontroller.o(.data)
    .data                                    0x1008013e   Section        1  usbtask.o(.data)
    .data                                    0x10080140   Section        8  usbtask.o(.data)
    .data                                    0x10080148   Section        2  usbtask.o(.data)
    .data                                    0x1008014a   Section        2  hal_lpc18xx.o(.data)
    coreEnabled                              0x1008014a   Data           2  hal_lpc18xx.o(.data)
    .data                                    0x1008014c   Section        4  mvars.o(.data)
    .data                                    0x10080150   Section        4  mvars.o(.data)
    .bss                                     0x10080154   Section     1024  audioinput.o(.bss)
    .bss                                     0x10080580   Section     2048  endpoint.o(.bss)
    .bss                                     0x10080d80   Section     1024  endpoint.o(.bss)
    .bss                                     0x10081800   Section      768  endpoint_lpc18xx.o(.bss)
    .bss                                     0x10082000   Section      512  endpoint_lpc18xx.o(.bss)
    .bss                                     0x10082200   Section      384  endpoint_lpc18xx.o(.bss)
    .bss                                     0x10082380   Section      256  endpoint_lpc18xx.o(.bss)
    .bss                                     0x10082480   Section      512  endpoint_lpc18xx.o(.bss)
    .bss                                     0x10082680   Section      512  endpoint_lpc18xx.o(.bss)
    .bss                                     0x10082880   Section      560  endpoint_lpc18xx.o(.bss)
    Stream_Variable                          0x10082a80   Data          48  endpoint_lpc18xx.o(.bss)
    HEAP                                     0x10082ab0   Section     4096  keil_startup_lpc18xx43xx.o(HEAP)
    STACK                                    0x10083ab0   Section      512  keil_startup_lpc18xx43xx.o(STACK)

    Global Symbols

    Symbol Name                              Value     Ov Type        Size  Object(Section)

    BuildAttributes$$THM_ISAv4$E$P$D$K$B$S$7EM$VFPi3$EXTD16$VFPS$VFMA$PE$A:L22UL41UL21$X:L11$S22US41US21$IEEE1$IW$USESV6$~STKCKD$USESV7$~SHL$OSPACE$EBA8$MICROLIB$REQ8$PRES8$EABIv2 0x00000000   Number         0  anon$$obj.o ABSOLUTE
    __ARM_use_no_argv                        0x00000000   Number         0  audioinput.o ABSOLUTE
    __cpp_initialize__aeabi_                  - Undefined Weak Reference
    __cxa_finalize                            - Undefined Weak Reference
    _clock_init                               - Undefined Weak Reference
    _microlib_exit                            - Undefined Weak Reference
    __Vectors                                0x10000000   Data           4  keil_startup_lpc18xx43xx.o(RESET)
    __main                                   0x10000115   Thumb Code     0  entry.o(.ARM.Collect$$$$00000000)
    _main_stk                                0x10000115   Thumb Code     0  entry2.o(.ARM.Collect$$$$00000001)
    _main_scatterload                        0x10000119   Thumb Code     0  entry5.o(.ARM.Collect$$$$00000004)
    __main_after_scatterload                 0x1000011d   Thumb Code     0  entry5.o(.ARM.Collect$$$$00000004)
    _main_clock                              0x1000011d   Thumb Code     0  entry7b.o(.ARM.Collect$$$$00000008)
    _main_cpp_init                           0x1000011d   Thumb Code     0  entry8b.o(.ARM.Collect$$$$0000000A)
    _main_init                               0x1000011d   Thumb Code     0  entry9a.o(.ARM.Collect$$$$0000000B)
    __rt_final_cpp                           0x10000125   Thumb Code     0  entry10a.o(.ARM.Collect$$$$0000000D)
    __rt_final_exit                          0x10000125   Thumb Code     0  entry11a.o(.ARM.Collect$$$$0000000F)
    Reset_Handler                            0x10000129   Thumb Code     8  keil_startup_lpc18xx43xx.o(.text)
    NMI_Handler                              0x10000131   Thumb Code     2  keil_startup_lpc18xx43xx.o(.text)
    HardFault_Handler                        0x10000133   Thumb Code     2  keil_startup_lpc18xx43xx.o(.text)
    MemManage_Handler                        0x10000135   Thumb Code     2  keil_startup_lpc18xx43xx.o(.text)
    BusFault_Handler                         0x10000137   Thumb Code     2  keil_startup_lpc18xx43xx.o(.text)
    UsageFault_Handler                       0x10000139   Thumb Code     2  keil_startup_lpc18xx43xx.o(.text)
    SVC_Handler                              0x1000013b   Thumb Code     2  keil_startup_lpc18xx43xx.o(.text)
    DebugMon_Handler                         0x1000013d   Thumb Code     2  keil_startup_lpc18xx43xx.o(.text)
    PendSV_Handler                           0x1000013f   Thumb Code     2  keil_startup_lpc18xx43xx.o(.text)
    SysTick_Handler                          0x10000141   Thumb Code     2  keil_startup_lpc18xx43xx.o(.text)
    UnHandled_Vector                         0x10000143   Thumb Code     2  keil_startup_lpc18xx43xx.o(.text)
    ADC0_IRQHandler                          0x10000145   Thumb Code     0  keil_startup_lpc18xx43xx.o(.text)
    ADC1_IRQHandler                          0x10000145   Thumb Code     0  keil_startup_lpc18xx43xx.o(.text)
    ATIMER_IRQHandler                        0x10000145   Thumb Code     0  keil_startup_lpc18xx43xx.o(.text)
    CAN0_IRQHandler                          0x10000145   Thumb Code     0  keil_startup_lpc18xx43xx.o(.text)
    CAN1_IRQHandler                          0x10000145   Thumb Code     0  keil_startup_lpc18xx43xx.o(.text)
    DAC_IRQHandler                           0x10000145   Thumb Code     0  keil_startup_lpc18xx43xx.o(.text)
    DMA_IRQHandler                           0x10000145   Thumb Code     0  keil_startup_lpc18xx43xx.o(.text)
    ETH_IRQHandler                           0x10000145   Thumb Code     0  keil_startup_lpc18xx43xx.o(.text)
    EVRT_IRQHandler                          0x10000145   Thumb Code     0  keil_startup_lpc18xx43xx.o(.text)
    FLASHEEPROM_IRQHandler                   0x10000145   Thumb Code     0  keil_startup_lpc18xx43xx.o(.text)
    GINT0_IRQHandler                         0x10000145   Thumb Code     0  keil_startup_lpc18xx43xx.o(.text)
    GINT1_IRQHandler                         0x10000145   Thumb Code     0  keil_startup_lpc18xx43xx.o(.text)
    GPIO1_IRQHandler                         0x10000145   Thumb Code     0  keil_startup_lpc18xx43xx.o(.text)
    GPIO2_IRQHandler                         0x10000145   Thumb Code     0  keil_startup_lpc18xx43xx.o(.text)
    GPIO3_IRQHandler                         0x10000145   Thumb Code     0  keil_startup_lpc18xx43xx.o(.text)
    GPIO4_IRQHandler                         0x10000145   Thumb Code     0  keil_startup_lpc18xx43xx.o(.text)
    GPIO5_IRQHandler                         0x10000145   Thumb Code     0  keil_startup_lpc18xx43xx.o(.text)
    GPIO6_IRQHandler                         0x10000145   Thumb Code     0  keil_startup_lpc18xx43xx.o(.text)
    GPIO7_IRQHandler                         0x10000145   Thumb Code     0  keil_startup_lpc18xx43xx.o(.text)
    I2C0_IRQHandler                          0x10000145   Thumb Code     0  keil_startup_lpc18xx43xx.o(.text)
    I2C1_IRQHandler                          0x10000145   Thumb Code     0  keil_startup_lpc18xx43xx.o(.text)
    I2S0_IRQHandler                          0x10000145   Thumb Code     0  keil_startup_lpc18xx43xx.o(.text)
    I2S1_IRQHandler                          0x10000145   Thumb Code     0  keil_startup_lpc18xx43xx.o(.text)
    LCD_IRQHandler                           0x10000145   Thumb Code     0  keil_startup_lpc18xx43xx.o(.text)
    MCPWM_IRQHandler                         0x10000145   Thumb Code     0  keil_startup_lpc18xx43xx.o(.text)
    MX_CORE_IRQHandler                       0x10000145   Thumb Code     0  keil_startup_lpc18xx43xx.o(.text)
    QEI_IRQHandler                           0x10000145   Thumb Code     0  keil_startup_lpc18xx43xx.o(.text)
    RIT_IRQHandler                           0x10000145   Thumb Code     0  keil_startup_lpc18xx43xx.o(.text)
    RTC_IRQHandler                           0x10000145   Thumb Code     0  keil_startup_lpc18xx43xx.o(.text)
    SCT_IRQHandler                           0x10000145   Thumb Code     0  keil_startup_lpc18xx43xx.o(.text)
    SDIO_IRQHandler                          0x10000145   Thumb Code     0  keil_startup_lpc18xx43xx.o(.text)
    SGPIO_IRQHandler                         0x10000145   Thumb Code     0  keil_startup_lpc18xx43xx.o(.text)
    SPIFI_IRQHandler                         0x10000145   Thumb Code     0  keil_startup_lpc18xx43xx.o(.text)
    SPI_IRQHandler                           0x10000145   Thumb Code     0  keil_startup_lpc18xx43xx.o(.text)
    SSP0_IRQHandler                          0x10000145   Thumb Code     0  keil_startup_lpc18xx43xx.o(.text)
    SSP1_IRQHandler                          0x10000145   Thumb Code     0  keil_startup_lpc18xx43xx.o(.text)
    TIMER0_IRQHandler                        0x10000145   Thumb Code     0  keil_startup_lpc18xx43xx.o(.text)
    TIMER1_IRQHandler                        0x10000145   Thumb Code     0  keil_startup_lpc18xx43xx.o(.text)
    TIMER2_IRQHandler                        0x10000145   Thumb Code     0  keil_startup_lpc18xx43xx.o(.text)
    TIMER3_IRQHandler                        0x10000145   Thumb Code     0  keil_startup_lpc18xx43xx.o(.text)
    UART0_IRQHandler                         0x10000145   Thumb Code     0  keil_startup_lpc18xx43xx.o(.text)
    UART1_IRQHandler                         0x10000145   Thumb Code     0  keil_startup_lpc18xx43xx.o(.text)
    UART2_IRQHandler                         0x10000145   Thumb Code     0  keil_startup_lpc18xx43xx.o(.text)
    UART3_IRQHandler                         0x10000145   Thumb Code     0  keil_startup_lpc18xx43xx.o(.text)
    VADC_IRQHandler                          0x10000145   Thumb Code     0  keil_startup_lpc18xx43xx.o(.text)
    WDT_IRQHandler                           0x10000145   Thumb Code     0  keil_startup_lpc18xx43xx.o(.text)
    __aeabi_memset                           0x10000151   Thumb Code    14  memseta.o(.text)
    __aeabi_memset4                          0x10000151   Thumb Code     0  memseta.o(.text)
    __aeabi_memset8                          0x10000151   Thumb Code     0  memseta.o(.text)
    __aeabi_memclr                           0x1000015f   Thumb Code     4  memseta.o(.text)
    __aeabi_memclr4                          0x1000015f   Thumb Code     0  memseta.o(.text)
    __aeabi_memclr8                          0x1000015f   Thumb Code     0  memseta.o(.text)
    _memset$wrapper                          0x10000163   Thumb Code    18  memseta.o(.text)
    __scatterload                            0x10000175   Thumb Code    28  init.o(.text)
    __scatterload_rt2                        0x10000175   Thumb Code     0  init.o(.text)
    __decompress                             0x10000199   Thumb Code     0  __dczerorl2.o(.text)
    __decompress1                            0x10000199   Thumb Code    92  __dczerorl2.o(.text)
    Audio_Device_ConfigureEndpoints          0x100001f5   Thumb Code    76  audioclassdevice.o(i.Audio_Device_ConfigureEndpoints)
    Audio_Device_Event_Stub                  0x10000241   Thumb Code     2  audioclassdevice.o(i.Audio_Device_Event_Stub)
    EVENT_Audio_Device_StreamStartStop       0x10000241   Thumb Code     0  audioclassdevice.o(i.Audio_Device_Event_Stub)
    Audio_Device_ProcessControlRequest       0x10000245   Thumb Code   586  audioclassdevice.o(i.Audio_Device_ProcessControlRequest)
    Board_Buttons_Init                       0x100004bd   Thumb Code    28  board_ngx_xplorer_18304330.o(i.Board_Buttons_Init)
    Board_Init                               0x100004dd   Thumb Code    92  board_ngx_xplorer_18304330.o(i.Board_Init)
    Board_LED_Set                            0x1000053d   Thumb Code    20  board_ngx_xplorer_18304330.o(i.Board_LED_Set)
    Buttons_GetStatus                        0x10000555   Thumb Code    22  board_ngx_xplorer_18304330.o(i.Buttons_GetStatus)
    CALLBACK_Audio_Device_GetSetEndpointProperty 0x10000571   Thumb Code    98  audioinput.o(i.CALLBACK_Audio_Device_GetSetEndpointProperty)
    CALLBACK_HAL_GetISOBufferAddress         0x100005d9   Thumb Code    22  audioinput.o(i.CALLBACK_HAL_GetISOBufferAddress)
    CALLBACK_USB_GetDescriptor               0x100005f9   Thumb Code    70  descriptors.o(i.CALLBACK_USB_GetDescriptor)
    Chip_Clock_DisableMainPLL                0x10000661   Thumb Code    12  clock_18xx_43xx.o(i.Chip_Clock_DisableMainPLL)
    Chip_Clock_EnableBaseClock               0x10000671   Thumb Code    20  clock_18xx_43xx.o(i.Chip_Clock_EnableBaseClock)
    Chip_Clock_EnableCrystal                 0x10000689   Thumb Code    24  clock_18xx_43xx.o(i.Chip_Clock_EnableCrystal)
    Chip_Clock_EnableOpts                    0x100006a5   Thumb Code    48  clock_18xx_43xx.o(i.Chip_Clock_EnableOpts)
    Chip_Clock_EnablePLL                     0x100006dd   Thumb Code    16  clock_18xx_43xx.o(i.Chip_Clock_EnablePLL)
    Chip_Clock_GetBaseClock                  0x100006f1   Thumb Code    26  clock_18xx_43xx.o(i.Chip_Clock_GetBaseClock)
    Chip_Clock_GetBaseClocktHz               0x10000711   Thumb Code    14  clock_18xx_43xx.o(i.Chip_Clock_GetBaseClocktHz)
    Chip_Clock_GetClockInputHz               0x10000721   Thumb Code    78  clock_18xx_43xx.o(i.Chip_Clock_GetClockInputHz)
    Chip_Clock_GetDividerDivisor             0x100007a1   Thumb Code    14  clock_18xx_43xx.o(i.Chip_Clock_GetDividerDivisor)
    Chip_Clock_GetDividerSource              0x100007b5   Thumb Code    22  clock_18xx_43xx.o(i.Chip_Clock_GetDividerSource)
    Chip_Clock_GetMainPLLHz                  0x100007d1   Thumb Code    84  clock_18xx_43xx.o(i.Chip_Clock_GetMainPLLHz)
    Chip_Clock_GetPLLStatus                  0x1000082d   Thumb Code    10  clock_18xx_43xx.o(i.Chip_Clock_GetPLLStatus)
    Chip_Clock_GetRate                       0x1000083d   Thumb Code   112  clock_18xx_43xx.o(i.Chip_Clock_GetRate)
    Chip_Clock_SetBaseClock                  0x100008b9   Thumb Code    48  clock_18xx_43xx.o(i.Chip_Clock_SetBaseClock)
    Chip_Clock_SetDivider                    0x100008f1   Thumb Code    42  clock_18xx_43xx.o(i.Chip_Clock_SetDivider)
    Chip_Clock_SetupMainPLLHz                0x10000925   Thumb Code   130  clock_18xx_43xx.o(i.Chip_Clock_SetupMainPLLHz)
    Chip_Clock_SetupMainPLLMult              0x100009a9   Thumb Code   108  clock_18xx_43xx.o(i.Chip_Clock_SetupMainPLLMult)
    Chip_Clock_SetupPLL                      0x10000a25   Thumb Code    30  clock_18xx_43xx.o(i.Chip_Clock_SetupPLL)
    DcdDataTransfer                          0x10000a99   Thumb Code   258  endpoint_lpc18xx.o(i.DcdDataTransfer)
    DcdInsertTD                              0x10000ba5   Thumb Code    14  endpoint_lpc18xx.o(i.DcdInsertTD)
    DcdIrqHandler                            0x10000bb5   Thumb Code   284  endpoint_lpc18xx.o(i.DcdIrqHandler)
    DcdPrepareTD                             0x10000cf1   Thumb Code    62  endpoint_lpc18xx.o(i.DcdPrepareTD)
    Dummy_EVENT_USB_Device_TransferComplete  0x10000d2f   Thumb Code     2  endpoint_lpc18xx.o(i.Dummy_EVENT_USB_Device_TransferComplete)
    EVENT_USB_Device_TransferComplete        0x10000d2f   Thumb Code     0  endpoint_lpc18xx.o(i.Dummy_EVENT_USB_Device_TransferComplete)
    EVENT_USB_Device_ConfigurationChanged    0x10000d31   Thumb Code     6  audioinput.o(i.EVENT_USB_Device_ConfigurationChanged)
    EVENT_USB_Device_ControlRequest          0x10000d3d   Thumb Code     6  audioinput.o(i.EVENT_USB_Device_ControlRequest)
    Endpoint_ClearStatusStage                0x10000d49   Thumb Code   168  endpoint.o(i.Endpoint_ClearStatusStage)
    Endpoint_ConfigureEndpoint               0x10000e09   Thumb Code   264  endpoint_lpc18xx.o(i.Endpoint_ConfigureEndpoint)
    Endpoint_GetSetupPackage                 0x10000f21   Thumb Code    26  endpoint_lpc18xx.o(i.Endpoint_GetSetupPackage)
    Endpoint_Read_Control_Stream_LE          0x10000f41   Thumb Code   152  endpointstream.o(i.Endpoint_Read_Control_Stream_LE)
    Endpoint_Read_Stream_LE                  0x10000ff5   Thumb Code   144  endpointstream.o(i.Endpoint_Read_Stream_LE)
    Endpoint_Streaming                       0x100010a1   Thumb Code   250  endpoint_lpc18xx.o(i.Endpoint_Streaming)
    Endpoint_Write_Control_Stream_LE         0x100011b5   Thumb Code    84  endpointstream.o(i.Endpoint_Write_Control_Stream_LE)
    Endpoint_Write_Stream_LE                 0x10001229   Thumb Code   150  endpointstream.o(i.Endpoint_Write_Stream_LE)
    GPIO0_IRQHandler                         0x100012e1   Thumb Code    44  board_ngx_xplorer_18304330.o(i.GPIO0_IRQHandler)
    HAL_EnableUSBInterrupt                   0x10001315   Thumb Code    28  hal_lpc18xx.o(i.HAL_EnableUSBInterrupt)
    HAL_Reset                                0x10001331   Thumb Code   248  endpoint_lpc18xx.o(i.HAL_Reset)
    HAL_USBConnect                           0x10001459   Thumb Code    30  hal_lpc18xx.o(i.HAL_USBConnect)
    HAL_USBInit                              0x1000147d   Thumb Code   162  hal_lpc18xx.o(i.HAL_USBInit)
    SystemCoreClockUpdate                    0x10001539   Thumb Code    14  board_ngx_xplorer_18304330.o(i.SystemCoreClockUpdate)
    SystemInit                               0x1000154d   Thumb Code    52  sysinit_ngx_xplorer_18304330.o(i.SystemInit)
    TransferCompleteISR                      0x10001685   Thumb Code   418  endpoint_lpc18xx.o(i.TransferCompleteISR)
    USB0_IRQHandler                          0x1000183d   Thumb Code    18  hal_lpc18xx.o(i.USB0_IRQHandler)
    USB1_IRQHandler                          0x10001855   Thumb Code    16  hal_lpc18xx.o(i.USB1_IRQHandler)
    USB_Device_ProcessControlRequest         0x10001c65   Thumb Code   222  devicestandardreq.o(i.USB_Device_ProcessControlRequest)
    EVENT_USB_Device_Reset                   0x10001e69   Thumb Code     0  events.o(i.USB_Event_Stub)
    EVENT_USB_Device_StartOfFrame            0x10001e69   Thumb Code     0  events.o(i.USB_Event_Stub)
    EVENT_USB_Device_Suspend                 0x10001e69   Thumb Code     0  events.o(i.USB_Event_Stub)
    EVENT_USB_Device_WakeUp                  0x10001e69   Thumb Code     0  events.o(i.USB_Event_Stub)
    USB_Event_Stub                           0x10001e69   Thumb Code     2  events.o(i.USB_Event_Stub)
    USB_Init                                 0x10001e6d   Thumb Code    32  usbcontroller.o(i.USB_Init)
    USB_ResetInterface                       0x10001e95   Thumb Code    62  usbcontroller.o(i.USB_ResetInterface)
    USB_USBTask                              0x10001ee5   Thumb Code    42  usbtask.o(i.USB_USBTask)
    __scatterload_copy                       0x10001f1d   Thumb Code    14  handlers.o(i.__scatterload_copy)
    __scatterload_null                       0x10001f2b   Thumb Code     2  handlers.o(i.__scatterload_null)
    __scatterload_zeroinit                   0x10001f2d   Thumb Code    14  handlers.o(i.__scatterload_zeroinit)
    fpuInit                                  0x10001f3d   Thumb Code    46  fpu_init.o(i.fpuInit)
    free                                     0x10001f79   Thumb Code    76  malloc.o(i.free)
    main                                     0x10001fc9   Thumb Code    82  audioinput.o(i.main)
    malloc                                   0x10002025   Thumb Code    92  malloc.o(i.malloc)
    USB_REG_BASE_ADDR                        0x1000216c   Data           8  hal_lpc18xx.o(.constdata)
    dQueueHead                               0x10002174   Data           8  endpoint_lpc18xx.o(.constdata)
    dTransferDescriptor                      0x1000217c   Data           8  endpoint_lpc18xx.o(.constdata)
    dStreamTD_Tbl                            0x10002184   Data           8  endpoint_lpc18xx.o(.constdata)
    Region$$Table$$Base                      0x1000218c   Number         0  anon$$obj.o(Region$$Table)
    Region$$Table$$Limit                     0x100021ac   Number         0  anon$$obj.o(Region$$Table)
    CurrentAudioSampleFrequency              0x10080000   Data           4  audioinput.o(.data)
    sample_buffer_size                       0x10080004   Data           4  audioinput.o(.data)
    Microphone_Audio_Interface               0x10080008   Data          14  audioinput.o(.data)
    LanguageStringPtr                        0x10080018   Data           4  descriptors.o(.data)
    ManufacturerStringPtr                    0x1008001c   Data           4  descriptors.o(.data)
    ProductStringPtr                         0x10080020   Data           4  descriptors.o(.data)
    DeviceDescriptor                         0x10080024   Data          18  descriptors.o(.data)
    ConfigurationDescriptor                  0x10080036   Data         113  descriptors.o(.data)
    LanguageString                           0x100800a7   Data           4  descriptors.o(.data)
    ManufacturerString                       0x100800ab   Data           8  descriptors.o(.data)
    ProductString                            0x100800b3   Data          54  descriptors.o(.data)
    SystemCoreClock                          0x10080100   Data           4  board_ngx_xplorer_18304330.o(.data)
    USB_Device_ConfigurationNumber           0x10080104   Data           1  devicestandardreq.o(.data)
    USB_Device_CurrentlySelfPowered          0x10080105   Data           1  devicestandardreq.o(.data)
    USB_Device_RemoteWakeupEnabled           0x10080106   Data           1  devicestandardreq.o(.data)
    usb_data_buffer_size                     0x10080108   Data           8  endpoint.o(.data)
    endpointselected                         0x10080110   Data           2  endpoint.o(.data)
    endpointhandle1                          0x10080112   Data           4  endpoint.o(.data)
    endpointhandle0                          0x10080116   Data           6  endpoint.o(.data)
    usb_data_buffer_index                    0x1008011c   Data           8  endpoint.o(.data)
    usb_data_buffer_OUT_index                0x10080124   Data           8  endpoint.o(.data)
    usb_data_buffer_IN_index                 0x1008012c   Data           8  endpoint.o(.data)
    usb_data_buffer_OUT_size                 0x10080134   Data           8  endpoint.o(.data)
    USB_CurrentMode                          0x1008013c   Data           2  usbcontroller.o(.data)
    USB_IsInitialized                        0x1008013e   Data           1  usbtask.o(.data)
    USB_ControlRequest                       0x10080140   Data           8  usbtask.o(.data)
    USB_DeviceState                          0x10080148   Data           2  usbtask.o(.data)
    __microlib_freelist                      0x1008014c   Data           4  mvars.o(.data)
    __microlib_freelist_initialised          0x10080150   Data           4  mvars.o(.data)
    sample_buffer                            0x10080154   Data        1024  audioinput.o(.bss)
    usb_data_buffer                          0x10080580   Data        1024  endpoint.o(.bss)
    usb_data_buffer_IN                       0x10080980   Data        1024  endpoint.o(.bss)
    usb_data_buffer_OUT                      0x10080d80   Data        1024  endpoint.o(.bss)
    dQueueHead0                              0x10081800   Data         768  endpoint_lpc18xx.o(.bss)
    dQueueHead1                              0x10082000   Data         512  endpoint_lpc18xx.o(.bss)
    dTransferDescriptor0                     0x10082200   Data         384  endpoint_lpc18xx.o(.bss)
    dTransferDescriptor1                     0x10082380   Data         256  endpoint_lpc18xx.o(.bss)
    dStreamTD0                               0x10082480   Data         512  endpoint_lpc18xx.o(.bss)
    dStreamTD1                               0x10082680   Data         512  endpoint_lpc18xx.o(.bss)
    iso_buffer                               0x10082880   Data         512  endpoint_lpc18xx.o(.bss)
    __heap_base                              0x10082ab0   Data           0  keil_startup_lpc18xx43xx.o(HEAP)
    __heap_limit                             0x10083ab0   Data           0  keil_startup_lpc18xx43xx.o(HEAP)
    __initial_sp                             0x10083cb0   Data           0  keil_startup_lpc18xx43xx.o(STACK)



==============================================================================

Memory Map of the image

  Image Entry point : 0x10000115

  Load Region LR_IROM1 (Base: 0x10000000, Size: 0x00002300, Max: 0x00018000, ABSOLUTE, COMPRESSED[0x00002260])

    Execution Region ER_IROM1 (Base: 0x10000000, Size: 0x000021ac, Max: 0x00018000, ABSOLUTE)

    Base Addr    Size         Type   Attr      Idx    E Section Name        Object

    0x10000000   0x00000114   Data   RO          623    RESET               keil_startup_lpc18xx43xx.o
    0x10000114   0x00000000   Code   RO         4950  * .ARM.Collect$$$$00000000  mc_w.l(entry.o)
    0x10000114   0x00000004   Code   RO         4985    .ARM.Collect$$$$00000001  mc_w.l(entry2.o)
    0x10000118   0x00000004   Code   RO         4988    .ARM.Collect$$$$00000004  mc_w.l(entry5.o)
    0x1000011c   0x00000000   Code   RO         4990    .ARM.Collect$$$$00000008  mc_w.l(entry7b.o)
    0x1000011c   0x00000000   Code   RO         4992    .ARM.Collect$$$$0000000A  mc_w.l(entry8b.o)
    0x1000011c   0x00000008   Code   RO         4993    .ARM.Collect$$$$0000000B  mc_w.l(entry9a.o)
    0x10000124   0x00000000   Code   RO         4995    .ARM.Collect$$$$0000000D  mc_w.l(entry10a.o)
    0x10000124   0x00000000   Code   RO         4997    .ARM.Collect$$$$0000000F  mc_w.l(entry11a.o)
    0x10000124   0x00000004   Code   RO         4986    .ARM.Collect$$$$00002712  mc_w.l(entry2.o)
    0x10000128   0x00000028   Code   RO          624    .text               keil_startup_lpc18xx43xx.o
    0x10000150   0x00000024   Code   RO         4955    .text               mc_w.l(memseta.o)
    0x10000174   0x00000024   Code   RO         5009    .text               mc_w.l(init.o)
    0x10000198   0x0000005c   Code   RO         5019    .text               mc_w.l(__dczerorl2.o)
    0x100001f4   0x0000004c   Code   RO         3827    i.Audio_Device_ConfigureEndpoints  audioclassdevice.o
    0x10000240   0x00000002   Code   RO         3828    i.Audio_Device_Event_Stub  audioclassdevice.o
    0x10000242   0x00000002   PAD
    0x10000244   0x00000278   Code   RO         3829    i.Audio_Device_ProcessControlRequest  audioclassdevice.o
    0x100004bc   0x00000020   Code   RO         3304    i.Board_Buttons_Init  board_ngx_xplorer_18304330.o
    0x100004dc   0x00000060   Code   RO         3309    i.Board_Init        board_ngx_xplorer_18304330.o
    0x1000053c   0x00000018   Code   RO         3311    i.Board_LED_Set     board_ngx_xplorer_18304330.o
    0x10000554   0x0000001c   Code   RO         3319    i.Buttons_GetStatus  board_ngx_xplorer_18304330.o
    0x10000570   0x00000068   Code   RO            5    i.CALLBACK_Audio_Device_GetSetEndpointProperty  audioinput.o
    0x100005d8   0x00000020   Code   RO            7    i.CALLBACK_HAL_GetISOBufferAddress  audioinput.o
    0x100005f8   0x0000004c   Code   RO          488    i.CALLBACK_USB_GetDescriptor  descriptors.o
    0x10000644   0x0000001c   Code   RO         4652    i.Chip_CREG_EnableUSB0Phy  hal_lpc18xx.o
    0x10000660   0x00000010   Code   RO         2083    i.Chip_Clock_DisableMainPLL  clock_18xx_43xx.o
    0x10000670   0x00000018   Code   RO         2086    i.Chip_Clock_EnableBaseClock  clock_18xx_43xx.o
    0x10000688   0x0000001c   Code   RO         2087    i.Chip_Clock_EnableCrystal  clock_18xx_43xx.o
    0x100006a4   0x00000038   Code   RO         2089    i.Chip_Clock_EnableOpts  clock_18xx_43xx.o
    0x100006dc   0x00000014   Code   RO         2090    i.Chip_Clock_EnablePLL  clock_18xx_43xx.o
    0x100006f0   0x00000020   Code   RO         2091    i.Chip_Clock_GetBaseClock  clock_18xx_43xx.o
    0x10000710   0x0000000e   Code   RO         2093    i.Chip_Clock_GetBaseClocktHz  clock_18xx_43xx.o
    0x1000071e   0x00000002   PAD
    0x10000720   0x0000005c   Code   RO         2094    i.Chip_Clock_GetClockInputHz  clock_18xx_43xx.o
    0x1000077c   0x00000022   Code   RO         2095    i.Chip_Clock_GetDivRate  clock_18xx_43xx.o
    0x1000079e   0x00000002   PAD
    0x100007a0   0x00000014   Code   RO         2096    i.Chip_Clock_GetDividerDivisor  clock_18xx_43xx.o
    0x100007b4   0x0000001c   Code   RO         2097    i.Chip_Clock_GetDividerSource  clock_18xx_43xx.o
    0x100007d0   0x0000005c   Code   RO         2098    i.Chip_Clock_GetMainPLLHz  clock_18xx_43xx.o
    0x1000082c   0x00000010   Code   RO         2099    i.Chip_Clock_GetPLLStatus  clock_18xx_43xx.o
    0x1000083c   0x0000007c   Code   RO         2100    i.Chip_Clock_GetRate  clock_18xx_43xx.o
    0x100008b8   0x00000038   Code   RO         2103    i.Chip_Clock_SetBaseClock  clock_18xx_43xx.o
    0x100008f0   0x00000034   Code   RO         2104    i.Chip_Clock_SetDivider  clock_18xx_43xx.o
    0x10000924   0x00000082   Code   RO         2105    i.Chip_Clock_SetupMainPLLHz  clock_18xx_43xx.o
    0x100009a6   0x00000002   PAD
    0x100009a8   0x0000007c   Code   RO         2106    i.Chip_Clock_SetupMainPLLMult  clock_18xx_43xx.o
    0x10000a24   0x00000024   Code   RO         2107    i.Chip_Clock_SetupPLL  clock_18xx_43xx.o
    0x10000a48   0x00000018   Code   RO         2109    i.Chip_Clock_TestMainPLLMultiplier  clock_18xx_43xx.o
    0x10000a60   0x0000000e   Code   RO         3321    i.Chip_GPIO_ReadPortBit  board_ngx_xplorer_18304330.o
    0x10000a6e   0x0000001a   Code   RO         3322    i.Chip_GPIO_WriteDirBit  board_ngx_xplorer_18304330.o
    0x10000a88   0x00000010   Code   RO         3323    i.Chip_SCU_PinMuxSet  board_ngx_xplorer_18304330.o
    0x10000a98   0x0000010c   Code   RO         4793    i.DcdDataTransfer   endpoint_lpc18xx.o
    0x10000ba4   0x0000000e   Code   RO         4794    i.DcdInsertTD       endpoint_lpc18xx.o
    0x10000bb2   0x00000002   PAD
    0x10000bb4   0x0000013c   Code   RO         4795    i.DcdIrqHandler     endpoint_lpc18xx.o
    0x10000cf0   0x0000003e   Code   RO         4796    i.DcdPrepareTD      endpoint_lpc18xx.o
    0x10000d2e   0x00000002   Code   RO         4798    i.Dummy_EVENT_USB_Device_TransferComplete  endpoint_lpc18xx.o
    0x10000d30   0x0000000c   Code   RO            8    i.EVENT_USB_Device_ConfigurationChanged  audioinput.o
    0x10000d3c   0x0000000c   Code   RO           10    i.EVENT_USB_Device_ControlRequest  audioinput.o
    0x10000d48   0x000000c0   Code   RO         4222    i.Endpoint_ClearStatusStage  endpoint.o
    0x10000e08   0x00000118   Code   RO         4799    i.Endpoint_ConfigureEndpoint  endpoint_lpc18xx.o
    0x10000f20   0x00000020   Code   RO         4800    i.Endpoint_GetSetupPackage  endpoint_lpc18xx.o
    0x10000f40   0x000000b4   Code   RO         4286    i.Endpoint_Read_Control_Stream_LE  endpointstream.o
    0x10000ff4   0x000000ac   Code   RO         4288    i.Endpoint_Read_Stream_LE  endpointstream.o
    0x100010a0   0x00000114   Code   RO         4801    i.Endpoint_Streaming  endpoint_lpc18xx.o
    0x100011b4   0x00000074   Code   RO         4290    i.Endpoint_Write_Control_Stream_LE  endpointstream.o
    0x10001228   0x000000b8   Code   RO         4292    i.Endpoint_Write_Stream_LE  endpointstream.o
    0x100012e0   0x00000034   Code   RO         3324    i.GPIO0_IRQHandler  board_ngx_xplorer_18304330.o
    0x10001314   0x0000001c   Code   RO         4654    i.HAL_EnableUSBInterrupt  hal_lpc18xx.o
    0x10001330   0x00000128   Code   RO         4802    i.HAL_Reset         endpoint_lpc18xx.o
    0x10001458   0x00000024   Code   RO         4655    i.HAL_USBConnect    hal_lpc18xx.o
    0x1000147c   0x000000bc   Code   RO         4657    i.HAL_USBInit       hal_lpc18xx.o
    0x10001538   0x00000014   Code   RO         3327    i.SystemCoreClockUpdate  board_ngx_xplorer_18304330.o
    0x1000154c   0x00000044   Code   RO         3624    i.SystemInit        sysinit_ngx_xplorer_18304330.o
    0x10001590   0x000000f4   Code   RO         3625    i.SystemSetupClocking  sysinit_ngx_xplorer_18304330.o
    0x10001684   0x000001b8   Code   RO         4803    i.TransferCompleteISR  endpoint_lpc18xx.o
    0x1000183c   0x00000018   Code   RO         4658    i.USB0_IRQHandler   hal_lpc18xx.o
    0x10001854   0x00000014   Code   RO         4659    i.USB1_IRQHandler   hal_lpc18xx.o
    0x10001868   0x00000120   Code   RO         4152    i.USB_Device_ClearSetFeature  devicestandardreq.o
    0x10001988   0x000000d0   Code   RO         4153    i.USB_Device_GetConfiguration  devicestandardreq.o
    0x10001a58   0x000000b0   Code   RO         4154    i.USB_Device_GetDescriptor  devicestandardreq.o
    0x10001b08   0x0000015c   Code   RO         4155    i.USB_Device_GetStatus  devicestandardreq.o
    0x10001c64   0x000000f8   Code   RO         4156    i.USB_Device_ProcessControlRequest  devicestandardreq.o
    0x10001d5c   0x000000b0   Code   RO         4157    i.USB_Device_SetAddress  devicestandardreq.o
    0x10001e0c   0x0000005c   Code   RO         4158    i.USB_Device_SetConfiguration  devicestandardreq.o
    0x10001e68   0x00000002   Code   RO         4365    i.USB_Event_Stub    events.o
    0x10001e6a   0x00000002   PAD
    0x10001e6c   0x00000028   Code   RO         4404    i.USB_Init          usbcontroller.o
    0x10001e94   0x00000050   Code   RO         4405    i.USB_ResetInterface  usbcontroller.o
    0x10001ee4   0x00000038   Code   RO         4449    i.USB_USBTask       usbtask.o
    0x10001f1c   0x0000000e   Code   RO         5013    i.__scatterload_copy  mc_w.l(handlers.o)
    0x10001f2a   0x00000002   Code   RO         5014    i.__scatterload_null  mc_w.l(handlers.o)
    0x10001f2c   0x0000000e   Code   RO         5015    i.__scatterload_zeroinit  mc_w.l(handlers.o)
    0x10001f3a   0x00000002   PAD
    0x10001f3c   0x0000003c   Code   RO          903    i.fpuInit           fpu_init.o
    0x10001f78   0x00000050   Code   RO         4957    i.free              mc_w.l(malloc.o)
    0x10001fc8   0x0000005c   Code   RO           12    i.main              audioinput.o
    0x10002024   0x0000006c   Code   RO         4958    i.malloc            mc_w.l(malloc.o)
    0x10002090   0x00000018   Data   RO         2110    .constdata          clock_18xx_43xx.o
    0x100020a8   0x000000c4   Data   RO         3626    .constdata          sysinit_ngx_xplorer_18304330.o
    0x1000216c   0x00000008   Data   RO         4660    .constdata          hal_lpc18xx.o
    0x10002174   0x00000018   Data   RO         4811    .constdata          endpoint_lpc18xx.o
    0x1000218c   0x00000020   Data   RO         5011    Region$$Table       anon$$obj.o


    Execution Region RW_IRAM1 (Base: 0x10080000, Size: 0x00003cb0, Max: 0x0000a000, ABSOLUTE, COMPRESSED[0x000000b4])

    Base Addr    Size         Type   Attr      Idx    E Section Name        Object

    0x10080000   0x00000016   Data   RW           14    .data               audioinput.o
    0x10080016   0x00000002   PAD
    0x10080018   0x0000008f   Data   RW          489    .data               descriptors.o
    0x100800a7   0x00000004   Data   RW          490    .data               descriptors.o
    0x100800ab   0x00000008   Data   RW          491    .data               descriptors.o
    0x100800b3   0x00000036   Data   RW          492    .data               descriptors.o
    0x100800e9   0x00000003   PAD
    0x100800ec   0x00000018   Data   RW         3339    .data               board_ngx_xplorer_18304330.o
    0x10080104   0x00000003   Data   RW         4159    .data               devicestandardreq.o
    0x10080107   0x00000001   PAD
    0x10080108   0x00000008   Data   RW         4227    .data               endpoint.o
    0x10080110   0x00000024   Data   RW         4228    .data               endpoint.o
    0x10080134   0x00000008   Data   RW         4229    .data               endpoint.o
    0x1008013c   0x00000002   Data   RW         4407    .data               usbcontroller.o
    0x1008013e   0x00000001   Data   RW         4450    .data               usbtask.o
    0x1008013f   0x00000001   PAD
    0x10080140   0x00000008   Data   RW         4451    .data               usbtask.o
    0x10080148   0x00000002   Data   RW         4452    .data               usbtask.o
    0x1008014a   0x00000002   Data   RW         4661    .data               hal_lpc18xx.o
    0x1008014c   0x00000004   Data   RW         5007    .data               mc_w.l(mvars.o)
    0x10080150   0x00000004   Data   RW         5008    .data               mc_w.l(mvars.o)
    0x10080154   0x00000400   Zero   RW           13    .bss                audioinput.o
    0x10080554   0x0000002c   PAD
    0x10080580   0x00000800   Zero   RW         4225    .bss                endpoint.o
    0x10080d80   0x00000400   Zero   RW         4226    .bss                endpoint.o
    0x10081180   0x00000680   PAD
    0x10081800   0x00000300   Zero   RW         4804    .bss                endpoint_lpc18xx.o
    0x10081b00   0x00000500   PAD
    0x10082000   0x00000200   Zero   RW         4805    .bss                endpoint_lpc18xx.o
    0x10082200   0x00000180   Zero   RW         4806    .bss                endpoint_lpc18xx.o
    0x10082380   0x00000100   Zero   RW         4807    .bss                endpoint_lpc18xx.o
    0x10082480   0x00000200   Zero   RW         4808    .bss                endpoint_lpc18xx.o
    0x10082680   0x00000200   Zero   RW         4809    .bss                endpoint_lpc18xx.o
    0x10082880   0x00000230   Zero   RW         4810    .bss                endpoint_lpc18xx.o
    0x10082ab0   0x00001000   Zero   RW          622    HEAP                keil_startup_lpc18xx43xx.o
    0x10083ab0   0x00000200   Zero   RW          621    STACK               keil_startup_lpc18xx43xx.o


==============================================================================

Image component sizes


      Code (inc. data)   RO Data    RW Data    ZI Data      Debug   Object Name

       710         46          0          0          0      10478   audioclassdevice.o
       252         38          0         22       1024     107365   audioinput.o
       308         36          0         24          0      26059   board_ngx_xplorer_18304330.o
      1018        144         24          0          0      15663   clock_18xx_43xx.o
         0          0          0          0          0       1320   configdescriptor.o
        76          6          0        209          0       2085   descriptors.o
      1536        230          0          3          0      17764   devicestandardreq.o
       192         24          0         52       3072       7226   endpoint.o
      1986        160         24          0       3504      17830   endpoint_lpc18xx.o
       652        122          0          0          0      13003   endpointstream.o
         2          0          0          0          0        541   events.o
        60         14          0          0          0       4026   fpu_init.o
       324         48          8          2          0      32497   hal_lpc18xx.o
        40         10        276          0       4608        900   keil_startup_lpc18xx43xx.o
       312         42        196          0          0       5681   sysinit_ngx_xplorer_18304330.o
       120         26          0          2          0       2388   usbcontroller.o
        56         14          0         11          0       9058   usbtask.o

    ----------------------------------------------------------------------
      7656        960        560        332      15196     273884   Object Totals
         0          0         32          0          0          0   (incl. Generated)
        12          0          0          7       2988          0   (incl. Padding)

    ----------------------------------------------------------------------

      Code (inc. data)   RO Data    RW Data    ZI Data      Debug   Library Member Name

        92          0          0          0          0          0   __dczerorl2.o
         0          0          0          0          0          0   entry.o
         0          0          0          0          0          0   entry10a.o
         0          0          0          0          0          0   entry11a.o
         8          4          0          0          0          0   entry2.o
         4          0          0          0          0          0   entry5.o
         0          0          0          0          0          0   entry7b.o
         0          0          0          0          0          0   entry8b.o
         8          4          0          0          0          0   entry9a.o
        30          0          0          0          0          0   handlers.o
        36          8          0          0          0         68   init.o
       188         20          0          0          0        160   malloc.o
        36          0          0          0          0        108   memseta.o
         0          0          0          8          0          0   mvars.o

    ----------------------------------------------------------------------
       404         36          0          8          0        336   Library Totals
         2          0          0          0          0          0   (incl. Padding)

    ----------------------------------------------------------------------

      Code (inc. data)   RO Data    RW Data    ZI Data      Debug   Library Name

       402         36          0          8          0        336   mc_w.l

    ----------------------------------------------------------------------
       404         36          0          8          0        336   Library Totals

    ----------------------------------------------------------------------

==============================================================================


      Code (inc. data)   RO Data    RW Data    ZI Data      Debug   

      8060        996        560        340      15196     267616   Grand Totals
      8060        996        560        180      15196     267616   ELF Image Totals (compressed)
      8060        996        560        180          0          0   ROM Totals

==============================================================================

    Total RO  Size (Code + RO Data)                 8620 (   8.42kB)
    Total RW  Size (RW Data + ZI Data)             15536 (  15.17kB)
    Total ROM Size (Code + RO Data + RW Data)       8800 (   8.59kB)

==============================================================================

