ARM Linker, 5.03 [Build 76] [MDK-ARM Lite]

==============================================================================

Section Cross References

    audioinput.o(i.Audio_Init) refers to audioinput.o(.data) for .data
    audioinput.o(i.CALLBACK_Audio_Device_GetSetEndpointProperty) refers to audioinput.o(.data) for .data
    audioinput.o(i.CALLBACK_HAL_GetISOBufferAddress) refers to audioinput.o(.data) for .data
    audioinput.o(i.CALLBACK_HAL_GetISOBufferAddress) refers to audioinput.o(.bss) for .bss
    audioinput.o(i.EVENT_USB_Device_ConfigurationChanged) refers to audioclassdevice.o(i.Audio_Device_ConfigureEndpoints) for Audio_Device_ConfigureEndpoints
    audioinput.o(i.EVENT_USB_Device_ConfigurationChanged) refers to audioinput.o(.data) for .data
    audioinput.o(i.EVENT_USB_Device_ControlRequest) refers to audioclassdevice.o(i.Audio_Device_ProcessControlRequest) for Audio_Device_ProcessControlRequest
    audioinput.o(i.EVENT_USB_Device_ControlRequest) refers to audioinput.o(.data) for .data
    audioinput.o(i.main) refers to board_ngx_xplorer_18304330.o(i.Board_Init) for Board_Init
    audioinput.o(i.main) refers to board_ngx_xplorer_18304330.o(i.Board_Buttons_Init) for Board_Buttons_Init
    audioinput.o(i.main) refers to usbcontroller.o(i.USB_Init) for USB_Init
    audioinput.o(i.main) refers to board_ngx_xplorer_18304330.o(i.Buttons_GetStatus) for Buttons_GetStatus
    audioinput.o(i.main) refers to usbtask.o(i.USB_USBTask) for USB_USBTask
    audioinput.o(i.main) refers to audioinput.o(.data) for .data
    audioinput.o(i.main) refers to audioinput.o(.bss) for .bss
    descriptors.o(i.CALLBACK_USB_GetDescriptor) refers to descriptors.o(.data) for .data
    descriptors.o(.data) refers to descriptors.o(.data) for LanguageString
    descriptors.o(.data) refers to descriptors.o(.data) for ManufacturerString
    descriptors.o(.data) refers to descriptors.o(.data) for ProductString
    keil_startup_lpc18xx43xx.o(RESET) refers to keil_startup_lpc18xx43xx.o(STACK) for __initial_sp
    keil_startup_lpc18xx43xx.o(RESET) refers to keil_startup_lpc18xx43xx.o(.text) for Reset_Handler
    keil_startup_lpc18xx43xx.o(RESET) refers to hal_lpc18xx.o(i.USB0_IRQHandler) for USB0_IRQHandler
    keil_startup_lpc18xx43xx.o(RESET) refers to hal_lpc18xx.o(i.USB1_IRQHandler) for USB1_IRQHandler
    keil_startup_lpc18xx43xx.o(RESET) refers to board_ngx_xplorer_18304330.o(i.GPIO0_IRQHandler) for GPIO0_IRQHandler
    keil_startup_lpc18xx43xx.o(.text) refers to sysinit_ngx_xplorer_18304330.o(i.SystemInit) for SystemInit
    keil_startup_lpc18xx43xx.o(.text) refers to entry.o(.ARM.Collect$$$$00000000) for __main
    audioclassdevice.o(i.Audio_Device_ConfigureEndpoints) refers to endpoint_lpc18xx.o(i.Endpoint_ConfigureEndpoint) for Endpoint_ConfigureEndpoint
    audioclassdevice.o(i.Audio_Device_ProcessControlRequest) refers to endpoint.o(i.Endpoint_ClearStatusStage) for Endpoint_ClearStatusStage
    audioclassdevice.o(i.Audio_Device_ProcessControlRequest) refers to audioclassdevice.o(i.Audio_Device_Event_Stub) for EVENT_Audio_Device_StreamStartStop
    audioclassdevice.o(i.Audio_Device_ProcessControlRequest) refers to audioinput.o(i.CALLBACK_Audio_Device_GetSetEndpointProperty) for CALLBACK_Audio_Device_GetSetEndpointProperty
    audioclassdevice.o(i.Audio_Device_ProcessControlRequest) refers to malloc.o(i.malloc) for malloc
    audioclassdevice.o(i.Audio_Device_ProcessControlRequest) refers to endpointstream.o(i.Endpoint_Read_Control_Stream_LE) for Endpoint_Read_Control_Stream_LE
    audioclassdevice.o(i.Audio_Device_ProcessControlRequest) refers to endpoint_lpc18xx.o(i.DcdDataTransfer) for DcdDataTransfer
    audioclassdevice.o(i.Audio_Device_ProcessControlRequest) refers to endpointstream.o(i.Endpoint_Write_Control_Stream_LE) for Endpoint_Write_Control_Stream_LE
    audioclassdevice.o(i.Audio_Device_ProcessControlRequest) refers to malloc.o(i.free) for free
    audioclassdevice.o(i.Audio_Device_ProcessControlRequest) refers to hal_lpc18xx.o(.constdata) for USB_REG_BASE_ADDR
    audioclassdevice.o(i.Audio_Device_ProcessControlRequest) refers to usbtask.o(.data) for USB_ControlRequest
    audioclassdevice.o(i.Audio_Device_ProcessControlRequest) refers to endpoint.o(.data) for usb_data_buffer_index
    audioclassdevice.o(i.Audio_Device_ProcessControlRequest) refers to endpoint.o(.bss) for usb_data_buffer_IN
    audioclassdevice.o(i.Audio_Device_ProcessControlRequest) refers to endpoint_lpc18xx.o(.constdata) for dQueueHead
    usbcontroller.o(i.USB_Disable) refers to hal_lpc18xx.o(i.HAL_USBConnect) for HAL_USBConnect
    usbcontroller.o(i.USB_Disable) refers to hal_lpc18xx.o(i.HAL_USBDeInit) for HAL_USBDeInit
    usbcontroller.o(i.USB_Disable) refers to usbtask.o(.data) for USB_IsInitialized
    usbcontroller.o(i.USB_Init) refers to hal_lpc18xx.o(i.HAL_USBInit) for HAL_USBInit
    usbcontroller.o(i.USB_Init) refers to usbcontroller.o(i.USB_ResetInterface) for USB_ResetInterface
[...]
    i2s_18xx_43xx.o(i.Chip_I2S_Int_Cmd) refers to i2s_001.o(i.IP_I2S_SetFIFODepthIRQ) for IP_I2S_SetFIFODepthIRQ
    uart_18xx_43xx.o(i.Chip_UART_DeInit) refers to uart_18xx_43xx.o(i.Chip_UART_Get_UARTNum) for Chip_UART_Get_UARTNum
    uart_18xx_43xx.o(i.Chip_UART_DeInit) refers to usart_001.o(i.IP_UART_DeInit) for IP_UART_DeInit
    uart_18xx_43xx.o(i.Chip_UART_DeInit) refers to uart_18xx_43xx.o(i.Chip_UART_DetermineClk) for Chip_UART_DetermineClk
    uart_18xx_43xx.o(i.Chip_UART_DeInit) refers to clock_18xx_43xx.o(i.Chip_Clock_Disable) for Chip_Clock_Disable
    uart_18xx_43xx.o(i.Chip_UART_GetABEOStatus) refers to uart_18xx_43xx.o(.data) for .data
    uart_18xx_43xx.o(i.Chip_UART_GetIntStatus) refers to usart_001.o(i.IP_UART_IntGetStatus) for IP_UART_IntGetStatus
    uart_18xx_43xx.o(i.Chip_UART_GetIntStatus) refers to usart_001.o(i.IP_UART_GetLineStatus) for IP_UART_GetLineStatus
    uart_18xx_43xx.o(i.Chip_UART_Init) refers to uart_18xx_43xx.o(i.Chip_UART_Get_UARTNum) for Chip_UART_Get_UARTNum
    uart_18xx_43xx.o(i.Chip_UART_Init) refers to uart_18xx_43xx.o(i.Chip_UART_DetermineClk) for Chip_UART_DetermineClk
    uart_18xx_43xx.o(i.Chip_UART_Init) refers to clock_18xx_43xx.o(i.Chip_Clock_EnableOpts) for Chip_Clock_EnableOpts
    uart_18xx_43xx.o(i.Chip_UART_Init) refers to usart_001.o(i.IP_UART_Init) for IP_UART_Init
    uart_18xx_43xx.o(i.Chip_UART_InitRingBuffer) refers to uart_18xx_43xx.o(.data) for .data
    uart_18xx_43xx.o(i.Chip_UART_InitRingBuffer) refers to uart_18xx_43xx.o(.bss) for .bss
    uart_18xx_43xx.o(i.Chip_UART_IntConfig) refers to usart_001.o(i.IP_UART_IntConfig) for IP_UART_IntConfig
    uart_18xx_43xx.o(i.Chip_UART_Interrupt_Handler) refers to uart_18xx_43xx.o(i.Chip_UART_GetIntStatus) for Chip_UART_GetIntStatus
    uart_18xx_43xx.o(i.Chip_UART_Interrupt_Handler) refers to usart_001.o(i.IP_UART_Receive) for IP_UART_Receive
    uart_18xx_43xx.o(i.Chip_UART_Interrupt_Handler) refers to uart_18xx_43xx.o(i.Chip_UART_IntConfig) for Chip_UART_IntConfig
    uart_18xx_43xx.o(i.Chip_UART_Interrupt_Handler) refers to usart_001.o(i.IP_UART_CheckBusy) for IP_UART_CheckBusy
    uart_18xx_43xx.o(i.Chip_UART_Interrupt_Handler) refers to uart_18xx_43xx.o(i.Chip_UART_Send) for Chip_UART_Send
    uart_18xx_43xx.o(i.Chip_UART_Interrupt_Handler) refers to usart_001.o(i.IP_UART_ABClearIntPending) for IP_UART_ABClearIntPending
    uart_18xx_43xx.o(i.Chip_UART_Interrupt_Handler) refers to uart_18xx_43xx.o(.bss) for .bss
    uart_18xx_43xx.o(i.Chip_UART_Interrupt_Handler) refers to uart_18xx_43xx.o(.data) for .data
    uart_18xx_43xx.o(i.Chip_UART_Interrupt_Receive) refers to uart_18xx_43xx.o(i.Chip_UART_IntConfig) for Chip_UART_IntConfig
    uart_18xx_43xx.o(i.Chip_UART_Interrupt_Receive) refers to uart_18xx_43xx.o(.bss) for .bss
    uart_18xx_43xx.o(i.Chip_UART_Interrupt_Transmit) refers to uart_18xx_43xx.o(i.Chip_UART_IntConfig) for Chip_UART_IntConfig
    uart_18xx_43xx.o(i.Chip_UART_Interrupt_Transmit) refers to usart_001.o(i.IP_UART_CheckBusy) for IP_UART_CheckBusy
    uart_18xx_43xx.o(i.Chip_UART_Interrupt_Transmit) refers to uart_18xx_43xx.o(i.Chip_UART_Send) for Chip_UART_Send
    uart_18xx_43xx.o(i.Chip_UART_Interrupt_Transmit) refers to uart_18xx_43xx.o(.bss) for .bss
    uart_18xx_43xx.o(i.Chip_UART_Interrupt_Transmit) refers to uart_18xx_43xx.o(.data) for .data
    uart_18xx_43xx.o(i.Chip_UART_Send) refers to usart_001.o(i.IP_UART_Send) for IP_UART_Send
    uart_18xx_43xx.o(i.Chip_UART_SetBaud) refers to uart_18xx_43xx.o(i.Chip_UART_DetermineClk) for Chip_UART_DetermineClk
    uart_18xx_43xx.o(i.Chip_UART_SetBaud) refers to clock_18xx_43xx.o(i.Chip_Clock_GetRate) for Chip_Clock_GetRate
    uart_18xx_43xx.o(i.Chip_UART_SetBaud) refers to usart_001.o(i.IP_UART_SetBaud) for IP_UART_SetBaud
    uart_18xx_43xx.o(i.Chip_UART_TxCmd) refers to uart_18xx_43xx.o(i.Chip_UART_Get_UARTNum) for Chip_UART_Get_UARTNum
    uart_18xx_43xx.o(i.Chip_UART_TxCmd) refers to usart_001.o(i.IP_UART_TxCmd) for IP_UART_TxCmd
    uda1380.o(i.Audio_Codec_SetDefaultValues) refers to uda1380.o(i.UDA1380_REG_WriteMult) for UDA1380_REG_WriteMult
    uda1380.o(i.Audio_Codec_SetDefaultValues) refers to uda1380.o(i.UDA1380_REG_VerifyMult) for UDA1380_REG_VerifyMult
    uda1380.o(i.UDA1380_Init) refers to i2c_18xx_43xx.o(i.Chip_I2C_GetMasterEventHandler) for Chip_I2C_GetMasterEventHandler
    uda1380.o(i.UDA1380_Init) refers to board_ngx_xplorer_18304330.o(i.Board_I2C_Init) for Board_I2C_Init
    uda1380.o(i.UDA1380_Init) refers to i2c_18xx_43xx.o(i.Chip_I2C_Init) for Chip_I2C_Init
    uda1380.o(i.UDA1380_Init) refers to i2c_18xx_43xx.o(i.Chip_I2C_SetClockRate) for Chip_I2C_SetClockRate
    uda1380.o(i.UDA1380_Init) refers to i2c_18xx_43xx.o(i.Chip_I2C_SetMasterEventHandler) for Chip_I2C_SetMasterEventHandler
    uda1380.o(i.UDA1380_Init) refers to uda1380.o(i.Audio_Codec_SetDefaultValues) for Audio_Codec_SetDefaultValues
    uda1380.o(i.UDA1380_Init) refers to uda1380.o(i.UDA1380_REG_WriteVerify) for UDA1380_REG_WriteVerify
    uda1380.o(i.UDA1380_Init) refers to i2c_18xx_43xx.o(i.Chip_I2C_EventHandlerPolling) for Chip_I2C_EventHandlerPolling
    uda1380.o(i.UDA1380_Init) refers to uda1380.o(.constdata) for .constdata
    uda1380.o(i.UDA1380_REG_Read) refers to i2c_18xx_43xx.o(i.Chip_I2C_MasterCmdRead) for Chip_I2C_MasterCmdRead
    uda1380.o(i.UDA1380_REG_VerifyMult) refers to i2c_18xx_43xx.o(i.Chip_I2C_MasterCmdRead) for Chip_I2C_MasterCmdRead
    uda1380.o(i.UDA1380_REG_Write) refers to i2c_18xx_43xx.o(i.Chip_I2C_MasterSend) for Chip_I2C_MasterSend
    uda1380.o(i.UDA1380_REG_WriteMult) refers to i2c_18xx_43xx.o(i.Chip_I2C_MasterSend) for Chip_I2C_MasterSend
    uda1380.o(i.UDA1380_REG_WriteVerify) refers to uda1380.o(i.UDA1380_REG_Write) for UDA1380_REG_Write
    uda1380.o(i.UDA1380_REG_WriteVerify) refers to uda1380.o(i.UDA1380_REG_Read) for UDA1380_REG_Read
    i2c_18xx_43xx.o(i.Chip_I2C_DeInit) refers to clock_18xx_43xx.o(i.Chip_Clock_Disable) for Chip_Clock_Disable
    i2c_18xx_43xx.o(i.Chip_I2C_DeInit) refers to i2c_18xx_43xx.o(.data) for .data
    i2c_18xx_43xx.o(i.Chip_I2C_Disable) refers to i2c_18xx_43xx.o(.data) for .data
    i2c_18xx_43xx.o(i.Chip_I2C_EventHandler) refers to i2c_18xx_43xx.o(.data) for .data
    i2c_18xx_43xx.o(i.Chip_I2C_EventHandlerPolling) refers to i2c_18xx_43xx.o(i.Chip_I2C_MasterStateHandler) for Chip_I2C_MasterStateHandler
    i2c_18xx_43xx.o(i.Chip_I2C_EventHandlerPolling) refers to i2c_18xx_43xx.o(.data) for .data
    i2c_18xx_43xx.o(i.Chip_I2C_GetClockRate) refers to clock_18xx_43xx.o(i.Chip_Clock_GetRate) for Chip_Clock_GetRate
    i2c_18xx_43xx.o(i.Chip_I2C_GetClockRate) refers to i2c_18xx_43xx.o(.data) for .data
    i2c_18xx_43xx.o(i.Chip_I2C_GetMasterEventHandler) refers to i2c_18xx_43xx.o(.data) for .data
    i2c_18xx_43xx.o(i.Chip_I2C_Init) refers to clock_18xx_43xx.o(i.Chip_Clock_Enable) for Chip_Clock_Enable
    i2c_18xx_43xx.o(i.Chip_I2C_Init) refers to i2c_18xx_43xx.o(.data) for .data
    i2c_18xx_43xx.o(i.Chip_I2C_IsMasterActive) refers to i2c_18xx_43xx.o(.data) for .data
    i2c_18xx_43xx.o(i.Chip_I2C_IsStateChanged) refers to i2c_18xx_43xx.o(.data) for .data
    i2c_18xx_43xx.o(i.Chip_I2C_MasterCmdRead) refers to memseta.o(.text) for __aeabi_memclr4
    i2c_18xx_43xx.o(i.Chip_I2C_MasterCmdRead) refers to i2c_18xx_43xx.o(i.Chip_I2C_MasterTransfer) for Chip_I2C_MasterTransfer
    i2c_18xx_43xx.o(i.Chip_I2C_MasterRead) refers to memseta.o(.text) for __aeabi_memclr4
    i2c_18xx_43xx.o(i.Chip_I2C_MasterRead) refers to i2c_18xx_43xx.o(i.Chip_I2C_MasterTransfer) for Chip_I2C_MasterTransfer
    i2c_18xx_43xx.o(i.Chip_I2C_MasterSend) refers to memseta.o(.text) for __aeabi_memclr4
    i2c_18xx_43xx.o(i.Chip_I2C_MasterSend) refers to i2c_18xx_43xx.o(i.Chip_I2C_MasterTransfer) for Chip_I2C_MasterTransfer
    i2c_18xx_43xx.o(i.Chip_I2C_MasterStateHandler) refers to i2c_001.o(i.IP_I2C_MasterXfer_StateHandler) for IP_I2C_MasterXfer_StateHandler
    i2c_18xx_43xx.o(i.Chip_I2C_MasterStateHandler) refers to i2c_18xx_43xx.o(.data) for .data
    i2c_18xx_43xx.o(i.Chip_I2C_MasterTransfer) refers to i2c_18xx_43xx.o(.data) for .data
    i2c_18xx_43xx.o(i.Chip_I2C_SetClockRate) refers to clock_18xx_43xx.o(i.Chip_Clock_GetRate) for Chip_Clock_GetRate
    i2c_18xx_43xx.o(i.Chip_I2C_SetClockRate) refers to i2c_18xx_43xx.o(.data) for .data
    i2c_18xx_43xx.o(i.Chip_I2C_SetMasterEventHandler) refers to i2c_18xx_43xx.o(.data) for .data
    i2c_18xx_43xx.o(i.Chip_I2C_SlaveSetup) refers to i2c_18xx_43xx.o(.data) for .data
    i2c_18xx_43xx.o(i.Chip_I2C_SlaveSetup) refers to i2c_18xx_43xx.o(.bss) for .bss
    i2c_18xx_43xx.o(i.Chip_I2C_SlaveStateHandler) refers to i2c_001.o(i.IP_I2C_GetSlaveIndex) for IP_I2C_GetSlaveIndex
    i2c_18xx_43xx.o(i.Chip_I2C_SlaveStateHandler) refers to i2c_001.o(i.IP_I2C_SlaveXfer_StateHandler) for IP_I2C_SlaveXfer_StateHandler
    i2c_18xx_43xx.o(i.Chip_I2C_SlaveStateHandler) refers to i2c_18xx_43xx.o(.data) for .data
    i2c_18xx_43xx.o(i.Chip_I2C_SlaveStateHandler) refers to i2c_18xx_43xx.o(.bss) for .bss
    i2c_18xx_43xx.o(.data) refers to i2c_18xx_43xx.o(i.Chip_I2C_EventHandler) for Chip_I2C_EventHandler
    i2c_001.o(i.IP_I2C_GetSlaveIndex) refers to i2c_001.o(i.IP_I2C_SlaveIndexLookup) for IP_I2C_SlaveIndexLookup
    i2c_001.o(i.IP_I2C_SlaveIndexLookup) refers to i2c_001.o(i.IP_I2C_SlaveMatchAddr) for IP_I2C_SlaveMatchAddr
    entry.o(.ARM.Collect$$$$00000000) refers (Special) to entry10a.o(.ARM.Collect$$$$0000000D) for __rt_final_cpp
    entry.o(.ARM.Collect$$$$00000000) refers (Special) to entry11a.o(.ARM.Collect$$$$0000000F) for __rt_final_exit
    entry.o(.ARM.Collect$$$$00000000) refers (Special) to entry7b.o(.ARM.Collect$$$$00000008) for _main_clock
    entry.o(.ARM.Collect$$$$00000000) refers (Special) to entry8b.o(.ARM.Collect$$$$0000000A) for _main_cpp_init
    entry.o(.ARM.Collect$$$$00000000) refers (Special) to entry9a.o(.ARM.Collect$$$$0000000B) for _main_init
    entry.o(.ARM.Collect$$$$00000000) refers (Special) to entry5.o(.ARM.Collect$$$$00000004) for _main_scatterload
    entry.o(.ARM.Collect$$$$00000000) refers (Special) to entry2.o(.ARM.Collect$$$$00000001) for _main_stk
    uldiv.o(.text) refers to llushr.o(.text) for __aeabi_llsr
    uldiv.o(.text) refers to llshl.o(.text) for __aeabi_llsl
    malloc.o(i.free) refers to mvars.o(.data) for __microlib_freelist
    malloc.o(i.malloc) refers to mvars.o(.data) for __microlib_freelist_initialised
    malloc.o(i.malloc) refers to mvars.o(.data) for __microlib_freelist
    malloc.o(i.malloc) refers to keil_startup_lpc18xx43xx.o(HEAP) for __heap_base
    mallocr.o(i.__free$realloc) refers to mvars.o(.data) for __microlib_freelist
    mallocr.o(i.__malloc$realloc) refers to mallocr.o(i.internal_alloc) for internal_alloc
    mallocr.o(i.__malloc$realloc) refers to mvars.o(.data) for __microlib_freelist_initialised
    mallocr.o(i.__malloc$realloc) refers to keil_startup_lpc18xx43xx.o(HEAP) for __heap_base
    mallocr.o(i.__malloc$realloc) refers to mvars.o(.data) for __microlib_freelist
    mallocr.o(i.internal_alloc) refers to memcpya.o(.text) for __aeabi_memcpy
    mallocr.o(i.internal_alloc) refers to mvars.o(.data) for __microlib_freelist
    mallocr.o(i.realloc) refers to mallocr.o(i.__free$realloc) for __free$realloc
    mallocr.o(i.realloc) refers to mallocr.o(i.internal_alloc) for internal_alloc
    mallocr.o(i.realloc) refers to mallocr.o(i.__malloc$realloc) for __malloc$realloc
    mallocr.o(i.realloc) refers to mvars.o(.data) for __microlib_freelist
    malloca.o(i.__aligned_malloc) refers to mvars.o(.data) for __microlib_freelist_initialised
    malloca.o(i.__aligned_malloc) refers to mvars.o(.data) for __microlib_freelist
    malloca.o(i.__aligned_malloc) refers to keil_startup_lpc18xx43xx.o(HEAP) for __heap_base
    malloca.o(i.__free$memalign) refers to mvars.o(.data) for __microlib_freelist
    malloca.o(i.__malloc$memalign) refers to malloca.o(i.__aligned_malloc) for __aligned_malloc
    mallocra.o(i.__aligned_malloc$realloc) refers to mallocra.o(i.internal_alloc) for internal_alloc
    mallocra.o(i.__aligned_malloc$realloc) refers to mvars.o(.data) for __microlib_freelist_initialised
    mallocra.o(i.__aligned_malloc$realloc) refers to keil_startup_lpc18xx43xx.o(HEAP) for __heap_base
    mallocra.o(i.__aligned_malloc$realloc) refers to mvars.o(.data) for __microlib_freelist
    mallocra.o(i.__free$realloc$memalign) refers to mvars.o(.data) for __microlib_freelist
    mallocra.o(i.__malloc$realloc$memalign) refers to mallocra.o(i.__aligned_malloc$realloc) for __aligned_malloc$realloc
    mallocra.o(i.__realloc$memalign) refers to mallocra.o(i.__free$realloc$memalign) for __free$realloc$memalign
    mallocra.o(i.__realloc$memalign) refers to mallocra.o(i.internal_alloc) for internal_alloc
    mallocra.o(i.__realloc$memalign) refers to mallocra.o(i.__malloc$realloc$memalign) for __malloc$realloc$memalign
    mallocra.o(i.__realloc$memalign) refers to mvars.o(.data) for __microlib_freelist
    mallocra.o(i.internal_alloc) refers to memcpya.o(.text) for __aeabi_memcpy
    mallocra.o(i.internal_alloc) refers to mvars.o(.data) for __microlib_freelist
    entry2.o(.ARM.Collect$$$$00000001) refers to entry2.o(.ARM.Collect$$$$00002712) for __lit__00000000
    entry2.o(.ARM.Collect$$$$00002712) refers to keil_startup_lpc18xx43xx.o(STACK) for __initial_sp
    entry2.o(__vectab_stack_and_reset_area) refers to keil_startup_lpc18xx43xx.o(STACK) for __initial_sp
    entry2.o(__vectab_stack_and_reset_area) refers to entry.o(.ARM.Collect$$$$00000000) for __main
    entry5.o(.ARM.Collect$$$$00000004) refers to init.o(.text) for __scatterload
    entry9a.o(.ARM.Collect$$$$0000000B) refers to audioinput.o(i.main) for main
    entry9b.o(.ARM.Collect$$$$0000000C) refers to audioinput.o(i.main) for main
    init.o(.text) refers to entry5.o(.ARM.Collect$$$$00000004) for __main_after_scatterload


==============================================================================

Removing Unused input sections from the image.

    Removing audioinput.o(.rev16_text), (4 bytes).
    Removing audioinput.o(.revsh_text), (4 bytes).
    Removing audioinput.o(i.Audio_Init), (24 bytes).
    Removing audioinput.o(i.Audio_Reset_Data_Buffer), (2 bytes).
    Removing audioinput.o(i.CALLBACK_Audio_Device_GetSetInterfaceProperty), (4 bytes).
    Removing audioinput.o(i.EVENT_USB_Device_Connect), (2 bytes).
    Removing audioinput.o(i.EVENT_USB_Device_Disconnect), (2 bytes).
    Removing descriptors.o(.rev16_text), (4 bytes).
    Removing descriptors.o(.revsh_text), (4 bytes).
    Removing usbrom.o(.rev16_text), (4 bytes).
    Removing usbrom.o(.revsh_text), (4 bytes).
    Removing audioclassdevice.o(.rev16_text), (4 bytes).
    Removing audioclassdevice.o(.revsh_text), (4 bytes).
    Removing usbcontroller.o(.rev16_text), (4 bytes).
    Removing usbcontroller.o(.revsh_text), (4 bytes).
    Removing usbcontroller.o(i.USB_Disable), (44 bytes).
    Removing usbcontroller.o(.data), (1 bytes).
    Removing usbtask.o(.rev16_text), (4 bytes).
    Removing usbtask.o(.revsh_text), (4 bytes).
    Removing board_ngx_xplorer_18304330.o(.rev16_text), (4 bytes).
    Removing board_ngx_xplorer_18304330.o(.revsh_text), (4 bytes).
    Removing board_ngx_xplorer_18304330.o(i.Board_Audio_CodecInit), (84 bytes).
    Removing board_ngx_xplorer_18304330.o(i.Board_Audio_Init), (52 bytes).
    Removing board_ngx_xplorer_18304330.o(i.Board_Debug_Init), (56 bytes).
    Removing board_ngx_xplorer_18304330.o(i.Board_ENET_GetMacADDR), (32 bytes).
    Removing board_ngx_xplorer_18304330.o(i.Board_GPIO_Int_Init), (64 bytes).
    Removing board_ngx_xplorer_18304330.o(i.Board_I2C_Init), (44 bytes).
    Removing board_ngx_xplorer_18304330.o(i.Board_Joystick_Init), (2 bytes).
    Removing board_ngx_xplorer_18304330.o(i.Board_LED_Test), (40 bytes).
    Removing board_ngx_xplorer_18304330.o(i.Board_SDMMC_Init), (68 bytes).
    Removing board_ngx_xplorer_18304330.o(i.Board_SSP_Init), (60 bytes).
    Removing board_ngx_xplorer_18304330.o(i.Board_UARTGetChar), (32 bytes).
    Removing board_ngx_xplorer_18304330.o(i.Board_UARTPutChar), (24 bytes).
    Removing board_ngx_xplorer_18304330.o(i.Board_UARTPutSTR), (20 bytes).
    Removing board_ngx_xplorer_18304330.o(i.Board_UART_Init), (68 bytes).
    Removing board_ngx_xplorer_18304330.o(i.Chip_ENET_IsMIIBusy), (4 bytes).
    Removing board_ngx_xplorer_18304330.o(i.Joystick_GetStatus), (4 bytes).
    Removing board_ngx_xplorer_18304330.o(i.Serial_CreateStream), (2 bytes).
    Removing board_ngx_xplorer_18304330.o(i._sys_exit), (2 bytes).
    Removing board_ngx_xplorer_18304330.o(i._sys_open), (4 bytes).
    Removing board_ngx_xplorer_18304330.o(i.ferror), (6 bytes).
    Removing board_ngx_xplorer_18304330.o(i.fgetc), (4 bytes).
    Removing board_ngx_xplorer_18304330.o(i.fputc), (4 bytes).
    Removing board_ngx_xplorer_18304330.o(i.lpcPHYStsPoll), (104 bytes).
    Removing board_ngx_xplorer_18304330.o(i.lpc_mii_write), (60 bytes).
    Removing board_ngx_xplorer_18304330.o(i.lpc_phy_init), (136 bytes).
    Removing board_ngx_xplorer_18304330.o(i.smsc_update_phy_sts), (100 bytes).
    Removing board_ngx_xplorer_18304330.o(.data), (4 bytes).
    Removing board_ngx_xplorer_18304330.o(.data), (4 bytes).
    Removing board_ngx_xplorer_18304330.o(.data), (4 bytes).
    Removing sysinit_ngx_xplorer_18304330.o(.rev16_text), (4 bytes).
    Removing sysinit_ngx_xplorer_18304330.o(.revsh_text), (4 bytes).
    Removing devicestandardreq.o(.rev16_text), (4 bytes).
    Removing devicestandardreq.o(.revsh_text), (4 bytes).
    Removing endpoint.o(.rev16_text), (4 bytes).
    Removing endpoint.o(.revsh_text), (4 bytes).
    Removing endpoint.o(i.Endpoint_ClearEndpoints), (32 bytes).
    Removing endpoint.o(i.Endpoint_ConfigureEndpoint_Prv), (36 bytes).
    Removing endpoint.o(i.Endpoint_WaitUntilReady), (4 bytes).
    Removing endpointstream.o(.rev16_text), (4 bytes).
    Removing endpointstream.o(.revsh_text), (4 bytes).
    Removing endpointstream.o(i.Endpoint_Discard_Stream), (132 bytes).
    Removing endpointstream.o(i.Endpoint_Null_Stream), (200 bytes).
    Removing endpointstream.o(i.Endpoint_Read_Control_Stream_BE), (4 bytes).
    Removing endpointstream.o(i.Endpoint_Read_Stream_BE), (4 bytes).
    Removing endpointstream.o(i.Endpoint_Write_Control_Stream_BE), (4 bytes).
    Removing endpointstream.o(i.Endpoint_Write_Stream_BE), (92 bytes).
    Removing hal_lpc18xx.o(.rev16_text), (4 bytes).
    Removing hal_lpc18xx.o(.revsh_text), (4 bytes).
    Removing hal_lpc18xx.o(i.HAL_DisableUSBInterrupt), (28 bytes).
    Removing hal_lpc18xx.o(i.HAL_USBDeInit), (164 bytes).
    Removing endpoint_lpc18xx.o(.rev16_text), (4 bytes).
    Removing endpoint_lpc18xx.o(.revsh_text), (4 bytes).
    Removing endpoint_lpc18xx.o(i.Dummy_EPGetISOAddress), (8 bytes).
    Removing enet_001.o(.rev16_text), (4 bytes).
    Removing enet_001.o(.revsh_text), (4 bytes).
    Removing enet_001.o(i.IP_ENET_DeInit), (18 bytes).
    Removing enet_001.o(i.IP_ENET_Init), (56 bytes).
    Removing enet_001.o(i.IP_ENET_InitDescriptors), (10 bytes).
    Removing enet_001.o(i.IP_ENET_IsMIIBusy), (10 bytes).
    Removing enet_001.o(i.IP_ENET_Reset), (14 bytes).
    Removing enet_001.o(i.IP_ENET_SetADDR), (18 bytes).
    Removing enet_001.o(i.IP_ENET_SetDuplex), (20 bytes).
    Removing enet_001.o(i.IP_ENET_SetSpeed), (20 bytes).
    Removing enet_001.o(i.IP_ENET_SetupMII), (16 bytes).
    Removing enet_001.o(i.IP_ENET_StartMIIRead), (24 bytes).
    Removing enet_001.o(i.IP_ENET_StartMIIWrite), (32 bytes).
    Removing enet_001.o(.data), (4 bytes).
    Removing gpiopinint_001.o(.rev16_text), (4 bytes).
    Removing gpiopinint_001.o(.revsh_text), (4 bytes).
    Removing gpiopinint_001.o(i.IP_GPIOPININT_IntCmd), (76 bytes).
    Removing usart_001.o(.rev16_text), (4 bytes).
    Removing usart_001.o(.revsh_text), (4 bytes).
    Removing usart_001.o(i.IP_UART_ABClearIntPending), (8 bytes).
    Removing usart_001.o(i.IP_UART_ABCmd), (56 bytes).
    Removing usart_001.o(i.IP_UART_CheckBusy), (14 bytes).
    Removing usart_001.o(i.IP_UART_ConfigData), (18 bytes).
    Removing usart_001.o(i.IP_UART_DeInit), (6 bytes).
    Removing usart_001.o(i.IP_UART_FIFOConfig), (64 bytes).
    Removing usart_001.o(i.IP_UART_FIFOConfigStructInit), (14 bytes).
    Removing usart_001.o(i.IP_UART_ForceBreak), (10 bytes).
    Removing usart_001.o(i.IP_UART_GetLineStatus), (6 bytes).
    Removing usart_001.o(i.IP_UART_Init), (72 bytes).
    Removing usart_001.o(i.IP_UART_IntConfig), (72 bytes).
    Removing usart_001.o(i.IP_UART_IntGetStatus), (10 bytes).
    Removing usart_001.o(i.IP_UART_Receive), (82 bytes).
    Removing usart_001.o(i.IP_UART_ReceiveByte), (18 bytes).
    Removing usart_001.o(i.IP_UART_Send), (82 bytes).
    Removing usart_001.o(i.IP_UART_SendByte), (16 bytes).
    Removing usart_001.o(i.IP_UART_SetBaud), (252 bytes).
    Removing usart_001.o(i.IP_UART_TxCmd), (36 bytes).
    Removing clock_18xx_43xx.o(.rev16_text), (4 bytes).
    Removing clock_18xx_43xx.o(.revsh_text), (4 bytes).
    Removing clock_18xx_43xx.o(i.Chip_Clock_ClearPowerDown), (20 bytes).
    Removing clock_18xx_43xx.o(i.Chip_Clock_Disable), (52 bytes).
    Removing clock_18xx_43xx.o(i.Chip_Clock_DisableBaseClock), (24 bytes).
    Removing clock_18xx_43xx.o(i.Chip_Clock_DisableCrystal), (16 bytes).
    Removing clock_18xx_43xx.o(i.Chip_Clock_DisablePLL), (20 bytes).
    Removing clock_18xx_43xx.o(i.Chip_Clock_Enable), (52 bytes).
    Removing clock_18xx_43xx.o(i.Chip_Clock_EnableMainPLL), (16 bytes).
    Removing clock_18xx_43xx.o(i.Chip_Clock_GetBaseClockOpts), (52 bytes).
    Removing clock_18xx_43xx.o(i.Chip_Clock_IsBaseClockEnabled), (28 bytes).
    Removing clock_18xx_43xx.o(i.Chip_Clock_MainPLLLocked), (16 bytes).
    Removing clock_18xx_43xx.o(i.Chip_Clock_StartPowerDown), (20 bytes).
    Removing i2s_18xx_43xx.o(.rev16_text), (4 bytes).
    Removing i2s_18xx_43xx.o(.revsh_text), (4 bytes).
    Removing i2s_18xx_43xx.o(i.Chip_I2S_Config), (326 bytes).
    Removing i2s_18xx_43xx.o(i.Chip_I2S_DMA_Cmd), (34 bytes).
    Removing i2s_18xx_43xx.o(i.Chip_I2S_DeInit), (36 bytes).
    Removing i2s_18xx_43xx.o(i.Chip_I2S_Init), (36 bytes).
    Removing i2s_18xx_43xx.o(i.Chip_I2S_Int_Cmd), (26 bytes).
    Removing i2s_18xx_43xx.o(.data), (1 bytes).
    Removing uart_18xx_43xx.o(.rev16_text), (4 bytes).
    Removing uart_18xx_43xx.o(.revsh_text), (4 bytes).
    Removing uart_18xx_43xx.o(i.Chip_UART_DeInit), (30 bytes).
    Removing uart_18xx_43xx.o(i.Chip_UART_DetermineClk), (40 bytes).
    Removing uart_18xx_43xx.o(i.Chip_UART_GetABEOStatus), (12 bytes).
    Removing uart_18xx_43xx.o(i.Chip_UART_GetIntStatus), (78 bytes).
    Removing uart_18xx_43xx.o(i.Chip_UART_Get_UARTNum), (48 bytes).
    Removing uart_18xx_43xx.o(i.Chip_UART_Init), (38 bytes).
    Removing uart_18xx_43xx.o(i.Chip_UART_InitRingBuffer), (28 bytes).
    Removing uart_18xx_43xx.o(i.Chip_UART_IntConfig), (4 bytes).
    Removing uart_18xx_43xx.o(i.Chip_UART_Interrupt_Handler), (268 bytes).
    Removing uart_18xx_43xx.o(i.Chip_UART_Interrupt_Receive), (84 bytes).
    Removing uart_18xx_43xx.o(i.Chip_UART_Interrupt_Transmit), (192 bytes).
    Removing uart_18xx_43xx.o(i.Chip_UART_Send), (4 bytes).
    Removing uart_18xx_43xx.o(i.Chip_UART_SetBaud), (28 bytes).
    Removing uart_18xx_43xx.o(i.Chip_UART_TxCmd), (24 bytes).
    Removing uart_18xx_43xx.o(.bss), (528 bytes).
    Removing uart_18xx_43xx.o(.data), (2 bytes).
    Removing scu_18xx_43xx.o(.rev16_text), (4 bytes).
    Removing scu_18xx_43xx.o(.revsh_text), (4 bytes).
    Removing scu_18xx_43xx.o(i.Chip_SCU_GPIOIntPinSel), (56 bytes).
    Removing uda1380.o(.rev16_text), (4 bytes).
    Removing uda1380.o(.revsh_text), (4 bytes).
    Removing uda1380.o(i.Audio_Codec_SetDefaultValues), (28 bytes).
    Removing uda1380.o(i.UDA1380_Init), (136 bytes).
    Removing uda1380.o(i.UDA1380_REG_Read), (34 bytes).
    Removing uda1380.o(i.UDA1380_REG_VerifyMult), (56 bytes).
    Removing uda1380.o(i.UDA1380_REG_Write), (30 bytes).
    Removing uda1380.o(i.UDA1380_REG_WriteMult), (28 bytes).
    Removing uda1380.o(i.UDA1380_REG_WriteVerify), (28 bytes).
    Removing uda1380.o(.constdata), (31 bytes).
    Removing i2s_001.o(.rev16_text), (4 bytes).
    Removing i2s_001.o(.revsh_text), (4 bytes).
    Removing i2s_001.o(i.IP_I2S_DMACmd), (84 bytes).
    Removing i2s_001.o(i.IP_I2S_DeInit), (26 bytes).
    Removing i2s_001.o(i.IP_I2S_GetIntStatus), (26 bytes).
    Removing i2s_001.o(i.IP_I2S_GetLevel), (16 bytes).
    Removing i2s_001.o(i.IP_I2S_Init), (2 bytes).
    Removing i2s_001.o(i.IP_I2S_InterruptCmd), (36 bytes).
    Removing i2s_001.o(i.IP_I2S_ModeConfig), (18 bytes).
    Removing i2s_001.o(i.IP_I2S_Pause), (22 bytes).
    Removing i2s_001.o(i.IP_I2S_Receive), (4 bytes).
    Removing i2s_001.o(i.IP_I2S_Send), (4 bytes).
    Removing i2s_001.o(i.IP_I2S_SetBitRate), (10 bytes).
    Removing i2s_001.o(i.IP_I2S_SetFIFODepthDMA), (76 bytes).
    Removing i2s_001.o(i.IP_I2S_SetFIFODepthIRQ), (32 bytes).
    Removing i2s_001.o(i.IP_I2S_SetMasterSlaveMode), (26 bytes).
    Removing i2s_001.o(i.IP_I2S_SetMono), (26 bytes).
    Removing i2s_001.o(i.IP_I2S_SetWS_Halfperiod), (34 bytes).
    Removing i2s_001.o(i.IP_I2S_SetWordWidth), (26 bytes).
    Removing i2s_001.o(i.IP_I2S_SetXYDivider), (14 bytes).
    Removing i2s_001.o(i.IP_I2S_Start), (24 bytes).
    Removing i2s_001.o(i.IP_I2S_Stop), (30 bytes).
    Removing i2c_18xx_43xx.o(.rev16_text), (4 bytes).
    Removing i2c_18xx_43xx.o(.revsh_text), (4 bytes).
    Removing i2c_18xx_43xx.o(i.Chip_I2C_DeInit), (28 bytes).
    Removing i2c_18xx_43xx.o(i.Chip_I2C_Disable), (20 bytes).
    Removing i2c_18xx_43xx.o(i.Chip_I2C_EventHandler), (32 bytes).
    Removing i2c_18xx_43xx.o(i.Chip_I2C_EventHandlerPolling), (52 bytes).
    Removing i2c_18xx_43xx.o(i.Chip_I2C_GetClockRate), (40 bytes).
    Removing i2c_18xx_43xx.o(i.Chip_I2C_GetMasterEventHandler), (20 bytes).
    Removing i2c_18xx_43xx.o(i.Chip_I2C_Init), (32 bytes).
    Removing i2c_18xx_43xx.o(i.Chip_I2C_IsMasterActive), (32 bytes).
    Removing i2c_18xx_43xx.o(i.Chip_I2C_IsStateChanged), (24 bytes).
    Removing i2c_18xx_43xx.o(i.Chip_I2C_MasterCmdRead), (56 bytes).
    Removing i2c_18xx_43xx.o(i.Chip_I2C_MasterRead), (48 bytes).
    Removing i2c_18xx_43xx.o(i.Chip_I2C_MasterSend), (48 bytes).
    Removing i2c_18xx_43xx.o(i.Chip_I2C_MasterStateHandler), (48 bytes).
    Removing i2c_18xx_43xx.o(i.Chip_I2C_MasterTransfer), (100 bytes).
    Removing i2c_18xx_43xx.o(i.Chip_I2C_SetClockRate), (44 bytes).
    Removing i2c_18xx_43xx.o(i.Chip_I2C_SetMasterEventHandler), (36 bytes).
    Removing i2c_18xx_43xx.o(i.Chip_I2C_SlaveSetup), (112 bytes).
    Removing i2c_18xx_43xx.o(i.Chip_I2C_SlaveStateHandler), (104 bytes).
    Removing i2c_18xx_43xx.o(.bss), (80 bytes).
    Removing i2c_18xx_43xx.o(.data), (56 bytes).
    Removing i2c_001.o(.rev16_text), (4 bytes).
    Removing i2c_001.o(.revsh_text), (4 bytes).
    Removing i2c_001.o(i.IP_I2C_GetSlaveIndex), (46 bytes).
    Removing i2c_001.o(i.IP_I2C_MasterXfer_StateHandler), (176 bytes).
    Removing i2c_001.o(i.IP_I2C_SlaveIndexLookup), (90 bytes).
    Removing i2c_001.o(i.IP_I2C_SlaveMatchAddr), (20 bytes).
    Removing i2c_001.o(i.IP_I2C_SlaveXfer_StateHandler), (152 bytes).

214 unused section(s) (total 7863 bytes) removed from the image.

==============================================================================

Image Symbol Table

    Local Symbols

    Symbol Name                              Value     Ov Type        Size  Object(Section)

    ../clib/../cmprslib/zerorunl2.c          0x00000000   Number         0  __dczerorl2.o ABSOLUTE
    ../clib/microlib/division.c              0x00000000   Number         0  uldiv.o ABSOLUTE
    ../clib/microlib/init/entry.s            0x00000000   Number         0  entry.o ABSOLUTE
    ../clib/microlib/init/entry.s            0x00000000   Number         0  entry10a.o ABSOLUTE
    ../clib/microlib/init/entry.s            0x00000000   Number         0  entry2.o ABSOLUTE
    ../clib/microlib/init/entry.s            0x00000000   Number         0  entry11b.o ABSOLUTE
    ../clib/microlib/init/entry.s            0x00000000   Number         0  entry7a.o ABSOLUTE
    ../clib/microlib/init/entry.s            0x00000000   Number         0  entry5.o ABSOLUTE
    ../clib/microlib/init/entry.s            0x00000000   Number         0  entry11a.o ABSOLUTE
    ../clib/microlib/init/entry.s            0x00000000   Number         0  entry7b.o ABSOLUTE
    ../clib/microlib/init/entry.s            0x00000000   Number         0  entry8a.o ABSOLUTE
    ../clib/microlib/init/entry.s            0x00000000   Number         0  entry8b.o ABSOLUTE
    ../clib/microlib/init/entry.s            0x00000000   Number         0  entry9a.o ABSOLUTE
    ../clib/microlib/init/entry.s            0x00000000   Number         0  entry9b.o ABSOLUTE
    ../clib/microlib/init/entry.s            0x00000000   Number         0  entry10b.o ABSOLUTE
    ../clib/microlib/longlong.c              0x00000000   Number         0  llushr.o ABSOLUTE
    ../clib/microlib/longlong.c              0x00000000   Number         0  llshl.o ABSOLUTE
    ../clib/microlib/malloc/malloc.c         0x00000000   Number         0  malloca.o ABSOLUTE
    ../clib/microlib/malloc/malloc.c         0x00000000   Number         0  mallocr.o ABSOLUTE
    ../clib/microlib/malloc/malloc.c         0x00000000   Number         0  malloc.o ABSOLUTE
    ../clib/microlib/malloc/malloc.c         0x00000000   Number         0  mallocra.o ABSOLUTE
    ../clib/microlib/malloc/mvars.c          0x00000000   Number         0  mvars.o ABSOLUTE
    ../clib/microlib/string/memcpy.c         0x00000000   Number         0  memcpyb.o ABSOLUTE
    ../clib/microlib/string/memcpy.c         0x00000000   Number         0  memcpya.o ABSOLUTE
    ../clib/microlib/string/memset.c         0x00000000   Number         0  memseta.o ABSOLUTE
    ..\..\..\..\LPCUSBlib\lpcusblib_AudioInputDevice\AudioInput.c 0x00000000   Number         0  audioinput.o ABSOLUTE
    ..\..\..\..\LPCUSBlib\lpcusblib_AudioInputDevice\Descriptors.c 0x00000000   Number         0  descriptors.o ABSOLUTE
    ..\..\..\..\LPCUSBlib\lpcusblib_AudioInputDevice\Lib\UsbRom.c 0x00000000   Number         0  usbrom.o ABSOLUTE
    ..\..\Drivers\USB\Class\Device\AudioClassDevice.c 0x00000000   Number         0  audioclassdevice.o ABSOLUTE
    ..\..\Drivers\USB\Core\DCD\LPC18XX\Endpoint_LPC18xx.c 0x00000000   Number         0  endpoint_lpc18xx.o ABSOLUTE
    ..\..\Drivers\USB\Core\DeviceStandardReq.c 0x00000000   Number         0  devicestandardreq.o ABSOLUTE
    ..\..\Drivers\USB\Core\Endpoint.c        0x00000000   Number         0  endpoint.o ABSOLUTE
    ..\..\Drivers\USB\Core\EndpointStream.c  0x00000000   Number         0  endpointstream.o ABSOLUTE
    ..\..\Drivers\USB\Core\Events.c          0x00000000   Number         0  events.o ABSOLUTE
    ..\..\Drivers\USB\Core\HAL\LPC18XX\HAL_LPC18xx.c 0x00000000   Number         0  hal_lpc18xx.o ABSOLUTE
    ..\..\Drivers\USB\Core\USBController.c   0x00000000   Number         0  usbcontroller.o ABSOLUTE
    ..\..\Drivers\USB\Core\USBTask.c         0x00000000   Number         0  usbtask.o ABSOLUTE
    ..\..\lpc_chip\chip_18xx_43xx\clock_18xx_43xx.c 0x00000000   Number         0  clock_18xx_43xx.o ABSOLUTE
    ..\..\lpc_chip\chip_18xx_43xx\i2c_18xx_43xx.c 0x00000000   Number         0  i2c_18xx_43xx.o ABSOLUTE
    ..\..\lpc_chip\chip_18xx_43xx\i2s_18xx_43xx.c 0x00000000   Number         0  i2s_18xx_43xx.o ABSOLUTE
    ..\..\lpc_chip\chip_18xx_43xx\scu_18xx_43xx.c 0x00000000   Number         0  scu_18xx_43xx.o ABSOLUTE
    ..\..\lpc_chip\chip_18xx_43xx\uart_18xx_43xx.c 0x00000000   Number         0  uart_18xx_43xx.o ABSOLUTE
    ..\..\lpc_ip\enet_001.c                  0x00000000   Number         0  enet_001.o ABSOLUTE
    ..\..\lpc_ip\fpu_init.c                  0x00000000   Number         0  fpu_init.o ABSOLUTE
    ..\..\lpc_ip\gpiopinint_001.c            0x00000000   Number         0  gpiopinint_001.o ABSOLUTE
    ..\..\lpc_ip\i2c_001.c                   0x00000000   Number         0  i2c_001.o ABSOLUTE
    ..\..\lpc_ip\i2s_001.c                   0x00000000   Number         0  i2s_001.o ABSOLUTE
    ..\..\lpc_ip\usart_001.c                 0x00000000   Number         0  usart_001.o ABSOLUTE
    ..\\..\\..\\..\\LPCUSBlib\\lpcusblib_AudioInputDevice\\AudioInput.c 0x00000000   Number         0  audioinput.o ABSOLUTE
    ..\\..\\..\\..\\LPCUSBlib\\lpcusblib_AudioInputDevice\\Descriptors.c 0x00000000   Number         0  descriptors.o ABSOLUTE
    ..\\..\\..\\..\\LPCUSBlib\\lpcusblib_AudioInputDevice\\Lib\\UsbRom.c 0x00000000   Number         0  usbrom.o ABSOLUTE
    ..\\..\\Drivers\\USB\\Class\\Device\\AudioClassDevice.c 0x00000000   Number         0  audioclassdevice.o ABSOLUTE
    ..\\..\\Drivers\\USB\\Core\\DCD\\LPC18XX\\Endpoint_LPC18xx.c 0x00000000   Number         0  endpoint_lpc18xx.o ABSOLUTE
    ..\\..\\Drivers\\USB\\Core\\DeviceStandardReq.c 0x00000000   Number         0  devicestandardreq.o ABSOLUTE
    ..\\..\\Drivers\\USB\\Core\\Endpoint.c   0x00000000   Number         0  endpoint.o ABSOLUTE
    ..\\..\\Drivers\\USB\\Core\\EndpointStream.c 0x00000000   Number         0  endpointstream.o ABSOLUTE
    ..\\..\\Drivers\\USB\\Core\\HAL\\LPC18XX\\HAL_LPC18xx.c 0x00000000   Number         0  hal_lpc18xx.o ABSOLUTE
    ..\\..\\Drivers\\USB\\Core\\USBController.c 0x00000000   Number         0  usbcontroller.o ABSOLUTE
    ..\\..\\Drivers\\USB\\Core\\USBTask.c    0x00000000   Number         0  usbtask.o ABSOLUTE
    ..\\..\\lpc_chip\\chip_18xx_43xx\\clock_18xx_43xx.c 0x00000000   Number         0  clock_18xx_43xx.o ABSOLUTE
    ..\\..\\lpc_chip\\chip_18xx_43xx\\i2c_18xx_43xx.c 0x00000000   Number         0  i2c_18xx_43xx.o ABSOLUTE
    ..\\..\\lpc_chip\\chip_18xx_43xx\\i2s_18xx_43xx.c 0x00000000   Number         0  i2s_18xx_43xx.o ABSOLUTE
    ..\\..\\lpc_chip\\chip_18xx_43xx\\scu_18xx_43xx.c 0x00000000   Number         0  scu_18xx_43xx.o ABSOLUTE
    ..\\..\\lpc_chip\\chip_18xx_43xx\\uart_18xx_43xx.c 0x00000000   Number         0  uart_18xx_43xx.o ABSOLUTE
    ..\\..\\lpc_ip\\enet_001.c               0x00000000   Number         0  enet_001.o ABSOLUTE
    ..\\..\\lpc_ip\\gpiopinint_001.c         0x00000000   Number         0  gpiopinint_001.o ABSOLUTE
    ..\\..\\lpc_ip\\i2c_001.c                0x00000000   Number         0  i2c_001.o ABSOLUTE
    ..\\..\\lpc_ip\\i2s_001.c                0x00000000   Number         0  i2s_001.o ABSOLUTE
    ..\\..\\lpc_ip\\usart_001.c              0x00000000   Number         0  usart_001.o ABSOLUTE
    ..\\board_common\\uda1380.c              0x00000000   Number         0  uda1380.o ABSOLUTE
    ..\board_common\uda1380.c                0x00000000   Number         0  uda1380.o ABSOLUTE
    ..\startup_code\keil_startup_lpc18xx43xx.s 0x00000000   Number         0  keil_startup_lpc18xx43xx.o ABSOLUTE
    dc.s                                     0x00000000   Number         0  dc.o ABSOLUTE
    handlers.s                               0x00000000   Number         0  handlers.o ABSOLUTE
    init.s                                   0x00000000   Number         0  init.o ABSOLUTE
    ngx_xplorer_18304330\\board_ngx_xplorer_18304330.c 0x00000000   Number         0  board_ngx_xplorer_18304330.o ABSOLUTE
    ngx_xplorer_18304330\\sysinit_ngx_xplorer_18304330.c 0x00000000   Number         0  sysinit_ngx_xplorer_18304330.o ABSOLUTE
    ngx_xplorer_18304330\board_ngx_xplorer_18304330.c 0x00000000   Number         0  board_ngx_xplorer_18304330.o ABSOLUTE
    ngx_xplorer_18304330\sysinit_ngx_xplorer_18304330.c 0x00000000   Number         0  sysinit_ngx_xplorer_18304330.o ABSOLUTE
    RESET                                    0x10000000   Section      276  keil_startup_lpc18xx43xx.o(RESET)
    .ARM.Collect$$$$00000000                 0x10000114   Section        0  entry.o(.ARM.Collect$$$$00000000)
    .ARM.Collect$$$$00000001                 0x10000114   Section        4  entry2.o(.ARM.Collect$$$$00000001)
    .ARM.Collect$$$$00000004                 0x10000118   Section        4  entry5.o(.ARM.Collect$$$$00000004)
    .ARM.Collect$$$$00000008                 0x1000011c   Section        0  entry7b.o(.ARM.Collect$$$$00000008)
    .ARM.Collect$$$$0000000A                 0x1000011c   Section        0  entry8b.o(.ARM.Collect$$$$0000000A)
    .ARM.Collect$$$$0000000B                 0x1000011c   Section        8  entry9a.o(.ARM.Collect$$$$0000000B)
    .ARM.Collect$$$$0000000D                 0x10000124   Section        0  entry10a.o(.ARM.Collect$$$$0000000D)
    .ARM.Collect$$$$0000000F                 0x10000124   Section        0  entry11a.o(.ARM.Collect$$$$0000000F)
    .ARM.Collect$$$$00002712                 0x10000124   Section        4  entry2.o(.ARM.Collect$$$$00002712)
    __lit__00000000                          0x10000124   Data           4  entry2.o(.ARM.Collect$$$$00002712)
    .text                                    0x10000128   Section       40  keil_startup_lpc18xx43xx.o(.text)
    $v0                                      0x10000128   Number         0  keil_startup_lpc18xx43xx.o(.text)
    .text                                    0x10000150   Section        0  memseta.o(.text)
    .text                                    0x10000174   Section       36  init.o(.text)
    .text                                    0x10000198   Section        0  __dczerorl2.o(.text)
    i.Audio_Device_ConfigureEndpoints        0x100001f4   Section        0  audioclassdevice.o(i.Audio_Device_ConfigureEndpoints)
    i.Audio_Device_Event_Stub                0x10000240   Section        0  audioclassdevice.o(i.Audio_Device_Event_Stub)
    i.Audio_Device_ProcessControlRequest     0x10000244   Section        0  audioclassdevice.o(i.Audio_Device_ProcessControlRequest)
    i.Board_Buttons_Init                     0x100004bc   Section        0  board_ngx_xplorer_18304330.o(i.Board_Buttons_Init)
    i.Board_Init                             0x100004dc   Section        0  board_ngx_xplorer_18304330.o(i.Board_Init)
    i.Board_LED_Set                          0x1000053c   Section        0  board_ngx_xplorer_18304330.o(i.Board_LED_Set)
    i.Buttons_GetStatus                      0x10000554   Section        0  board_ngx_xplorer_18304330.o(i.Buttons_GetStatus)
    i.CALLBACK_Audio_Device_GetSetEndpointProperty 0x10000570   Section        0  audioinput.o(i.CALLBACK_Audio_Device_GetSetEndpointProperty)
    i.CALLBACK_HAL_GetISOBufferAddress       0x100005d8   Section        0  audioinput.o(i.CALLBACK_HAL_GetISOBufferAddress)
    i.CALLBACK_USB_GetDescriptor             0x100005f8   Section        0  descriptors.o(i.CALLBACK_USB_GetDescriptor)
    i.Chip_CREG_EnableUSB0Phy                0x10000644   Section        0  hal_lpc18xx.o(i.Chip_CREG_EnableUSB0Phy)
    Chip_CREG_EnableUSB0Phy                  0x10000645   Thumb Code    22  hal_lpc18xx.o(i.Chip_CREG_EnableUSB0Phy)
    i.Chip_Clock_DisableMainPLL              0x10000660   Section        0  clock_18xx_43xx.o(i.Chip_Clock_DisableMainPLL)
    i.Chip_Clock_EnableBaseClock             0x10000670   Section        0  clock_18xx_43xx.o(i.Chip_Clock_EnableBaseClock)
    i.Chip_Clock_EnableCrystal               0x10000688   Section        0  clock_18xx_43xx.o(i.Chip_Clock_EnableCrystal)
    i.Chip_Clock_EnableOpts                  0x100006a4   Section        0  clock_18xx_43xx.o(i.Chip_Clock_EnableOpts)
    i.Chip_Clock_EnablePLL                   0x100006dc   Section        0  clock_18xx_43xx.o(i.Chip_Clock_EnablePLL)
    i.Chip_Clock_GetBaseClock                0x100006f0   Section        0  clock_18xx_43xx.o(i.Chip_Clock_GetBaseClock)
    i.Chip_Clock_GetBaseClocktHz             0x10000710   Section        0  clock_18xx_43xx.o(i.Chip_Clock_GetBaseClocktHz)
    i.Chip_Clock_GetClockInputHz             0x10000720   Section        0  clock_18xx_43xx.o(i.Chip_Clock_GetClockInputHz)
    i.Chip_Clock_GetDivRate                  0x1000077c   Section        0  clock_18xx_43xx.o(i.Chip_Clock_GetDivRate)
    Chip_Clock_GetDivRate                    0x1000077d   Thumb Code    34  clock_18xx_43xx.o(i.Chip_Clock_GetDivRate)
    i.Chip_Clock_GetDividerDivisor           0x100007a0   Section        0  clock_18xx_43xx.o(i.Chip_Clock_GetDividerDivisor)
    i.Chip_Clock_GetDividerSource            0x100007b4   Section        0  clock_18xx_43xx.o(i.Chip_Clock_GetDividerSource)
    i.Chip_Clock_GetMainPLLHz                0x100007d0   Section        0  clock_18xx_43xx.o(i.Chip_Clock_GetMainPLLHz)
    i.Chip_Clock_GetPLLStatus                0x1000082c   Section        0  clock_18xx_43xx.o(i.Chip_Clock_GetPLLStatus)
    i.Chip_Clock_GetRate                     0x1000083c   Section        0  clock_18xx_43xx.o(i.Chip_Clock_GetRate)
    i.Chip_Clock_SetBaseClock                0x100008b8   Section        0  clock_18xx_43xx.o(i.Chip_Clock_SetBaseClock)
    i.Chip_Clock_SetDivider                  0x100008f0   Section        0  clock_18xx_43xx.o(i.Chip_Clock_SetDivider)
    i.Chip_Clock_SetupMainPLLHz              0x10000924   Section        0  clock_18xx_43xx.o(i.Chip_Clock_SetupMainPLLHz)
    i.Chip_Clock_SetupMainPLLMult            0x100009a8   Section        0  clock_18xx_43xx.o(i.Chip_Clock_SetupMainPLLMult)
    i.Chip_Clock_SetupPLL                    0x10000a24   Section        0  clock_18xx_43xx.o(i.Chip_Clock_SetupPLL)
    i.Chip_Clock_TestMainPLLMultiplier       0x10000a48   Section        0  clock_18xx_43xx.o(i.Chip_Clock_TestMainPLLMultiplier)
    Chip_Clock_TestMainPLLMultiplier         0x10000a49   Thumb Code    20  clock_18xx_43xx.o(i.Chip_Clock_TestMainPLLMultiplier)
    i.Chip_GPIO_ReadPortBit                  0x10000a60   Section        0  board_ngx_xplorer_18304330.o(i.Chip_GPIO_ReadPortBit)
    Chip_GPIO_ReadPortBit                    0x10000a61   Thumb Code    14  board_ngx_xplorer_18304330.o(i.Chip_GPIO_ReadPortBit)
    i.Chip_GPIO_WriteDirBit                  0x10000a6e   Section        0  board_ngx_xplorer_18304330.o(i.Chip_GPIO_WriteDirBit)
    Chip_GPIO_WriteDirBit                    0x10000a6f   Thumb Code    26  board_ngx_xplorer_18304330.o(i.Chip_GPIO_WriteDirBit)
    i.Chip_SCU_PinMuxSet                     0x10000a88   Section        0  board_ngx_xplorer_18304330.o(i.Chip_SCU_PinMuxSet)
    Chip_SCU_PinMuxSet                       0x10000a89   Thumb Code    12  board_ngx_xplorer_18304330.o(i.Chip_SCU_PinMuxSet)
    i.DcdDataTransfer                        0x10000a98   Section        0  endpoint_lpc18xx.o(i.DcdDataTransfer)
    i.DcdInsertTD                            0x10000ba4   Section        0  endpoint_lpc18xx.o(i.DcdInsertTD)
    i.DcdIrqHandler                          0x10000bb4   Section        0  endpoint_lpc18xx.o(i.DcdIrqHandler)
    i.DcdPrepareTD                           0x10000cf0   Section        0  endpoint_lpc18xx.o(i.DcdPrepareTD)
    i.Dummy_EVENT_USB_Device_TransferComplete 0x10000d2e   Section        0  endpoint_lpc18xx.o(i.Dummy_EVENT_USB_Device_TransferComplete)
    i.EVENT_USB_Device_ConfigurationChanged  0x10000d30   Section        0  audioinput.o(i.EVENT_USB_Device_ConfigurationChanged)
    i.EVENT_USB_Device_ControlRequest        0x10000d3c   Section        0  audioinput.o(i.EVENT_USB_Device_ControlRequest)
    i.Endpoint_ClearStatusStage              0x10000d48   Section        0  endpoint.o(i.Endpoint_ClearStatusStage)
    i.Endpoint_ConfigureEndpoint             0x10000e08   Section        0  endpoint_lpc18xx.o(i.Endpoint_ConfigureEndpoint)
    i.Endpoint_GetSetupPackage               0x10000f20   Section        0  endpoint_lpc18xx.o(i.Endpoint_GetSetupPackage)
    i.Endpoint_Read_Control_Stream_LE        0x10000f40   Section        0  endpointstream.o(i.Endpoint_Read_Control_Stream_LE)
    i.Endpoint_Read_Stream_LE                0x10000ff4   Section        0  endpointstream.o(i.Endpoint_Read_Stream_LE)
    i.Endpoint_Streaming                     0x100010a0   Section        0  endpoint_lpc18xx.o(i.Endpoint_Streaming)
    i.Endpoint_Write_Control_Stream_LE       0x100011b4   Section        0  endpointstream.o(i.Endpoint_Write_Control_Stream_LE)
    i.Endpoint_Write_Stream_LE               0x10001228   Section        0  endpointstream.o(i.Endpoint_Write_Stream_LE)
    i.GPIO0_IRQHandler                       0x100012e0   Section        0  board_ngx_xplorer_18304330.o(i.GPIO0_IRQHandler)
    i.HAL_EnableUSBInterrupt                 0x10001314   Section        0  hal_lpc18xx.o(i.HAL_EnableUSBInterrupt)
    i.HAL_Reset                              0x10001330   Section        0  endpoint_lpc18xx.o(i.HAL_Reset)
    i.HAL_USBConnect                         0x10001458   Section        0  hal_lpc18xx.o(i.HAL_USBConnect)
    i.HAL_USBInit                            0x1000147c   Section        0  hal_lpc18xx.o(i.HAL_USBInit)
    i.SystemCoreClockUpdate                  0x10001538   Section        0  board_ngx_xplorer_18304330.o(i.SystemCoreClockUpdate)
    i.SystemInit                             0x1000154c   Section        0  sysinit_ngx_xplorer_18304330.o(i.SystemInit)
    i.SystemSetupClocking                    0x10001590   Section        0  sysinit_ngx_xplorer_18304330.o(i.SystemSetupClocking)
    SystemSetupClocking                      0x10001591   Thumb Code   218  sysinit_ngx_xplorer_18304330.o(i.SystemSetupClocking)
    i.TransferCompleteISR                    0x10001684   Section        0  endpoint_lpc18xx.o(i.TransferCompleteISR)
    i.USB0_IRQHandler                        0x1000183c   Section        0  hal_lpc18xx.o(i.USB0_IRQHandler)
    i.USB1_IRQHandler                        0x10001854   Section        0  hal_lpc18xx.o(i.USB1_IRQHandler)
    i.USB_Device_ClearSetFeature             0x10001868   Section        0  devicestandardreq.o(i.USB_Device_ClearSetFeature)
    USB_Device_ClearSetFeature               0x10001869   Thumb Code   258  devicestandardreq.o(i.USB_Device_ClearSetFeature)
    i.USB_Device_GetConfiguration            0x10001988   Section        0  devicestandardreq.o(i.USB_Device_GetConfiguration)
    USB_Device_GetConfiguration              0x10001989   Thumb Code   170  devicestandardreq.o(i.USB_Device_GetConfiguration)
    i.USB_Device_GetDescriptor               0x10001a58   Section        0  devicestandardreq.o(i.USB_Device_GetDescriptor)
    USB_Device_GetDescriptor                 0x10001a59   Thumb Code   144  devicestandardreq.o(i.USB_Device_GetDescriptor)
    i.USB_Device_GetStatus                   0x10001b08   Section        0  devicestandardreq.o(i.USB_Device_GetStatus)
    USB_Device_GetStatus                     0x10001b09   Thumb Code   308  devicestandardreq.o(i.USB_Device_GetStatus)
    i.USB_Device_ProcessControlRequest       0x10001c64   Section        0  devicestandardreq.o(i.USB_Device_ProcessControlRequest)
    i.USB_Device_SetAddress                  0x10001d5c   Section        0  devicestandardreq.o(i.USB_Device_SetAddress)
    USB_Device_SetAddress                    0x10001d5d   Thumb Code   144  devicestandardreq.o(i.USB_Device_SetAddress)
    i.USB_Device_SetConfiguration            0x10001e0c   Section        0  devicestandardreq.o(i.USB_Device_SetConfiguration)
    USB_Device_SetConfiguration              0x10001e0d   Thumb Code    70  devicestandardreq.o(i.USB_Device_SetConfiguration)
    i.USB_Event_Stub                         0x10001e68   Section        0  events.o(i.USB_Event_Stub)
    i.USB_Init                               0x10001e6c   Section        0  usbcontroller.o(i.USB_Init)
    i.USB_ResetInterface                     0x10001e94   Section        0  usbcontroller.o(i.USB_ResetInterface)
    i.USB_USBTask                            0x10001ee4   Section        0  usbtask.o(i.USB_USBTask)
    i.__scatterload_copy                     0x10001f1c   Section       14  handlers.o(i.__scatterload_copy)
    i.__scatterload_null                     0x10001f2a   Section        2  handlers.o(i.__scatterload_null)
    i.__scatterload_zeroinit                 0x10001f2c   Section       14  handlers.o(i.__scatterload_zeroinit)
    i.fpuInit                                0x10001f3c   Section        0  fpu_init.o(i.fpuInit)
    i.free                                   0x10001f78   Section        0  malloc.o(i.free)
    i.main                                   0x10001fc8   Section        0  audioinput.o(i.main)
    i.malloc                                 0x10002024   Section        0  malloc.o(i.malloc)
    .constdata                               0x10002090   Section      196  sysinit_ngx_xplorer_18304330.o(.constdata)
    InitClkStates                            0x10002090   Data          88  sysinit_ngx_xplorer_18304330.o(.constdata)
    spifipinmuxing                           0x100020e8   Data          24  sysinit_ngx_xplorer_18304330.o(.constdata)
    usbPLLSetup                              0x10002100   Data          16  sysinit_ngx_xplorer_18304330.o(.constdata)
    pinmuxing                                0x10002110   Data          68  sysinit_ngx_xplorer_18304330.o(.constdata)
    .constdata                               0x10002154   Section        8  hal_lpc18xx.o(.constdata)
    .constdata                               0x1000215c   Section       24  endpoint_lpc18xx.o(.constdata)
    .constdata                               0x10002174   Section       24  clock_18xx_43xx.o(.constdata)
    periph_to_base                           0x10002174   Data          24  clock_18xx_43xx.o(.constdata)
    .data                                    0x10080000   Section       22  audioinput.o(.data)
    .data                                    0x10080018   Section      143  descriptors.o(.data)
    .data                                    0x100800a7   Section        4  descriptors.o(.data)
    .data                                    0x100800ab   Section        8  descriptors.o(.data)
    .data                                    0x100800b3   Section       54  descriptors.o(.data)
    .data                                    0x100800e9   Section        2  usbcontroller.o(.data)
    .data                                    0x100800eb   Section        1  usbtask.o(.data)
    .data                                    0x100800ec   Section        8  usbtask.o(.data)
    .data                                    0x100800f4   Section        2  usbtask.o(.data)
    .data                                    0x100800f8   Section       24  board_ngx_xplorer_18304330.o(.data)
    On                                       0x100800f8   Data           1  board_ngx_xplorer_18304330.o(.data)
    sts                                      0x100800fa   Data           2  board_ngx_xplorer_18304330.o(.data)
    physts                                   0x100800fc   Data           4  board_ngx_xplorer_18304330.o(.data)
    olddphysts                               0x10080100   Data           4  board_ngx_xplorer_18304330.o(.data)
    phyustate                                0x10080104   Data           4  board_ngx_xplorer_18304330.o(.data)
    pDelayMs                                 0x10080108   Data           4  board_ngx_xplorer_18304330.o(.data)
    .data                                    0x10080110   Section        3  devicestandardreq.o(.data)
    .data                                    0x10080114   Section        8  endpoint.o(.data)
    .data                                    0x1008011c   Section       36  endpoint.o(.data)
    .data                                    0x10080140   Section        8  endpoint.o(.data)
    .data                                    0x10080148   Section        2  hal_lpc18xx.o(.data)
    coreEnabled                              0x10080148   Data           2  hal_lpc18xx.o(.data)
    .data                                    0x1008014c   Section        4  mvars.o(.data)
    .data                                    0x10080150   Section        4  mvars.o(.data)
    .bss                                     0x10080154   Section     1024  audioinput.o(.bss)
    .bss                                     0x10080580   Section     2048  endpoint.o(.bss)
    .bss                                     0x10080d80   Section     1024  endpoint.o(.bss)
    .bss                                     0x10081800   Section      768  endpoint_lpc18xx.o(.bss)
    .bss                                     0x10082000   Section      512  endpoint_lpc18xx.o(.bss)
    .bss                                     0x10082200   Section      384  endpoint_lpc18xx.o(.bss)
    .bss                                     0x10082380   Section      256  endpoint_lpc18xx.o(.bss)
    .bss                                     0x10082480   Section      512  endpoint_lpc18xx.o(.bss)
    .bss                                     0x10082680   Section      512  endpoint_lpc18xx.o(.bss)
    .bss                                     0x10082880   Section      560  endpoint_lpc18xx.o(.bss)
    Stream_Variable                          0x10082a80   Data          48  endpoint_lpc18xx.o(.bss)
    HEAP                                     0x10082ab0   Section     4096  keil_startup_lpc18xx43xx.o(HEAP)
    STACK                                    0x10083ab0   Section      512  keil_startup_lpc18xx43xx.o(STACK)

    Global Symbols

    Symbol Name                              Value     Ov Type        Size  Object(Section)

    BuildAttributes$$THM_ISAv4$E$P$D$K$B$S$7EM$VFPi3$EXTD16$VFPS$VFMA$PE$A:L22UL41UL21$X:L11$S22US41US21$IEEE1$IW$USESV6$~STKCKD$USESV7$~SHL$OSPACE$EBA8$MICROLIB$REQ8$PRES8$EABIv2 0x00000000   Number         0  anon$$obj.o ABSOLUTE
    __ARM_use_no_argv                        0x00000000   Number         0  audioinput.o ABSOLUTE
    __cpp_initialize__aeabi_                  - Undefined Weak Reference
    __cxa_finalize                            - Undefined Weak Reference
    _clock_init                               - Undefined Weak Reference
    _microlib_exit                            - Undefined Weak Reference
    __Vectors                                0x10000000   Data           4  keil_startup_lpc18xx43xx.o(RESET)
    __main                                   0x10000115   Thumb Code     0  entry.o(.ARM.Collect$$$$00000000)
    _main_stk                                0x10000115   Thumb Code     0  entry2.o(.ARM.Collect$$$$00000001)
    _main_scatterload                        0x10000119   Thumb Code     0  entry5.o(.ARM.Collect$$$$00000004)
    __main_after_scatterload                 0x1000011d   Thumb Code     0  entry5.o(.ARM.Collect$$$$00000004)
    _main_clock                              0x1000011d   Thumb Code     0  entry7b.o(.ARM.Collect$$$$00000008)
    _main_cpp_init                           0x1000011d   Thumb Code     0  entry8b.o(.ARM.Collect$$$$0000000A)
    _main_init                               0x1000011d   Thumb Code     0  entry9a.o(.ARM.Collect$$$$0000000B)
    __rt_final_cpp                           0x10000125   Thumb Code     0  entry10a.o(.ARM.Collect$$$$0000000D)
    __rt_final_exit                          0x10000125   Thumb Code     0  entry11a.o(.ARM.Collect$$$$0000000F)
    Reset_Handler                            0x10000129   Thumb Code     8  keil_startup_lpc18xx43xx.o(.text)
    NMI_Handler                              0x10000131   Thumb Code     2  keil_startup_lpc18xx43xx.o(.text)
    HardFault_Handler                        0x10000133   Thumb Code     2  keil_startup_lpc18xx43xx.o(.text)
    MemManage_Handler                        0x10000135   Thumb Code     2  keil_startup_lpc18xx43xx.o(.text)
    BusFault_Handler                         0x10000137   Thumb Code     2  keil_startup_lpc18xx43xx.o(.text)
    UsageFault_Handler                       0x10000139   Thumb Code     2  keil_startup_lpc18xx43xx.o(.text)
    SVC_Handler                              0x1000013b   Thumb Code     2  keil_startup_lpc18xx43xx.o(.text)
    DebugMon_Handler                         0x1000013d   Thumb Code     2  keil_startup_lpc18xx43xx.o(.text)
    PendSV_Handler                           0x1000013f   Thumb Code     2  keil_startup_lpc18xx43xx.o(.text)
    SysTick_Handler                          0x10000141   Thumb Code     2  keil_startup_lpc18xx43xx.o(.text)
    UnHandled_Vector                         0x10000143   Thumb Code     2  keil_startup_lpc18xx43xx.o(.text)
    ADC0_IRQHandler                          0x10000145   Thumb Code     0  keil_startup_lpc18xx43xx.o(.text)
    ADC1_IRQHandler                          0x10000145   Thumb Code     0  keil_startup_lpc18xx43xx.o(.text)
    ATIMER_IRQHandler                        0x10000145   Thumb Code     0  keil_startup_lpc18xx43xx.o(.text)
    CAN0_IRQHandler                          0x10000145   Thumb Code     0  keil_startup_lpc18xx43xx.o(.text)
    CAN1_IRQHandler                          0x10000145   Thumb Code     0  keil_startup_lpc18xx43xx.o(.text)
    DAC_IRQHandler                           0x10000145   Thumb Code     0  keil_startup_lpc18xx43xx.o(.text)
    DMA_IRQHandler                           0x10000145   Thumb Code     0  keil_startup_lpc18xx43xx.o(.text)
    ETH_IRQHandler                           0x10000145   Thumb Code     0  keil_startup_lpc18xx43xx.o(.text)
    EVRT_IRQHandler                          0x10000145   Thumb Code     0  keil_startup_lpc18xx43xx.o(.text)
    FLASHEEPROM_IRQHandler                   0x10000145   Thumb Code     0  keil_startup_lpc18xx43xx.o(.text)
    GINT0_IRQHandler                         0x10000145   Thumb Code     0  keil_startup_lpc18xx43xx.o(.text)
    GINT1_IRQHandler                         0x10000145   Thumb Code     0  keil_startup_lpc18xx43xx.o(.text)
    GPIO1_IRQHandler                         0x10000145   Thumb Code     0  keil_startup_lpc18xx43xx.o(.text)
    GPIO2_IRQHandler                         0x10000145   Thumb Code     0  keil_startup_lpc18xx43xx.o(.text)
    GPIO3_IRQHandler                         0x10000145   Thumb Code     0  keil_startup_lpc18xx43xx.o(.text)
    GPIO4_IRQHandler                         0x10000145   Thumb Code     0  keil_startup_lpc18xx43xx.o(.text)
    GPIO5_IRQHandler                         0x10000145   Thumb Code     0  keil_startup_lpc18xx43xx.o(.text)
    GPIO6_IRQHandler                         0x10000145   Thumb Code     0  keil_startup_lpc18xx43xx.o(.text)
    GPIO7_IRQHandler                         0x10000145   Thumb Code     0  keil_startup_lpc18xx43xx.o(.text)
    I2C0_IRQHandler                          0x10000145   Thumb Code     0  keil_startup_lpc18xx43xx.o(.text)
    I2C1_IRQHandler                          0x10000145   Thumb Code     0  keil_startup_lpc18xx43xx.o(.text)
    I2S0_IRQHandler                          0x10000145   Thumb Code     0  keil_startup_lpc18xx43xx.o(.text)
    I2S1_IRQHandler                          0x10000145   Thumb Code     0  keil_startup_lpc18xx43xx.o(.text)
    LCD_IRQHandler                           0x10000145   Thumb Code     0  keil_startup_lpc18xx43xx.o(.text)
    MCPWM_IRQHandler                         0x10000145   Thumb Code     0  keil_startup_lpc18xx43xx.o(.text)
    MX_CORE_IRQHandler                       0x10000145   Thumb Code     0  keil_startup_lpc18xx43xx.o(.text)
    QEI_IRQHandler                           0x10000145   Thumb Code     0  keil_startup_lpc18xx43xx.o(.text)
    RIT_IRQHandler                           0x10000145   Thumb Code     0  keil_startup_lpc18xx43xx.o(.text)
    RTC_IRQHandler                           0x10000145   Thumb Code     0  keil_startup_lpc18xx43xx.o(.text)
    SCT_IRQHandler                           0x10000145   Thumb Code     0  keil_startup_lpc18xx43xx.o(.text)
    SDIO_IRQHandler                          0x10000145   Thumb Code     0  keil_startup_lpc18xx43xx.o(.text)
    SGPIO_IRQHandler                         0x10000145   Thumb Code     0  keil_startup_lpc18xx43xx.o(.text)
    SPIFI_IRQHandler                         0x10000145   Thumb Code     0  keil_startup_lpc18xx43xx.o(.text)
    SPI_IRQHandler                           0x10000145   Thumb Code     0  keil_startup_lpc18xx43xx.o(.text)
    SSP0_IRQHandler                          0x10000145   Thumb Code     0  keil_startup_lpc18xx43xx.o(.text)
    SSP1_IRQHandler                          0x10000145   Thumb Code     0  keil_startup_lpc18xx43xx.o(.text)
    TIMER0_IRQHandler                        0x10000145   Thumb Code     0  keil_startup_lpc18xx43xx.o(.text)
    TIMER1_IRQHandler                        0x10000145   Thumb Code     0  keil_startup_lpc18xx43xx.o(.text)
    TIMER2_IRQHandler                        0x10000145   Thumb Code     0  keil_startup_lpc18xx43xx.o(.text)
    TIMER3_IRQHandler                        0x10000145   Thumb Code     0  keil_startup_lpc18xx43xx.o(.text)
    UART0_IRQHandler                         0x10000145   Thumb Code     0  keil_startup_lpc18xx43xx.o(.text)
    UART1_IRQHandler                         0x10000145   Thumb Code     0  keil_startup_lpc18xx43xx.o(.text)
    UART2_IRQHandler                         0x10000145   Thumb Code     0  keil_startup_lpc18xx43xx.o(.text)
    UART3_IRQHandler                         0x10000145   Thumb Code     0  keil_startup_lpc18xx43xx.o(.text)
    VADC_IRQHandler                          0x10000145   Thumb Code     0  keil_startup_lpc18xx43xx.o(.text)
    WDT_IRQHandler                           0x10000145   Thumb Code     0  keil_startup_lpc18xx43xx.o(.text)
    __aeabi_memset                           0x10000151   Thumb Code    14  memseta.o(.text)
    __aeabi_memset4                          0x10000151   Thumb Code     0  memseta.o(.text)
    __aeabi_memset8                          0x10000151   Thumb Code     0  memseta.o(.text)
    __aeabi_memclr                           0x1000015f   Thumb Code     4  memseta.o(.text)
    __aeabi_memclr4                          0x1000015f   Thumb Code     0  memseta.o(.text)
    __aeabi_memclr8                          0x1000015f   Thumb Code     0  memseta.o(.text)
    _memset$wrapper                          0x10000163   Thumb Code    18  memseta.o(.text)
    __scatterload                            0x10000175   Thumb Code    28  init.o(.text)
    __scatterload_rt2                        0x10000175   Thumb Code     0  init.o(.text)
    __decompress                             0x10000199   Thumb Code     0  __dczerorl2.o(.text)
    __decompress1                            0x10000199   Thumb Code    92  __dczerorl2.o(.text)
    Audio_Device_ConfigureEndpoints          0x100001f5   Thumb Code    76  audioclassdevice.o(i.Audio_Device_ConfigureEndpoints)
    Audio_Device_Event_Stub                  0x10000241   Thumb Code     2  audioclassdevice.o(i.Audio_Device_Event_Stub)
    EVENT_Audio_Device_StreamStartStop       0x10000241   Thumb Code     0  audioclassdevice.o(i.Audio_Device_Event_Stub)
    Audio_Device_ProcessControlRequest       0x10000245   Thumb Code   586  audioclassdevice.o(i.Audio_Device_ProcessControlRequest)
    Board_Buttons_Init                       0x100004bd   Thumb Code    28  board_ngx_xplorer_18304330.o(i.Board_Buttons_Init)
    Board_Init                               0x100004dd   Thumb Code    92  board_ngx_xplorer_18304330.o(i.Board_Init)
    Board_LED_Set                            0x1000053d   Thumb Code    20  board_ngx_xplorer_18304330.o(i.Board_LED_Set)
    Buttons_GetStatus                        0x10000555   Thumb Code    22  board_ngx_xplorer_18304330.o(i.Buttons_GetStatus)
    CALLBACK_Audio_Device_GetSetEndpointProperty 0x10000571   Thumb Code    98  audioinput.o(i.CALLBACK_Audio_Device_GetSetEndpointProperty)
    CALLBACK_HAL_GetISOBufferAddress         0x100005d9   Thumb Code    22  audioinput.o(i.CALLBACK_HAL_GetISOBufferAddress)
    CALLBACK_USB_GetDescriptor               0x100005f9   Thumb Code    70  descriptors.o(i.CALLBACK_USB_GetDescriptor)
    Chip_Clock_DisableMainPLL                0x10000661   Thumb Code    12  clock_18xx_43xx.o(i.Chip_Clock_DisableMainPLL)
    Chip_Clock_EnableBaseClock               0x10000671   Thumb Code    20  clock_18xx_43xx.o(i.Chip_Clock_EnableBaseClock)
    Chip_Clock_EnableCrystal                 0x10000689   Thumb Code    24  clock_18xx_43xx.o(i.Chip_Clock_EnableCrystal)
    Chip_Clock_EnableOpts                    0x100006a5   Thumb Code    48  clock_18xx_43xx.o(i.Chip_Clock_EnableOpts)
    Chip_Clock_EnablePLL                     0x100006dd   Thumb Code    16  clock_18xx_43xx.o(i.Chip_Clock_EnablePLL)
    Chip_Clock_GetBaseClock                  0x100006f1   Thumb Code    26  clock_18xx_43xx.o(i.Chip_Clock_GetBaseClock)
    Chip_Clock_GetBaseClocktHz               0x10000711   Thumb Code    14  clock_18xx_43xx.o(i.Chip_Clock_GetBaseClocktHz)
    Chip_Clock_GetClockInputHz               0x10000721   Thumb Code    78  clock_18xx_43xx.o(i.Chip_Clock_GetClockInputHz)
    Chip_Clock_GetDividerDivisor             0x100007a1   Thumb Code    14  clock_18xx_43xx.o(i.Chip_Clock_GetDividerDivisor)
    Chip_Clock_GetDividerSource              0x100007b5   Thumb Code    22  clock_18xx_43xx.o(i.Chip_Clock_GetDividerSource)
    Chip_Clock_GetMainPLLHz                  0x100007d1   Thumb Code    84  clock_18xx_43xx.o(i.Chip_Clock_GetMainPLLHz)
    Chip_Clock_GetPLLStatus                  0x1000082d   Thumb Code    10  clock_18xx_43xx.o(i.Chip_Clock_GetPLLStatus)
    Chip_Clock_GetRate                       0x1000083d   Thumb Code   112  clock_18xx_43xx.o(i.Chip_Clock_GetRate)
    Chip_Clock_SetBaseClock                  0x100008b9   Thumb Code    48  clock_18xx_43xx.o(i.Chip_Clock_SetBaseClock)
    Chip_Clock_SetDivider                    0x100008f1   Thumb Code    42  clock_18xx_43xx.o(i.Chip_Clock_SetDivider)
    Chip_Clock_SetupMainPLLHz                0x10000925   Thumb Code   130  clock_18xx_43xx.o(i.Chip_Clock_SetupMainPLLHz)
    Chip_Clock_SetupMainPLLMult              0x100009a9   Thumb Code   108  clock_18xx_43xx.o(i.Chip_Clock_SetupMainPLLMult)
    Chip_Clock_SetupPLL                      0x10000a25   Thumb Code    30  clock_18xx_43xx.o(i.Chip_Clock_SetupPLL)
    DcdDataTransfer                          0x10000a99   Thumb Code   258  endpoint_lpc18xx.o(i.DcdDataTransfer)
    DcdInsertTD                              0x10000ba5   Thumb Code    14  endpoint_lpc18xx.o(i.DcdInsertTD)
    DcdIrqHandler                            0x10000bb5   Thumb Code   284  endpoint_lpc18xx.o(i.DcdIrqHandler)
    DcdPrepareTD                             0x10000cf1   Thumb Code    62  endpoint_lpc18xx.o(i.DcdPrepareTD)
    Dummy_EVENT_USB_Device_TransferComplete  0x10000d2f   Thumb Code     2  endpoint_lpc18xx.o(i.Dummy_EVENT_USB_Device_TransferComplete)
    EVENT_USB_Device_TransferComplete        0x10000d2f   Thumb Code     0  endpoint_lpc18xx.o(i.Dummy_EVENT_USB_Device_TransferComplete)
    EVENT_USB_Device_ConfigurationChanged    0x10000d31   Thumb Code     6  audioinput.o(i.EVENT_USB_Device_ConfigurationChanged)
    EVENT_USB_Device_ControlRequest          0x10000d3d   Thumb Code     6  audioinput.o(i.EVENT_USB_Device_ControlRequest)
    Endpoint_ClearStatusStage                0x10000d49   Thumb Code   168  endpoint.o(i.Endpoint_ClearStatusStage)
    Endpoint_ConfigureEndpoint               0x10000e09   Thumb Code   264  endpoint_lpc18xx.o(i.Endpoint_ConfigureEndpoint)
    Endpoint_GetSetupPackage                 0x10000f21   Thumb Code    26  endpoint_lpc18xx.o(i.Endpoint_GetSetupPackage)
    Endpoint_Read_Control_Stream_LE          0x10000f41   Thumb Code   152  endpointstream.o(i.Endpoint_Read_Control_Stream_LE)
    Endpoint_Read_Stream_LE                  0x10000ff5   Thumb Code   144  endpointstream.o(i.Endpoint_Read_Stream_LE)
    Endpoint_Streaming                       0x100010a1   Thumb Code   250  endpoint_lpc18xx.o(i.Endpoint_Streaming)
    Endpoint_Write_Control_Stream_LE         0x100011b5   Thumb Code    84  endpointstream.o(i.Endpoint_Write_Control_Stream_LE)
    Endpoint_Write_Stream_LE                 0x10001229   Thumb Code   150  endpointstream.o(i.Endpoint_Write_Stream_LE)
    GPIO0_IRQHandler                         0x100012e1   Thumb Code    44  board_ngx_xplorer_18304330.o(i.GPIO0_IRQHandler)
    HAL_EnableUSBInterrupt                   0x10001315   Thumb Code    28  hal_lpc18xx.o(i.HAL_EnableUSBInterrupt)
    HAL_Reset                                0x10001331   Thumb Code   248  endpoint_lpc18xx.o(i.HAL_Reset)
    HAL_USBConnect                           0x10001459   Thumb Code    30  hal_lpc18xx.o(i.HAL_USBConnect)
    HAL_USBInit                              0x1000147d   Thumb Code   162  hal_lpc18xx.o(i.HAL_USBInit)
    SystemCoreClockUpdate                    0x10001539   Thumb Code    14  board_ngx_xplorer_18304330.o(i.SystemCoreClockUpdate)
    SystemInit                               0x1000154d   Thumb Code    52  sysinit_ngx_xplorer_18304330.o(i.SystemInit)
    TransferCompleteISR                      0x10001685   Thumb Code   418  endpoint_lpc18xx.o(i.TransferCompleteISR)
    USB0_IRQHandler                          0x1000183d   Thumb Code    18  hal_lpc18xx.o(i.USB0_IRQHandler)
    USB1_IRQHandler                          0x10001855   Thumb Code    16  hal_lpc18xx.o(i.USB1_IRQHandler)
    USB_Device_ProcessControlRequest         0x10001c65   Thumb Code   222  devicestandardreq.o(i.USB_Device_ProcessControlRequest)
    EVENT_USB_Device_Reset                   0x10001e69   Thumb Code     0  events.o(i.USB_Event_Stub)
    EVENT_USB_Device_StartOfFrame            0x10001e69   Thumb Code     0  events.o(i.USB_Event_Stub)
    EVENT_USB_Device_Suspend                 0x10001e69   Thumb Code     0  events.o(i.USB_Event_Stub)
    EVENT_USB_Device_WakeUp                  0x10001e69   Thumb Code     0  events.o(i.USB_Event_Stub)
    USB_Event_Stub                           0x10001e69   Thumb Code     2  events.o(i.USB_Event_Stub)
    USB_Init                                 0x10001e6d   Thumb Code    32  usbcontroller.o(i.USB_Init)
    USB_ResetInterface                       0x10001e95   Thumb Code    62  usbcontroller.o(i.USB_ResetInterface)
    USB_USBTask                              0x10001ee5   Thumb Code    42  usbtask.o(i.USB_USBTask)
    __scatterload_copy                       0x10001f1d   Thumb Code    14  handlers.o(i.__scatterload_copy)
    __scatterload_null                       0x10001f2b   Thumb Code     2  handlers.o(i.__scatterload_null)
    __scatterload_zeroinit                   0x10001f2d   Thumb Code    14  handlers.o(i.__scatterload_zeroinit)
    fpuInit                                  0x10001f3d   Thumb Code    46  fpu_init.o(i.fpuInit)
    free                                     0x10001f79   Thumb Code    76  malloc.o(i.free)
    main                                     0x10001fc9   Thumb Code    82  audioinput.o(i.main)
    malloc                                   0x10002025   Thumb Code    92  malloc.o(i.malloc)
    USB_REG_BASE_ADDR                        0x10002154   Data           8  hal_lpc18xx.o(.constdata)
    dQueueHead                               0x1000215c   Data           8  endpoint_lpc18xx.o(.constdata)
    dTransferDescriptor                      0x10002164   Data           8  endpoint_lpc18xx.o(.constdata)
    dStreamTD_Tbl                            0x1000216c   Data           8  endpoint_lpc18xx.o(.constdata)
    Region$$Table$$Base                      0x1000218c   Number         0  anon$$obj.o(Region$$Table)
    Region$$Table$$Limit                     0x100021ac   Number         0  anon$$obj.o(Region$$Table)
    CurrentAudioSampleFrequency              0x10080000   Data           4  audioinput.o(.data)
    sample_buffer_size                       0x10080004   Data           4  audioinput.o(.data)
    Microphone_Audio_Interface               0x10080008   Data          14  audioinput.o(.data)
    LanguageStringPtr                        0x10080018   Data           4  descriptors.o(.data)
    ManufacturerStringPtr                    0x1008001c   Data           4  descriptors.o(.data)
    ProductStringPtr                         0x10080020   Data           4  descriptors.o(.data)
    DeviceDescriptor                         0x10080024   Data          18  descriptors.o(.data)
    ConfigurationDescriptor                  0x10080036   Data         113  descriptors.o(.data)
    LanguageString                           0x100800a7   Data           4  descriptors.o(.data)
    ManufacturerString                       0x100800ab   Data           8  descriptors.o(.data)
    ProductString                            0x100800b3   Data          54  descriptors.o(.data)
    USB_CurrentMode                          0x100800e9   Data           2  usbcontroller.o(.data)
    USB_IsInitialized                        0x100800eb   Data           1  usbtask.o(.data)
    USB_ControlRequest                       0x100800ec   Data           8  usbtask.o(.data)
    USB_DeviceState                          0x100800f4   Data           2  usbtask.o(.data)
    SystemCoreClock                          0x1008010c   Data           4  board_ngx_xplorer_18304330.o(.data)
    USB_Device_ConfigurationNumber           0x10080110   Data           1  devicestandardreq.o(.data)
    USB_Device_CurrentlySelfPowered          0x10080111   Data           1  devicestandardreq.o(.data)
    USB_Device_RemoteWakeupEnabled           0x10080112   Data           1  devicestandardreq.o(.data)
    usb_data_buffer_size                     0x10080114   Data           8  endpoint.o(.data)
    endpointselected                         0x1008011c   Data           2  endpoint.o(.data)
    endpointhandle1                          0x1008011e   Data           4  endpoint.o(.data)
    endpointhandle0                          0x10080122   Data           6  endpoint.o(.data)
    usb_data_buffer_index                    0x10080128   Data           8  endpoint.o(.data)
    usb_data_buffer_OUT_index                0x10080130   Data           8  endpoint.o(.data)
    usb_data_buffer_IN_index                 0x10080138   Data           8  endpoint.o(.data)
    usb_data_buffer_OUT_size                 0x10080140   Data           8  endpoint.o(.data)
    __microlib_freelist                      0x1008014c   Data           4  mvars.o(.data)
    __microlib_freelist_initialised          0x10080150   Data           4  mvars.o(.data)
    sample_buffer                            0x10080154   Data        1024  audioinput.o(.bss)
    usb_data_buffer                          0x10080580   Data        1024  endpoint.o(.bss)
    usb_data_buffer_IN                       0x10080980   Data        1024  endpoint.o(.bss)
    usb_data_buffer_OUT                      0x10080d80   Data        1024  endpoint.o(.bss)
    dQueueHead0                              0x10081800   Data         768  endpoint_lpc18xx.o(.bss)
    dQueueHead1                              0x10082000   Data         512  endpoint_lpc18xx.o(.bss)
    dTransferDescriptor0                     0x10082200   Data         384  endpoint_lpc18xx.o(.bss)
    dTransferDescriptor1                     0x10082380   Data         256  endpoint_lpc18xx.o(.bss)
    dStreamTD0                               0x10082480   Data         512  endpoint_lpc18xx.o(.bss)
    dStreamTD1                               0x10082680   Data         512  endpoint_lpc18xx.o(.bss)
    iso_buffer                               0x10082880   Data         512  endpoint_lpc18xx.o(.bss)
    __heap_base                              0x10082ab0   Data           0  keil_startup_lpc18xx43xx.o(HEAP)
    __heap_limit                             0x10083ab0   Data           0  keil_startup_lpc18xx43xx.o(HEAP)
    __initial_sp                             0x10083cb0   Data           0  keil_startup_lpc18xx43xx.o(STACK)



==============================================================================

Memory Map of the image

  Image Entry point : 0x10000115

  Load Region LR_IROM1 (Base: 0x10000000, Size: 0x00002300, Max: 0x00018000, ABSOLUTE, COMPRESSED[0x00002260])

    Execution Region ER_IROM1 (Base: 0x10000000, Size: 0x000021ac, Max: 0x00018000, ABSOLUTE)

    Base Addr    Size         Type   Attr      Idx    E Section Name        Object

    0x10000000   0x00000114   Data   RO          623    RESET               keil_startup_lpc18xx43xx.o
    0x10000114   0x00000000   Code   RO         3370  * .ARM.Collect$$$$00000000  mc_w.l(entry.o)
    0x10000114   0x00000004   Code   RO         3405    .ARM.Collect$$$$00000001  mc_w.l(entry2.o)
    0x10000118   0x00000004   Code   RO         3408    .ARM.Collect$$$$00000004  mc_w.l(entry5.o)
    0x1000011c   0x00000000   Code   RO         3410    .ARM.Collect$$$$00000008  mc_w.l(entry7b.o)
    0x1000011c   0x00000000   Code   RO         3412    .ARM.Collect$$$$0000000A  mc_w.l(entry8b.o)
    0x1000011c   0x00000008   Code   RO         3413    .ARM.Collect$$$$0000000B  mc_w.l(entry9a.o)
    0x10000124   0x00000000   Code   RO         3415    .ARM.Collect$$$$0000000D  mc_w.l(entry10a.o)
    0x10000124   0x00000000   Code   RO         3417    .ARM.Collect$$$$0000000F  mc_w.l(entry11a.o)
    0x10000124   0x00000004   Code   RO         3406    .ARM.Collect$$$$00002712  mc_w.l(entry2.o)
    0x10000128   0x00000028   Code   RO          624    .text               keil_startup_lpc18xx43xx.o
    0x10000150   0x00000024   Code   RO         3375    .text               mc_w.l(memseta.o)
    0x10000174   0x00000024   Code   RO         3429    .text               mc_w.l(init.o)
    0x10000198   0x0000005c   Code   RO         3439    .text               mc_w.l(__dczerorl2.o)
    0x100001f4   0x0000004c   Code   RO          630    i.Audio_Device_ConfigureEndpoints  usb_43xx.lib(audioclassdevice.o)
    0x10000240   0x00000002   Code   RO          631    i.Audio_Device_Event_Stub  usb_43xx.lib(audioclassdevice.o)
    0x10000242   0x00000002   PAD
    0x10000244   0x00000278   Code   RO          632    i.Audio_Device_ProcessControlRequest  usb_43xx.lib(audioclassdevice.o)
    0x100004bc   0x00000020   Code   RO         1167    i.Board_Buttons_Init  lib_4330.lib(board_ngx_xplorer_18304330.o)
    0x100004dc   0x00000060   Code   RO         1172    i.Board_Init        lib_4330.lib(board_ngx_xplorer_18304330.o)
    0x1000053c   0x00000018   Code   RO         1174    i.Board_LED_Set     lib_4330.lib(board_ngx_xplorer_18304330.o)
    0x10000554   0x0000001c   Code   RO         1182    i.Buttons_GetStatus  lib_4330.lib(board_ngx_xplorer_18304330.o)
    0x10000570   0x00000068   Code   RO            5    i.CALLBACK_Audio_Device_GetSetEndpointProperty  audioinput.o
    0x100005d8   0x00000020   Code   RO            7    i.CALLBACK_HAL_GetISOBufferAddress  audioinput.o
    0x100005f8   0x0000004c   Code   RO          488    i.CALLBACK_USB_GetDescriptor  descriptors.o
    0x10000644   0x0000001c   Code   RO         1964    i.Chip_CREG_EnableUSB0Phy  usb_43xx.lib(hal_lpc18xx.o)
    0x10000660   0x00000010   Code   RO         2574    i.Chip_Clock_DisableMainPLL  lib_4330.lib(clock_18xx_43xx.o)
    0x10000670   0x00000018   Code   RO         2577    i.Chip_Clock_EnableBaseClock  lib_4330.lib(clock_18xx_43xx.o)
    0x10000688   0x0000001c   Code   RO         2578    i.Chip_Clock_EnableCrystal  lib_4330.lib(clock_18xx_43xx.o)
    0x100006a4   0x00000038   Code   RO         2580    i.Chip_Clock_EnableOpts  lib_4330.lib(clock_18xx_43xx.o)
    0x100006dc   0x00000014   Code   RO         2581    i.Chip_Clock_EnablePLL  lib_4330.lib(clock_18xx_43xx.o)
    0x100006f0   0x00000020   Code   RO         2582    i.Chip_Clock_GetBaseClock  lib_4330.lib(clock_18xx_43xx.o)
    0x10000710   0x0000000e   Code   RO         2584    i.Chip_Clock_GetBaseClocktHz  lib_4330.lib(clock_18xx_43xx.o)
    0x1000071e   0x00000002   PAD
    0x10000720   0x0000005c   Code   RO         2585    i.Chip_Clock_GetClockInputHz  lib_4330.lib(clock_18xx_43xx.o)
    0x1000077c   0x00000022   Code   RO         2586    i.Chip_Clock_GetDivRate  lib_4330.lib(clock_18xx_43xx.o)
    0x1000079e   0x00000002   PAD
    0x100007a0   0x00000014   Code   RO         2587    i.Chip_Clock_GetDividerDivisor  lib_4330.lib(clock_18xx_43xx.o)
    0x100007b4   0x0000001c   Code   RO         2588    i.Chip_Clock_GetDividerSource  lib_4330.lib(clock_18xx_43xx.o)
    0x100007d0   0x0000005c   Code   RO         2589    i.Chip_Clock_GetMainPLLHz  lib_4330.lib(clock_18xx_43xx.o)
    0x1000082c   0x00000010   Code   RO         2590    i.Chip_Clock_GetPLLStatus  lib_4330.lib(clock_18xx_43xx.o)
    0x1000083c   0x0000007c   Code   RO         2591    i.Chip_Clock_GetRate  lib_4330.lib(clock_18xx_43xx.o)
    0x100008b8   0x00000038   Code   RO         2594    i.Chip_Clock_SetBaseClock  lib_4330.lib(clock_18xx_43xx.o)
    0x100008f0   0x00000034   Code   RO         2595    i.Chip_Clock_SetDivider  lib_4330.lib(clock_18xx_43xx.o)
    0x10000924   0x00000082   Code   RO         2596    i.Chip_Clock_SetupMainPLLHz  lib_4330.lib(clock_18xx_43xx.o)
    0x100009a6   0x00000002   PAD
    0x100009a8   0x0000007c   Code   RO         2597    i.Chip_Clock_SetupMainPLLMult  lib_4330.lib(clock_18xx_43xx.o)
    0x10000a24   0x00000024   Code   RO         2598    i.Chip_Clock_SetupPLL  lib_4330.lib(clock_18xx_43xx.o)
    0x10000a48   0x00000018   Code   RO         2600    i.Chip_Clock_TestMainPLLMultiplier  lib_4330.lib(clock_18xx_43xx.o)
    0x10000a60   0x0000000e   Code   RO         1184    i.Chip_GPIO_ReadPortBit  lib_4330.lib(board_ngx_xplorer_18304330.o)
    0x10000a6e   0x0000001a   Code   RO         1185    i.Chip_GPIO_WriteDirBit  lib_4330.lib(board_ngx_xplorer_18304330.o)
    0x10000a88   0x00000010   Code   RO         1186    i.Chip_SCU_PinMuxSet  lib_4330.lib(board_ngx_xplorer_18304330.o)
    0x10000a98   0x0000010c   Code   RO         2174    i.DcdDataTransfer   usb_43xx.lib(endpoint_lpc18xx.o)
    0x10000ba4   0x0000000e   Code   RO         2175    i.DcdInsertTD       usb_43xx.lib(endpoint_lpc18xx.o)
    0x10000bb2   0x00000002   PAD
    0x10000bb4   0x0000013c   Code   RO         2176    i.DcdIrqHandler     usb_43xx.lib(endpoint_lpc18xx.o)
    0x10000cf0   0x0000003e   Code   RO         2177    i.DcdPrepareTD      usb_43xx.lib(endpoint_lpc18xx.o)
    0x10000d2e   0x00000002   Code   RO         2179    i.Dummy_EVENT_USB_Device_TransferComplete  usb_43xx.lib(endpoint_lpc18xx.o)
    0x10000d30   0x0000000c   Code   RO            8    i.EVENT_USB_Device_ConfigurationChanged  audioinput.o
    0x10000d3c   0x0000000c   Code   RO           10    i.EVENT_USB_Device_ControlRequest  audioinput.o
    0x10000d48   0x000000c0   Code   RO         1819    i.Endpoint_ClearStatusStage  usb_43xx.lib(endpoint.o)
    0x10000e08   0x00000118   Code   RO         2180    i.Endpoint_ConfigureEndpoint  usb_43xx.lib(endpoint_lpc18xx.o)
    0x10000f20   0x00000020   Code   RO         2181    i.Endpoint_GetSetupPackage  usb_43xx.lib(endpoint_lpc18xx.o)
    0x10000f40   0x000000b4   Code   RO         1883    i.Endpoint_Read_Control_Stream_LE  usb_43xx.lib(endpointstream.o)
    0x10000ff4   0x000000ac   Code   RO         1885    i.Endpoint_Read_Stream_LE  usb_43xx.lib(endpointstream.o)
    0x100010a0   0x00000114   Code   RO         2182    i.Endpoint_Streaming  usb_43xx.lib(endpoint_lpc18xx.o)
    0x100011b4   0x00000074   Code   RO         1887    i.Endpoint_Write_Control_Stream_LE  usb_43xx.lib(endpointstream.o)
    0x10001228   0x000000b8   Code   RO         1889    i.Endpoint_Write_Stream_LE  usb_43xx.lib(endpointstream.o)
    0x100012e0   0x00000034   Code   RO         1187    i.GPIO0_IRQHandler  lib_4330.lib(board_ngx_xplorer_18304330.o)
    0x10001314   0x0000001c   Code   RO         1966    i.HAL_EnableUSBInterrupt  usb_43xx.lib(hal_lpc18xx.o)
    0x10001330   0x00000128   Code   RO         2183    i.HAL_Reset         usb_43xx.lib(endpoint_lpc18xx.o)
    0x10001458   0x00000024   Code   RO         1967    i.HAL_USBConnect    usb_43xx.lib(hal_lpc18xx.o)
    0x1000147c   0x000000bc   Code   RO         1969    i.HAL_USBInit       usb_43xx.lib(hal_lpc18xx.o)
    0x10001538   0x00000014   Code   RO         1190    i.SystemCoreClockUpdate  lib_4330.lib(board_ngx_xplorer_18304330.o)
    0x1000154c   0x00000044   Code   RO         1640    i.SystemInit        lib_4330.lib(sysinit_ngx_xplorer_18304330.o)
    0x10001590   0x000000f4   Code   RO         1641    i.SystemSetupClocking  lib_4330.lib(sysinit_ngx_xplorer_18304330.o)
    0x10001684   0x000001b8   Code   RO         2184    i.TransferCompleteISR  usb_43xx.lib(endpoint_lpc18xx.o)
    0x1000183c   0x00000018   Code   RO         1970    i.USB0_IRQHandler   usb_43xx.lib(hal_lpc18xx.o)
    0x10001854   0x00000014   Code   RO         1971    i.USB1_IRQHandler   usb_43xx.lib(hal_lpc18xx.o)
    0x10001868   0x00000120   Code   RO         1746    i.USB_Device_ClearSetFeature  usb_43xx.lib(devicestandardreq.o)
    0x10001988   0x000000d0   Code   RO         1747    i.USB_Device_GetConfiguration  usb_43xx.lib(devicestandardreq.o)
    0x10001a58   0x000000b0   Code   RO         1748    i.USB_Device_GetDescriptor  usb_43xx.lib(devicestandardreq.o)
    0x10001b08   0x0000015c   Code   RO         1749    i.USB_Device_GetStatus  usb_43xx.lib(devicestandardreq.o)
    0x10001c64   0x000000f8   Code   RO         1750    i.USB_Device_ProcessControlRequest  usb_43xx.lib(devicestandardreq.o)
    0x10001d5c   0x000000b0   Code   RO         1751    i.USB_Device_SetAddress  usb_43xx.lib(devicestandardreq.o)
    0x10001e0c   0x0000005c   Code   RO         1752    i.USB_Device_SetConfiguration  usb_43xx.lib(devicestandardreq.o)
    0x10001e68   0x00000002   Code   RO         2994    i.USB_Event_Stub    usb_43xx.lib(events.o)
    0x10001e6a   0x00000002   PAD
    0x10001e6c   0x00000028   Code   RO         1021    i.USB_Init          usb_43xx.lib(usbcontroller.o)
    0x10001e94   0x00000050   Code   RO         1022    i.USB_ResetInterface  usb_43xx.lib(usbcontroller.o)
    0x10001ee4   0x00000038   Code   RO         1126    i.USB_USBTask       usb_43xx.lib(usbtask.o)
    0x10001f1c   0x0000000e   Code   RO         3433    i.__scatterload_copy  mc_w.l(handlers.o)
    0x10001f2a   0x00000002   Code   RO         3434    i.__scatterload_null  mc_w.l(handlers.o)
    0x10001f2c   0x0000000e   Code   RO         3435    i.__scatterload_zeroinit  mc_w.l(handlers.o)
    0x10001f3a   0x00000002   PAD
    0x10001f3c   0x0000003c   Code   RO         2413    i.fpuInit           lib_4330.lib(fpu_init.o)
    0x10001f78   0x00000050   Code   RO         3377    i.free              mc_w.l(malloc.o)
    0x10001fc8   0x0000005c   Code   RO           12    i.main              audioinput.o
    0x10002024   0x0000006c   Code   RO         3378    i.malloc            mc_w.l(malloc.o)
    0x10002090   0x000000c4   Data   RO         1642    .constdata          lib_4330.lib(sysinit_ngx_xplorer_18304330.o)
    0x10002154   0x00000008   Data   RO         1972    .constdata          usb_43xx.lib(hal_lpc18xx.o)
    0x1000215c   0x00000018   Data   RO         2192    .constdata          usb_43xx.lib(endpoint_lpc18xx.o)
    0x10002174   0x00000018   Data   RO         2601    .constdata          lib_4330.lib(clock_18xx_43xx.o)
    0x1000218c   0x00000020   Data   RO         3431    Region$$Table       anon$$obj.o


    Execution Region RW_IRAM1 (Base: 0x10080000, Size: 0x00003cb0, Max: 0x0000a000, ABSOLUTE, COMPRESSED[0x000000b4])

    Base Addr    Size         Type   Attr      Idx    E Section Name        Object

    0x10080000   0x00000016   Data   RW           14    .data               audioinput.o
    0x10080016   0x00000002   PAD
    0x10080018   0x0000008f   Data   RW          489    .data               descriptors.o
    0x100800a7   0x00000004   Data   RW          490    .data               descriptors.o
    0x100800ab   0x00000008   Data   RW          491    .data               descriptors.o
    0x100800b3   0x00000036   Data   RW          492    .data               descriptors.o
    0x100800e9   0x00000002   Data   RW         1024    .data               usb_43xx.lib(usbcontroller.o)
    0x100800eb   0x00000001   Data   RW         1127    .data               usb_43xx.lib(usbtask.o)
    0x100800ec   0x00000008   Data   RW         1128    .data               usb_43xx.lib(usbtask.o)
    0x100800f4   0x00000002   Data   RW         1129    .data               usb_43xx.lib(usbtask.o)
    0x100800f6   0x00000002   PAD
    0x100800f8   0x00000018   Data   RW         1200    .data               lib_4330.lib(board_ngx_xplorer_18304330.o)
    0x10080110   0x00000003   Data   RW         1753    .data               usb_43xx.lib(devicestandardreq.o)
    0x10080113   0x00000001   PAD
    0x10080114   0x00000008   Data   RW         1824    .data               usb_43xx.lib(endpoint.o)
    0x1008011c   0x00000024   Data   RW         1825    .data               usb_43xx.lib(endpoint.o)
    0x10080140   0x00000008   Data   RW         1826    .data               usb_43xx.lib(endpoint.o)
    0x10080148   0x00000002   Data   RW         1973    .data               usb_43xx.lib(hal_lpc18xx.o)
    0x1008014a   0x00000002   PAD
    0x1008014c   0x00000004   Data   RW         3427    .data               mc_w.l(mvars.o)
    0x10080150   0x00000004   Data   RW         3428    .data               mc_w.l(mvars.o)
    0x10080154   0x00000400   Zero   RW           13    .bss                audioinput.o
    0x10080554   0x0000002c   PAD
    0x10080580   0x00000800   Zero   RW         1822    .bss                usb_43xx.lib(endpoint.o)
    0x10080d80   0x00000400   Zero   RW         1823    .bss                usb_43xx.lib(endpoint.o)
    0x10081180   0x00000680   PAD
    0x10081800   0x00000300   Zero   RW         2185    .bss                usb_43xx.lib(endpoint_lpc18xx.o)
    0x10081b00   0x00000500   PAD
    0x10082000   0x00000200   Zero   RW         2186    .bss                usb_43xx.lib(endpoint_lpc18xx.o)
    0x10082200   0x00000180   Zero   RW         2187    .bss                usb_43xx.lib(endpoint_lpc18xx.o)
    0x10082380   0x00000100   Zero   RW         2188    .bss                usb_43xx.lib(endpoint_lpc18xx.o)
    0x10082480   0x00000200   Zero   RW         2189    .bss                usb_43xx.lib(endpoint_lpc18xx.o)
    0x10082680   0x00000200   Zero   RW         2190    .bss                usb_43xx.lib(endpoint_lpc18xx.o)
    0x10082880   0x00000230   Zero   RW         2191    .bss                usb_43xx.lib(endpoint_lpc18xx.o)
    0x10082ab0   0x00001000   Zero   RW          622    HEAP                keil_startup_lpc18xx43xx.o
    0x10083ab0   0x00000200   Zero   RW          621    STACK               keil_startup_lpc18xx43xx.o


==============================================================================

Image component sizes


      Code (inc. data)   RO Data    RW Data    ZI Data      Debug   Object Name

       252         38          0         22       1024      23325   audioinput.o
        76          6          0        209          0       2085   descriptors.o
        40         10        276          0       4608        900   keil_startup_lpc18xx43xx.o

    ----------------------------------------------------------------------
       368         54        308        233       5676      26310   Object Totals
         0          0         32          0          0          0   (incl. Generated)
         0          0          0          2         44          0   (incl. Padding)

    ----------------------------------------------------------------------

      Code (inc. data)   RO Data    RW Data    ZI Data      Debug   Library Member Name

       308         36          0         24          0     103191   board_ngx_xplorer_18304330.o
      1018        144         24          0          0      13759   clock_18xx_43xx.o
        60         14          0          0          0       3738   fpu_init.o
       312         42        196          0          0       4837   sysinit_ngx_xplorer_18304330.o
        92          0          0          0          0          0   __dczerorl2.o
         0          0          0          0          0          0   entry.o
         0          0          0          0          0          0   entry10a.o
         0          0          0          0          0          0   entry11a.o
         8          4          0          0          0          0   entry2.o
         4          0          0          0          0          0   entry5.o
         0          0          0          0          0          0   entry7b.o
         0          0          0          0          0          0   entry8b.o
         8          4          0          0          0          0   entry9a.o
        30          0          0          0          0          0   handlers.o
        36          8          0          0          0         68   init.o
       188         20          0          0          0        160   malloc.o
        36          0          0          0          0        108   memseta.o
         0          0          0          8          0          0   mvars.o
       710         46          0          0          0      12666   audioclassdevice.o
      1536        230          0          3          0      16444   devicestandardreq.o
       192         24          0         52       3072       6874   endpoint.o
      1986        160         24          0       3504      16538   endpoint_lpc18xx.o
       652        122          0          0          0      12147   endpointstream.o
         2          0          0          0          0        457   events.o
       324         48          8          2          0      31793   hal_lpc18xx.o
       120         26          0          2          0       3292   usbcontroller.o
        56         14          0         11          0       8598   usbtask.o

    ----------------------------------------------------------------------
      7692        942        252        107       9520     234670   Library Totals
        14          0          0          5       2944          0   (incl. Padding)

    ----------------------------------------------------------------------

      Code (inc. data)   RO Data    RW Data    ZI Data      Debug   Library Name

      1698        236        220         24          0     125525   lib_4330.lib
       402         36          0          8          0        336   mc_w.l
      5578        670         32         70       6576     108809   usb_43xx.lib

    ----------------------------------------------------------------------
      7692        942        252        107       9520     234670   Library Totals

    ----------------------------------------------------------------------

==============================================================================


      Code (inc. data)   RO Data    RW Data    ZI Data      Debug   

      8060        996        560        340      15196     254376   Grand Totals
      8060        996        560        180      15196     254376   ELF Image Totals (compressed)
      8060        996        560        180          0          0   ROM Totals

==============================================================================

    Total RO  Size (Code + RO Data)                 8620 (   8.42kB)
    Total RW  Size (RW Data + ZI Data)             15536 (  15.17kB)
    Total ROM Size (Code + RO Data + RW Data)       8800 (   8.59kB)

==============================================================================

